Command: C:\Espressif\python_env\idf5.5_py3.11_env\Scripts\python.exe C:\Users\User\esp\v5.5.1\esp-idf\tools/idf_monitor.py -p COM3 -b 115200 --toolchain-prefix xtensa-esp32-elf- --target esp32 --revision 0 D:\STIC 1\Week-13-FreeRTOS_Worksheets\08-esp-idf-specific\w08\Core-Pinned\build\Core-Pinned.elf D:\STIC 1\Week-13-FreeRTOS_Worksheets\08-esp-idf-specific\w08\Core-Pinned\build\bootloader\bootloader.elf --force-color -m 'C:\Espressif\python_env\idf5.5_py3.11_env\Scripts\python.exe' 'C:\Users\User\esp\v5.5.1\esp-idf\tools\idf.py'
ï¿½"%=5
I (41) bootï¿½ets Jul 29 2019 12:21:46

rst:0x1 (POWERON_RESET),boot:0x12 (SPI_FAST_FLASH_BOOT)
configsip: 0, SPIWP:0xee
clk_drv:0x00,q_drv:0x00,d_drv:0x00,cs0_drv:0x00,hd_drv:0x00,wp_drv:0x00
mode:DIO, clock div:2
load:0x3fff0030,len:6380
ho 0 tail 12 room 4
load:0x40078000,len:15916
load:0x40080400,len:3860
entry 0x40080638
I (29) boot: ESP-IDF v5.5.1 2nd stage bootloader
I (29) boot: compile time Oct 25 2025 02:05:26
I (29) boot: Multicore bootloader
I (31) boot: chip revision: v3.0
[0;32mI (33) boot.esp32: SPI Speed      : 40MHz[0m
[0;32mI (37) boot.esp32: SPI Mode       : DIO[0m
[0;32mI (41) boot.esp32: SPI Flash Size : 2MB[0m
[0;32mI (44) boot: Enabling RNG early entropy source...[0m
[0;32mI (49) boot: Partition Table:[0m
[0;32mI (51) boot: ## Label            Usage          Type ST Offset   Length[0m
[0;32mI (58) boot:  0 nvs              WiFi data        01 02 00009000 00006000[0m
[0;32mI (64) boot:  1 phy_init         RF data          01 01 0000f000 00001000[0m
[0;32mI (71) boot:  2 factory          factory app      00 00 00010000 00100000[0m
[0;32mI (77) boot: End of partition table[0m
[0;32mI (81) esp_image: segment 0: paddr=00010020 vaddr=3f400020 size=09ad8h ( 39640) map[0m
[0;32mI (102) esp_image: segment 1: paddr=00019b00 vaddr=3ffb0000 size=023d8h (  9176) load[0m
[0;32mI (105) esp_image: segment 2: paddr=0001bee0 vaddr=40080000 size=04138h ( 16696) load[0m
[0;32mI (112) esp_image: segment 3: paddr=00020020 vaddr=400d0020 size=13628h ( 79400) map[0m
[0;32mI (140) esp_image: segment 4: paddr=00033650 vaddr=40084138 size=08f24h ( 36644) load[0m
[0;32mI (155) esp_image: segment 5: paddr=0003c57c vaddr=50000000 size=00020h (    32) load[0m
[0;32mI (161) boot: Loaded app from partition at offset 0x10000[0m
[0;32mI (161) boot: Disabling RNG early entropy source...[0m
[0;32mI (173) cpu_start: Multicore app[0m
[0;32mI (181) cpu_start: Pro cpu start user code[0m
[0;32mI (181) cpu_start: cpu freq: 160000000 Hz[0m
[0;32mI (181) app_init: Application information:[0m
[0;32mI (181) app_init: Project name:     Core-Pinned[0m
[0;32mI (186) app_init: App version:      8e74e47[0m
[0;32mI (189) app_init: Compile time:     Oct 25 2025 02:04:47[0m
[0;32mI (195) app_init: ELF file SHA256:  81fdb8940...[0m
[0;32mI (199) app_init: ESP-IDF:          v5.5.1[0m
[0;32mI (203) efuse_init: Min chip rev:     v0.0[0m
[0;32mI (206) efuse_init: Max chip rev:     v3.99 [0m
[0;32mI (210) efuse_init: Chip rev:         v3.0[0m
[0;32mI (215) heap_init: Initializing. RAM available for dynamic allocation:[0m
[0;32mI (221) heap_init: At 3FFAE6E0 len 00001920 (6 KiB): DRAM[0m
[0;32mI (226) heap_init: At 3FFB2CA0 len 0002D360 (180 KiB): DRAM[0m
[0;32mI (231) heap_init: At 3FFE0440 len 00003AE0 (14 KiB): D/IRAM[0m
[0;32mI (236) heap_init: At 3FFE4350 len 0001BCB0 (111 KiB): D/IRAM[0m
[0;32mI (242) heap_init: At 4008D05C len 00012FA4 (75 KiB): IRAM[0m
[0;32mI (249) spi_flash: detected chip: generic[0m
[0;32mI (251) spi_flash: flash io: dio[0m
[0;33mW (254) spi_flash: Detected size(4096k) larger than the size in the binary image header(2048k). Using the size in the binary image header.[0m
[0;32mI (267) main_task: Started on CPU0[0m
[0;32mI (277) main_task: Calling app_main()[0m
[0;32mI (277) EX2: Exercise 2 - Real-time system[0m

assert failed: prvInitialiseNewTask tasks.c:1111 (uxPriority < ( 25 ))


Backtrace: 0x40085329:0x3ffb3d90 0x400852f1:0x3ffb3db0 0x4008b415:0x3ffb3dd0 0x40086b13:0x3ffb3ef0 0x4008827c:0x3ffb3f20 0x400d60ea:0x3ffb3f60 0x400e2f41:0x3ffb3f90 0x40085cf9:0x3ffb3fc0




ELF file SHA256: 81fdb8940

Rebooting...
ets Jul 29 2019 12:21:46

rst:0xc (SW_CPU_RESET),boot:0x12 (SPI_FAST_FLASH_BOOT)
configsip: 0, SPIWP:0xee
clk_drv:0x00,q_drv:0x00,d_drv:0x00,cs0_drv:0x00,hd_drv:0x00,wp_drv:0x00
mode:DIO, clock div:2
load:0x3fff0030,len:6380
ho 0 tail 12 room 4
load:0x40078000,len:15916
load:0x40080400,len:3860
entry 0x40080638
[0;32mI (29) boot: ESP-IDF v5.5.1 2nd stage bootloader[0m
[0;32mI (29) boot: compile time Oct 25 2025 02:05:26[0m
[0;32mI (29) boot: Multicore bootloader[0m
[0;32mI (31) boot: chip revision: v3.0[0m
[0;32mI (33) boot.esp32: SPI Speed      : 40MHz[0m
[0;32mI (37) boot.esp32: SPI Mode       : DIO[0m
[0;32mI (41) boot.esp32: SPI Flash Size : 2MB[0m
[0;32mI (44) boot: Enabling RNG early entropy source...[0m
[0;32mI (49) boot: Partition Table:[0m
[0;32mI (51) boot: ## Label            Usage          Type ST Offset   Length[0m
[0;32mI (58) boot:  0 nvs              WiFi data        01 02 00009000 00006000[0m
[0;32mI (64) boot:  1 phy_init         RF data          01 01 0000f000 00001000[0m
[0;32mI (71) boot:  2 factory          factory app      00 00 00010000 00100000[0m
[0;32mI (77) boot: End of partition table[0m
[0;32mI (80) esp_image: segment 0: paddr=00010020 vaddr=3f400020 size=09ad8h ( 39640) map[0m
[0;32mI (101) esp_image: segment 1: paddr=00019b00 vaddr=3ffb0000 size=023d8h (  9176) load[0m
[0;32mI (105) esp_image: segment 2: paddr=0001bee0 vaddr=40080000 size=04138h ( 16696) load[0m
[0;32mI (112) esp_image: segment 3: paddr=00020020 vaddr=400d0020 size=13628h ( 79400) map[0m
[0;32mI (140) esp_image: segment 4: paddr=00033650 vaddr=40084138 size=08f24h ( 36644) load[0m
[0;32mI (155) esp_image: segment 5: paddr=0003c57c vaddr=50000000 size=00020h (    32) load[0m
[0;32mI (161) boot: Loaded app from partition at offset 0x10000[0m
[0;32mI (161) boot: Disabling RNG early entropy source...[0m
[0;32mI (173) cpu_start: Multicore app[0m
[0;32mI (181) cpu_start: Pro cpu start user code[0m
[0;32mI (181) cpu_start: cpu freq: 160000000 Hz[0m
[0;32mI (181) app_init: Application information:[0m
[0;32mI (181) app_init: Project name:     Core-Pinned[0m
[0;32mI (185) app_init: App version:      8e74e47[0m
[0;32mI (189) app_init: Compile time:     Oct 25 2025 02:04:47[0m
[0;32mI (194) app_init: ELF file SHA256:  81fdb8940...[0m
[0;32mI (199) app_init: ESP-IDF:          v5.5.1[0m
[0;32mI (202) efuse_init: Min chip rev:     v0.0[0m
[0;32mI (206) efuse_init: Max chip rev:     v3.99 [0m
[0;32mI (210) efuse_init: Chip rev:         v3.0[0m
[0;32mI (214) heap_init: Initializing. RAM available for dynamic allocation:[0m
[0;32mI (221) heap_init: At 3FFAE6E0 len 00001920 (6 KiB): DRAM[0m
[0;32mI (226) heap_init: At 3FFB2CA0 len 0002D360 (180 KiB): DRAM[0m
[0;32mI (231) heap_init: At 3FFE0440 len 00003AE0 (14 KiB): D/IRAM[0m
[0;32mI (236) heap_init: At 3FFE4350 len 0001BCB0 (111 KiB): D/IRAM[0m
[0;32mI (242) heap_init: At 4008D05C len 00012FA4 (75 KiB): IRAM[0m
[0;32mI (248) spi_flash: detected chip: generic[0m
[0;32mI (251) spi_flash: flash io: dio[0m
[0;33mW (254) spi_flash: Detected size(4096k) larger than the size in the binary image header(2048k). Using the size in the binary image header.[0m
[0;32mI (266) main_task: Started on CPU0[0m
[0;32mI (276) main_task: Calling app_main()[0m
[0;32mI (276) EX2: Exercise 2 - Real-time system[0m

assert failed: prvInitialiseNewTask tasks.c:1111 (uxPriority < ( 25 ))


Backtrace: 0x40085329:0x3ffb3d90 0x400852f1:0x3ffb3db0 0x4008b415:0x3ffb3dd0 0x40086b13:0x3ffb3ef0 0x4008827c:0x3ffb3f20 0x400d60ea:0x3ffb3f60 0x400e2f41:0x3ffb3f90 0x40085cf9:0x3ffb3fc0




ELF file SHA256: 81fdb8940

Rebooting...
ets Jul 29 2019 12:21:46

rst:0xc (SW_CPU_RESET),boot:0x12 (SPI_FAST_FLASH_BOOT)
configsip: 0, SPIWP:0xee
clk_drv:0x00,q_drv:0x00,d_drv:0x00,cs0_drv:0x00,hd_drv:0x00,wp_drv:0x00
mode:DIO, clock div:2
load:0x3fff0030,len:6380
ho 0 tail 12 room 4
load:0x40078000,len:15916
load:0x40080400,len:3860
entry 0x40080638
[0;32mI (29) boot: ESP-IDF v5.5.1 2nd stage bootloader[0m
[0;32mI (29) boot: compile time Oct 25 2025 02:05:26[0m
[0;32mI (29) boot: Multicore bootloader[0m
[0;32mI (31) boot: chip revision: v3.0[0m
[0;32mI (33) boot.esp32: SPI Speed      : 40MHz[0m
[0;32mI (37) boot.esp32: SPI Mode       : DIO[0m
[0;32mI (41) boot.esp32: SPI Flash Size : 2MB[0m
[0;32mI (44) boot: Enabling RNG early entropy source...[0m
[0;32mI (49) boot: Partition Table:[0m
[0;32mI (51) boot: ## Label            Usage          Type ST Offset   Length[0m
[0;32mI (58) boot:  0 nvs              WiFi data        01 02 00009000 00006000[0m
[0;32mI (64) boot:  1 phy_init         RF data          01 01 0000f000 00001000[0m
[0;32mI (71) boot:  2 factory          factory app      00 00 00010000 00100000[0m
[0;32mI (77) boot: End of partition table[0m
[0;32mI (80) esp_image: segment 0: paddr=00010020 vaddr=3f400020 size=09ad8h ( 39640) map[0m
[0;32mI (101) esp_image: segment 1: paddr=00019b00 vaddr=3ffb0000 size=023d8h (  9176) load[0m
[0;32mI (105) esp_image: segment 2: paddr=0001bee0 vaddr=40080000 size=04138h ( 16696) load[0m
[0;32mI (112) esp_image: segment 3: paddr=00020020 vaddr=400d0020 size=13628h ( 79400) map[0m
[0;32mI (140) esp_image: segment 4: paddr=00033650 vaddr=40084138 size=08f24h ( 36644) load[0m
[0;32mI (155) esp_image: segment 5: paddr=0003c57c vaddr=50000000 size=00020h (    32) load[0m
[0;32mI (161) boot: Loaded app from partition at offset 0x10000[0m
[0;32mI (161) boot: Disabling RNG early entropy source...[0m
[0;32mI (173) cpu_start: Multicore app[0m
[0;32mI (181) cpu_start: Pro cpu start user code[0m
[0;32mI (181) cpu_start: cpu freq: 160000000 Hz[0m
[0;32mI (181) app_init: Application information:[0m
[0;32mI (181) app_init: Project name:     Core-Pinned[0m
[0;32mI (185) app_init: App version:      8e74e47[0m
[0;32mI (189) app_init: Compile time:     Oct 25 2025 02:04:47[0m
[0;32mI (194) app_init: ELF file SHA256:  81fdb8940...[0m
[0;32mI (199) app_init: ESP-IDF:          v5.5.1[0m
[0;32mI (202) efuse_init: Min chip rev:     v0.0[0m
[0;32mI (206) efuse_init: Max chip rev:     v3.99 [0m
[0;32mI (210) efuse_init: Chip rev:         v3.0[0m
[0;32mI (214) heap_init: Initializing. RAM available for dynamic allocation:[0m
[0;32mI (221) heap_init: At 3FFAE6E0 len 00001920 (6 KiB): DRAM[0m
[0;32mI (226) heap_init: At 3FFB2CA0 len 0002D360 (180 KiB): DRAM[0m
[0;32mI (231) heap_init: At 3FFE0440 len 00003AE0 (14 KiB): D/IRAM[0m
[0;32mI (236) heap_init: At 3FFE4350 len 0001BCB0 (111 KiB): D/IRAM[0m
[0;32mI (242) heap_init: At 4008D05C len 00012FA4 (75 KiB): IRAM[0m
[0;32mI (248) spi_flash: detected chip: generic[0m
[0;32mI (251) spi_flash: flash io: dio[0m
[0;33mW (254) spi_flash: Detected size(4096k) larger than the size in the binary image header(2048k). Using the size in the binary image header.[0m
[0;32mI (266) main_task: Started on CPU0[0m
[0;32mI (276) main_task: Calling app_main()[0m
[0;32mI (276) EX2: Exercise 2 - Real-time system[0m

assert failed: prvInitialiseNewTask tasks.c:1111 (uxPriority < ( 25 ))


Backtrace: 0x40085329:0x3ffb3d90 0x400852f1:0x3ffb3db0 0x4008b415:0x3ffb3dd0 0x40086b13:0x3ffb3ef0 0x4008827c:0x3ffb3f20 0x400d60ea:0x3ffb3f60 0x400e2f41:0x3ffb3f90 0x40085cf9:0x3ffb3fc0




ELF file SHA256: 81fdb8940

Rebooting...
ets Jul 29 2019 12:21:46

rst:0xc (SW_CPU_RESET),boot:0x12 (SPI_FAST_FLASH_BOOT)
configsip: 0, SPIWP:0xee
clk_drv:0x00,q_drv:0x00,d_drv:0x00,cs0_drv:0x00,hd_drv:0x00,wp_drv:0x00
mode:DIO, clock div:2
load:0x3fff0030,len:6380
ho 0 tail 12 room 4
load:0x40078000,len:15916
load:0x40080400,len:3860
entry 0x40080638
[0;32mI (29) boot: ESP-IDF v5.5.1 2nd stage bootloader[0m
[0;32mI (29) boot: compile time Oct 25 2025 02:05:26[0m
[0;32mI (29) boot: Multicore bootloader[0m
[0;32mI (31) boot: chip revision: v3.0[0m
[0;32mI (33) boot.esp32: SPI Speed      : 40MHz[0m
[0;32mI (37) boot.esp32: SPI Mode       : DIO[0m
[0;32mI (41) boot.esp32: SPI Flash Size : 2MB[0m
[0;32mI (44) boot: Enabling RNG early entropy source...[0m
[0;32mI (49) boot: Partition Table:[0m
[0;32mI (51) boot: ## Label            Usage          Type ST Offset   Length[0m
[0;32mI (58) boot:  0 nvs              WiFi data        01 02 00009000 00006000[0m
[0;32mI (64) boot:  1 phy_init         RF data          01 01 0000f000 00001000[0m
[0;32mI (71) boot:  2 factory          factory app      00 00 00010000 00100000[0m
[0;32mI (77) boot: End of partition table[0m
[0;32mI (80) esp_image: segment 0: paddr=00010020 vaddr=3f400020 size=09ad8h ( 39640) map[0m
[0;32mI (101) esp_image: segment 1: paddr=00019b00 vaddr=3ffb0000 size=023d8h (  9176) load[0m
[0;32mI (105) esp_image: segment 2: paddr=0001bee0 vaddr=40080000 size=04138h ( 16696) load[0m
[0;32mI (112) esp_image: segment 3: paddr=00020020 vaddr=400d0020 size=13628h ( 79400) map[0m
[0;32mI (140) esp_image: segment 4: paddr=00033650 vaddr=40084138 size=08f24h ( 36644) load[0m
[0;32mI (155) esp_image: segment 5: paddr=0003c57c vaddr=50000000 size=00020h (    32) load[0m
[0;32mI (161) boot: Loaded app from partition at offset 0x10000[0m
[0;32mI (161) boot: Disabling RNG early entropy source...[0m
[0;32mI (173) cpu_start: Multicore app[0m
[0;32mI (181) cpu_start: Pro cpu start user code[0m
[0;32mI (181) cpu_start: cpu freq: 160000000 Hz[0m
[0;32mI (181) app_init: Application information:[0m
[0;32mI (181) app_init: Project name:     Core-Pinned[0m
[0;32mI (185) app_init: App version:      8e74e47[0m
[0;32mI (189) app_init: Compile time:     Oct 25 2025 02:04:47[0m
[0;32mI (194) app_init: ELF file SHA256:  81fdb8940...[0m
[0;32mI (199) app_init: ESP-IDF:          v5.5.1[0m
[0;32mI (202) efuse_init: Min chip rev:     v0.0[0m
[0;32mI (206) efuse_init: Max chip rev:     v3.99 [0m
[0;32mI (210) efuse_init: Chip rev:         v3.0[0m
[0;32mI (214) heap_init: Initializing. RAM available for dynamic allocation:[0m
[0;32mI (221) heap_init: At 3FFAE6E0 len 00001920 (6 KiB): DRAM[0m
[0;32mI (226) heap_init: At 3FFB2CA0 len 0002D360 (180 KiB): DRAM[0m
[0;32mI (231) heap_init: At 3FFE0440 len 00003AE0 (14 KiB): D/IRAM[0m
[0;32mI (236) heap_init: At 3FFE4350 len 0001BCB0 (111 KiB): D/IRAM[0m
[0;32mI (242) heap_init: At 4008D05C len 00012FA4 (75 KiB): IRAM[0m
[0;32mI (248) spi_flash: detected chip: generic[0m
[0;32mI (251) spi_flash: flash io: dio[0m
[0;33mW (254) spi_flash: Detected size(4096k) larger than the size in the binary image header(2048k). Using the size in the binary image header.[0m
[0;32mI (266) main_task: Started on CPU0[0m
[0;32mI (276) main_task: Calling app_main()[0m
[0;32mI (276) EX2: Exercise 2 - Real-time system[0m

assert failed: prvInitialiseNewTask tasks.c:1111 (uxPriority < ( 25 ))


Backtrace: 0x40085329:0x3ffb3d90 0x400852f1:0x3ffb3db0 0x4008b415:0x3ffb3dd0 0x40086b13:0x3ffb3ef0 0x4008827c:0x3ffb3f20 0x400d60ea:0x3ffb3f60 0x400e2f41:0x3ffb3f90 0x40085cf9:0x3ffb3fc0




ELF file SHA256: 81fdb8940

Rebooting...
ets Jul 29 2019 12:21:46

rst:0xc (SW_CPU_RESET),boot:0x12 (SPI_FAST_FLASH_BOOT)
configsip: 0, SPIWP:0xee
clk_drv:0x00,q_drv:0x00,d_drv:0x00,cs0_drv:0x00,hd_drv:0x00,wp_drv:0x00
mode:DIO, clock div:2
load:0x3fff0030,len:6380
ho 0 tail 12 room 4
load:0x40078000,len:15916
load:0x40080400,len:3860
entry 0x40080638
[0;32mI (29) boot: ESP-IDF v5.5.1 2nd stage bootloader[0m
[0;32mI (29) boot: compile time Oct 25 2025 02:05:26[0m
[0;32mI (29) boot: Multicore bootloader[0m
[0;32mI (31) boot: chip revision: v3.0[0m
[0;32mI (33) boot.esp32: SPI Speed      : 40MHz[0m
[0;32mI (37) boot.esp32: SPI Mode       : DIO[0m
[0;32mI (41) boot.esp32: SPI Flash Size : 2MB[0m
[0;32mI (44) boot: Enabling RNG early entropy source...[0m
[0;32mI (49) boot: Partition Table:[0m
[0;32mI (51) boot: ## Label            Usage          Type ST Offset   Length[0m
[0;32mI (58) boot:  0 nvs              WiFi data        01 02 00009000 00006000[0m
[0;32mI (64) boot:  1 phy_init         RF data          01 01 0000f000 00001000[0m
[0;32mI (71) boot:  2 factory          factory app      00 00 00010000 00100000[0m
[0;32mI (77) boot: End of partition table[0m
[0;32mI (80) esp_image: segment 0: paddr=00010020 vaddr=3f400020 size=09ad8h ( 39640) map[0m
[0;32mI (101) esp_image: segment 1: paddr=00019b00 vaddr=3ffb0000 size=023d8h (  9176) load[0m
[0;32mI (105) esp_image: segment 2: paddr=0001bee0 vaddr=40080000 size=04138h ( 16696) load[0m
[0;32mI (112) esp_image: segment 3: paddr=00020020 vaddr=400d0020 size=13628h ( 79400) map[0m
[0;32mI (140) esp_image: segment 4: paddr=00033650 vaddr=40084138 size=08f24h ( 36644) load[0m
[0;32mI (155) esp_image: segment 5: paddr=0003c57c vaddr=50000000 size=00020h (    32) load[0m
[0;32mI (161) boot: Loaded app from partition at offset 0x10000[0m
[0;32mI (161) boot: Disabling RNG early entropy source...[0m
[0;32mI (173) cpu_start: Multicore app[0m
[0;32mI (181) cpu_start: Pro cpu start user code[0m
[0;32mI (181) cpu_start: cpu freq: 160000000 Hz[0m
[0;32mI (181) app_init: Application information:[0m
[0;32mI (181) app_init: Project name:     Core-Pinned[0m
[0;32mI (185) app_init: App version:      8e74e47[0m
[0;32mI (189) app_init: Compile time:     Oct 25 2025 02:04:47[0m
[0;32mI (194) app_init: ELF file SHA256:  81fdb8940...[0m
[0;32mI (199) app_init: ESP-IDF:          v5.5.1[0m
[0;32mI (202) efuse_init: Min chip rev:     v0.0[0m
[0;32mI (206) efuse_init: Max chip rev:     v3.99 [0m
[0;32mI (210) efuse_init: Chip rev:         v3.0[0m
[0;32mI (214) heap_init: Initializing. RAM available for dynamic allocation:[0m
[0;32mI (221) heap_init: At 3FFAE6E0 len 00001920 (6 KiB): DRAM[0m
[0;32mI (226) heap_init: At 3FFB2CA0 len 0002D360 (180 KiB): DRAM[0m
[0;32mI (231) heap_init: At 3FFE0440 len 00003AE0 (14 KiB): D/IRAM[0m
[0;32mI (236) heap_init: At 3FFE4350 len 0001BCB0 (111 KiB): D/IRAM[0m
[0;32mI (242) heap_init: At 4008D05C len 00012FA4 (75 KiB): IRAM[0m
[0;32mI (248) spi_flash: detected chip: generic[0m
[0;32mI (251) spi_flash: flash io: dio[0m
[0;33mW (254) spi_flash: Detected size(4096k) larger than the size in the binary image header(2048k). Using the size in the binary image header.[0m
[0;32mI (266) main_task: Started on CPU0[0m
[0;32mI (276) main_task: Calling app_main()[0m
[0;32mI (276) EX2: Exercise 2 - Real-time system[0m

assert failed: prvInitialiseNewTask tasks.c:1111 (uxPriority < ( 25 ))


Backtrace: 0x40085329:0x3ffb3d90 0x400852f1:0x3ffb3db0 0x4008b415:0x3ffb3dd0 0x40086b13:0x3ffb3ef0 0x4008827c:0x3ffb3f20 0x400d60ea:0x3ffb3f60 0x400e2f41:0x3ffb3f90 0x40085cf9:0x3ffb3fc0




ELF file SHA256: 81fdb8940

Rebooting...
ets Jul 29 2019 12:21:46

rst:0xc (SW_CPU_RESET),boot:0x12 (SPI_FAST_FLASH_BOOT)
configsip: 0, SPIWP:0xee
clk_drv:0x00,q_drv:0x00,d_drv:0x00,cs0_drv:0x00,hd_drv:0x00,wp_drv:0x00
mode:DIO, clock div:2
load:0x3fff0030,len:6380
ho 0 tail 12 room 4
load:0x40078000,len:15916
load:0x40080400,len:3860
entry 0x40080638
[0;32mI (29) boot: ESP-IDF v5.5.1 2nd stage bootloader[0m
[0;32mI (29) boot: compile time Oct 25 2025 02:05:26[0m
[0;32mI (29) boot: Multicore bootloader[0m
[0;32mI (31) boot: chip revision: v3.0[0m
[0;32mI (33) boot.esp32: SPI Speed      : 40MHz[0m
[0;32mI (37) boot.esp32: SPI Mode       : DIO[0m
[0;32mI (41) boot.esp32: SPI Flash Size : 2MB[0m
[0;32mI (44) boot: Enabling RNG early entropy source...[0m
[0;32mI (49) boot: Partition Table:[0m
[0;32mI (51) boot: ## Label            Usage          Type ST Offset   Length[0m
[0;32mI (58) boot:  0 nvs              WiFi data        01 02 00009000 00006000[0m
[0;32mI (64) boot:  1 phy_init         RF data          01 01 0000f000 00001000[0m
[0;32mI (71) boot:  2 factory          factory app      00 00 00010000 00100000[0m
[0;32mI (77) boot: End of partition table[0m
[0;32mI (80) esp_image: segment 0: paddr=00010020 vaddr=3f400020 size=09ad8h ( 39640) map[0m
[0;32mI (101) esp_image: segment 1: paddr=00019b00 vaddr=3ffb0000 size=023d8h (  9176) load[0m
[0;32mI (105) esp_image: segment 2: paddr=0001bee0 vaddr=40080000 size=04138h ( 16696) load[0m
[0;32mI (112) esp_image: segment 3: paddr=00020020 vaddr=400d0020 size=13628h ( 79400) map[0m
[0;32mI (140) esp_image: segment 4: paddr=00033650 vaddr=40084138 size=08f24h ( 36644) load[0m
[0;32mI (155) esp_image: segment 5: paddr=0003c57c vaddr=50000000 size=00020h (    32) load[0m
[0;32mI (161) boot: Loaded app from partition at offset 0x10000[0m
[0;32mI (161) boot: Disabling RNG early entropy source...[0m
[0;32mI (173) cpu_start: Multicore app[0m
[0;32mI (181) cpu_start: Pro cpu start user code[0m
[0;32mI (181) cpu_start: cpu freq: 160000000 Hz[0m
[0;32mI (181) app_init: Application information:[0m
[0;32mI (181) app_init: Project name:     Core-Pinned[0m
[0;32mI (185) app_init: App version:      8e74e47[0m
[0;32mI (189) app_init: Compile time:     Oct 25 2025 02:04:47[0m
[0;32mI (194) app_init: ELF file SHA256:  81fdb8940...[0m
[0;32mI (199) app_init: ESP-IDF:          v5.5.1[0m
[0;32mI (202) efuse_init: Min chip rev:     v0.0[0m
[0;32mI (206) efuse_init: Max chip rev:     v3.99 [0m
[0;32mI (210) efuse_init: Chip rev:         v3.0[0m
[0;32mI (214) heap_init: Initializing. RAM available for dynamic allocation:[0m
[0;32mI (221) heap_init: At 3FFAE6E0 len 00001920 (6 KiB): DRAM[0m
[0;32mI (226) heap_init: At 3FFB2CA0 len 0002D360 (180 KiB): DRAM[0m
[0;32mI (231) heap_init: At 3FFE0440 len 00003AE0 (14 KiB): D/IRAM[0m
[0;32mI (236) heap_init: At 3FFE4350 len 0001BCB0 (111 KiB): D/IRAM[0m
[0;32mI (242) heap_init: At 4008D05C len 00012FA4 (75 KiB): IRAM[0m
[0;32mI (248) spi_flash: detected chip: generic[0m
[0;32mI (251) spi_flash: flash io: dio[0m
[0;33mW (254) spi_flash: Detected size(4096k) larger than the size in the binary image header(2048k). Using the size in the binary image header.[0m
[0;32mI (266) main_task: Started on CPU0[0m
[0;32mI (276) main_task: Calling app_main()[0m
[0;32mI (276) EX2: Exercise 2 - Real-time system[0m

assert failed: prvInitialiseNewTask tasks.c:1111 (uxPriority < ( 25 ))


Backtrace: 0x40085329:0x3ffb3d90 0x400852f1:0x3ffb3db0 0x4008b415:0x3ffb3dd0 0x40086b13:0x3ffb3ef0 0x4008827c:0x3ffb3f20 0x400d60ea:0x3ffb3f60 0x400e2f41:0x3ffb3f90 0x40085cf9:0x3ffb3fc0




ELF file SHA256: 81fdb8940

Rebooting...
ets Jul 29 2019 12:21:46

rst:0xc (SW_CPU_RESET),boot:0x12 (SPI_FAST_FLASH_BOOT)
configsip: 0, SPIWP:0xee
clk_drv:0x00,q_drv:0x00,d_drv:0x00,cs0_drv:0x00,hd_drv:0x00,wp_drv:0x00
mode:DIO, clock div:2
load:0x3fff0030,len:6380
ho 0 tail 12 room 4
load:0x40078000,len:15916
load:0x40080400,len:3860
entry 0x40080638
[0;32mI (29) boot: ESP-IDF v5.5.1 2nd stage bootloader[0m
[0;32mI (29) boot: compile time Oct 25 2025 02:05:26[0m
[0;32mI (29) boot: Multicore bootloader[0m
[0;32mI (31) boot: chip revision: v3.0[0m
[0;32mI (33) boot.esp32: SPI Speed      : 40MHz[0m
[0;32mI (37) boot.esp32: SPI Mode       : DIO[0m
[0;32mI (41) boot.esp32: SPI Flash Size : 2MB[0m
[0;32mI (44) boot: Enabling RNG early entropy source...[0m
[0;32mI (49) boot: Partition Table:[0m
[0;32mI (51) boot: ## Label            Usage          Type ST Offset   Length[0m
[0;32mI (58) boot:  0 nvs              WiFi data        01 02 00009000 00006000[0m
[0;32mI (64) boot:  1 phy_init         RF data          01 01 0000f000 00001000[0m
[0;32mI (71) boot:  2 factory          factory app      00 00 00010000 00100000[0m
[0;32mI (77) boot: End of partition table[0m
[0;32mI (80) esp_image: segment 0: paddr=00010020 vaddr=3f400020 size=09ad8h ( 39640) map[0m
[0;32mI (101) esp_image: segment 1: paddr=00019b00 vaddr=3ffb0000 size=023d8h (  9176) load[0m
[0;32mI (105) esp_image: segment 2: paddr=0001bee0 vaddr=40080000 size=04138h ( 16696) load[0m
[0;32mI (112) esp_image: segment 3: paddr=00020020 vaddr=400d0020 size=13628h ( 79400) map[0m
[0;32mI (140) esp_image: segment 4: paddr=00033650 vaddr=40084138 size=08f24h ( 36644) load[0m
[0;32mI (155) esp_image: segment 5: paddr=0003c57c vaddr=50000000 size=00020h (    32) load[0m
[0;32mI (161) boot: Loaded app from partition at offset 0x10000[0m
[0;32mI (161) boot: Disabling RNG early entropy source...[0m
[0;32mI (173) cpu_start: Multicore app[0m
[0;32mI (181) cpu_start: Pro cpu start user code[0m
[0;32mI (181) cpu_start: cpu freq: 160000000 Hz[0m
[0;32mI (181) app_init: Application information:[0m
[0;32mI (181) app_init: Project name:     Core-Pinned[0m
[0;32mI (185) app_init: App version:      8e74e47[0m
[0;32mI (189) app_init: Compile time:     Oct 25 2025 02:04:47[0m
[0;32mI (194) app_init: ELF file SHA256:  81fdb8940...[0m
[0;32mI (199) app_init: ESP-IDF:          v5.5.1[0m
[0;32mI (202) efuse_init: Min chip rev:     v0.0[0m
[0;32mI (206) efuse_init: Max chip rev:     v3.99 [0m
[0;32mI (210) efuse_init: Chip rev:         v3.0[0m
[0;32mI (214) heap_init: Initializing. RAM available for dynamic allocation:[0m
[0;32mI (221) heap_init: At 3FFAE6E0 len 00001920 (6 KiB): DRAM[0m
[0;32mI (226) heap_init: At 3FFB2CA0 len 0002D360 (180 KiB): DRAM[0m
[0;32mI (231) heap_init: At 3FFE0440 len 00003AE0 (14 KiB): D/IRAM[0m
[0;32mI (236) heap_init: At 3FFE4350 len 0001BCB0 (111 KiB): D/IRAM[0m
[0;32mI (242) heap_init: At 4008D05C len 00012FA4 (75 KiB): IRAM[0m
[0;32mI (248) spi_flash: detected chip: generic[0m
[0;32mI (251) spi_flash: flash io: dio[0m
[0;33mW (254) spi_flash: Detected size(4096k) larger than the size in the binary image header(2048k). Using the size in the binary image header.[0m
[0;32mI (266) main_task: Started on CPU0[0m
[0;32mI (276) main_task: Calling app_main()[0m
[0;32mI (276) EX2: Exercise 2 - Real-time system[0m

assert failed: prvInitialiseNewTask tasks.c:1111 (uxPriority < ( 25 ))


Backtrace: 0x40085329:0x3ffb3d90 0x400852f1:0x3ffb3db0 0x4008b415:0x3ffb3dd0 0x40086b13:0x3ffb3ef0 0x4008827c:0x3ffb3f20 0x400d60ea:0x3ffb3f60 0x400e2f41:0x3ffb3f90 0x40085cf9:0x3ffb3fc0




ELF file SHA256: 81fdb8940

Rebooting...
ets Jul 29 2019 12:21:46

rst:0xc (SW_CPU_RESET),boot:0x12 (SPI_FAST_FLASH_BOOT)
configsip: 0, SPIWP:0xee
clk_drv:0x00,q_drv:0x00,d_drv:0x00,cs0_drv:0x00,hd_drv:0x00,wp_drv:0x00
mode:DIO, clock div:2
load:0x3fff0030,len:6380
ho 0 tail 12 room 4
load:0x40078000,len:15916
load:0x40080400,len:3860
entry 0x40080638
[0;32mI (29) boot: ESP-IDF v5.5.1 2nd stage bootloader[0m
[0;32mI (29) boot: compile time Oct 25 2025 02:05:26[0m
[0;32mI (29) boot: Multicore bootloader[0m
[0;32mI (31) boot: chip revision: v3.0[0m
[0;32mI (33) boot.esp32: SPI Speed      : 40MHz[0m
[0;32mI (37) boot.esp32: SPI Mode       : DIO[0m
[0;32mI (41) boot.esp32: SPI Flash Size : 2MB[0m
[0;32mI (44) boot: Enabling RNG early entropy source...[0m
[0;32mI (49) boot: Partition Table:[0m
[0;32mI (51) boot: ## Label            Usage          Type ST Offset   Length[0m
[0;32mI (58) boot:  0 nvs              WiFi data        01 02 00009000 00006000[0m
[0;32mI (64) boot:  1 phy_init         RF data          01 01 0000f000 00001000[0m
[0;32mI (71) boot:  2 factory          factory app      00 00 00010000 00100000[0m
[0;32mI (77) boot: End of partition table[0m
[0;32mI (80) esp_image: segment 0: paddr=00010020 vaddr=3f400020 size=09ad8h ( 39640) map[0m
[0;32mI (101) esp_image: segment 1: paddr=00019b00 vaddr=3ffb0000 size=023d8h (  9176) load[0m
[0;32mI (105) esp_image: segment 2: paddr=0001bee0 vaddr=40080000 size=04138h ( 16696) load[0m
[0;32mI (112) esp_image: segment 3: paddr=00020020 vaddr=400d0020 size=13628h ( 79400) map[0m
[0;32mI (140) esp_image: segment 4: paddr=00033650 vaddr=40084138 size=08f24h ( 36644) load[0m
[0;32mI (155) esp_image: segment 5: paddr=0003c57c vaddr=50000000 size=00020h (    32) load[0m
[0;32mI (161) boot: Loaded app from partition at offset 0x10000[0m
[0;32mI (161) boot: Disabling RNG early entropy source...[0m
[0;32mI (173) cpu_start: Multicore app[0m
[0;32mI (181) cpu_start: Pro cpu start user code[0m
[0;32mI (181) cpu_start: cpu freq: 160000000 Hz[0m
[0;32mI (181) app_init: Application information:[0m
[0;32mI (181) app_init: Project name:     Core-Pinned[0m
[0;32mI (185) app_init: App version:      8e74e47[0m
[0;32mI (189) app_init: Compile time:     Oct 25 2025 02:04:47[0m
[0;32mI (194) app_init: ELF file SHA256:  81fdb8940...[0m
[0;32mI (199) app_init: ESP-IDF:          v5.5.1[0m
[0;32mI (202) efuse_init: Min chip rev:     v0.0[0m
[0;32mI (206) efuse_init: Max chip rev:     v3.99 [0m
[0;32mI (210) efuse_init: Chip rev:         v3.0[0m
[0;32mI (214) heap_init: Initializing. RAM available for dynamic allocation:[0m
[0;32mI (221) heap_init: At 3FFAE6E0 len 00001920 (6 KiB): DRAM[0m
[0;32mI (226) heap_init: At 3FFB2CA0 len 0002D360 (180 KiB): DRAM[0m
[0;32mI (231) heap_init: At 3FFE0440 len 00003AE0 (14 KiB): D/IRAM[0m
[0;32mI (236) heap_init: At 3FFE4350 len 0001BCB0 (111 KiB): D/IRAM[0m
[0;32mI (242) heap_init: At 4008D05C len 00012FA4 (75 KiB): IRAM[0m
[0;32mI (248) spi_flash: detected chip: generic[0m
[0;32mI (251) spi_flash: flash io: dio[0m
[0;33mW (254) spi_flash: Detected size(4096k) larger than the size in the binary image header(2048k). Using the size in the binary image header.[0m
[0;32mI (266) main_task: Started on CPU0[0m
[0;32mI (276) main_task: Calling app_main()[0m
[0;32mI (276) EX2: Exercise 2 - Real-time system[0m

assert failed: prvInitialiseNewTask tasks.c:1111 (uxPriority < ( 25 ))


Backtrace: 0x40085329:0x3ffb3d90 0x400852f1:0x3ffb3db0 0x4008b415:0x3ffb3dd0 0x40086b13:0x3ffb3ef0 0x4008827c:0x3ffb3f20 0x400d60ea:0x3ffb3f60 0x400e2f41:0x3ffb3f90 0x40085cf9:0x3ffb3fc0




ELF file SHA256: 81fdb8940

Rebooting...
ets Jul 29 2019 12:21:46

rst:0xc (SW_CPU_RESET),boot:0x12 (SPI_FAST_FLASH_BOOT)
configsip: 0, SPIWP:0xee
clk_drv:0x00,q_drv:0x00,d_drv:0x00,cs0_drv:0x00,hd_drv:0x00,wp_drv:0x00
mode:DIO, clock div:2
load:0x3fff0030,len:6380
ho 0 tail 12 room 4
load:0x40078000,len:15916
load:0x40080400,len:3860
entry 0x40080638
[0;32mI (29) boot: ESP-IDF v5.5.1 2nd stage bootloader[0m
[0;32mI (29) boot: compile time Oct 25 2025 02:05:26[0m
[0;32mI (29) boot: Multicore bootloader[0m
[0;32mI (31) boot: chip revision: v3.0[0m
[0;32mI (33) boot.esp32: SPI Speed      : 40MHz[0m
[0;32mI (37) boot.esp32: SPI Mode       : DIO[0m
[0;32mI (41) boot.esp32: SPI Flash Size : 2MB[0m
[0;32mI (44) boot: Enabling RNG early entropy source...[0m
[0;32mI (49) boot: Partition Table:[0m
[0;32mI (51) boot: ## Label            Usage          Type ST Offset   Length[0m
[0;32mI (58) boot:  0 nvs              WiFi data        01 02 00009000 00006000[0m
[0;32mI (64) boot:  1 phy_init         RF data          01 01 0000f000 00001000[0m
[0;32mI (71) boot:  2 factory          factory app      00 00 00010000 00100000[0m
[0;32mI (77) boot: End of partition table[0m
[0;32mI (80) esp_image: segment 0: paddr=00010020 vaddr=3f400020 size=09ad8h ( 39640) map[0m
[0;32mI (101) esp_image: segment 1: paddr=00019b00 vaddr=3ffb0000 size=023d8h (  9176) load[0m
[0;32mI (105) esp_image: segment 2: paddr=0001bee0 vaddr=40080000 size=04138h ( 16696) load[0m
[0;32mI (112) esp_image: segment 3: paddr=00020020 vaddr=400d0020 size=13628h ( 79400) map[0m
[0;32mI (140) esp_image: segment 4: paddr=00033650 vaddr=40084138 size=08f24h ( 36644) load[0m
[0;32mI (155) esp_image: segment 5: paddr=0003c57c vaddr=50000000 size=00020h (    32) load[0m
[0;32mI (161) boot: Loaded app from partition at offset 0x10000[0m
[0;32mI (161) boot: Disabling RNG early entropy source...[0m
[0;32mI (173) cpu_start: Multicore app[0m
[0;32mI (181) cpu_start: Pro cpu start user code[0m
[0;32mI (181) cpu_start: cpu freq: 160000000 Hz[0m
[0;32mI (181) app_init: Application information:[0m
[0;32mI (181) app_init: Project name:     Core-Pinned[0m
[0;32mI (185) app_init: App version:      8e74e47[0m
[0;32mI (189) app_init: Compile time:     Oct 25 2025 02:04:47[0m
[0;32mI (194) app_init: ELF file SHA256:  81fdb8940...[0m
[0;32mI (199) app_init: ESP-IDF:          v5.5.1[0m
[0;32mI (202) efuse_init: Min chip rev:     v0.0[0m
[0;32mI (206) efuse_init: Max chip rev:     v3.99 [0m
[0;32mI (210) efuse_init: Chip rev:         v3.0[0m
[0;32mI (214) heap_init: Initializing. RAM available for dynamic allocation:[0m
[0;32mI (221) heap_init: At 3FFAE6E0 len 00001920 (6 KiB): DRAM[0m
[0;32mI (226) heap_init: At 3FFB2CA0 len 0002D360 (180 KiB): DRAM[0m
[0;32mI (231) heap_init: At 3FFE0440 len 00003AE0 (14 KiB): D/IRAM[0m
[0;32mI (236) heap_init: At 3FFE4350 len 0001BCB0 (111 KiB): D/IRAM[0m
[0;32mI (242) heap_init: At 4008D05C len 00012FA4 (75 KiB): IRAM[0m
[0;32mI (248) spi_flash: detected chip: generic[0m
[0;32mI (251) spi_flash: flash io: dio[0m
[0;33mW (254) spi_flash: Detected size(4096k) larger than the size in the binary image header(2048k). Using the size in the binary image header.[0m
[0;32mI (266) main_task: Started on CPU0[0m
[0;32mI (276) main_task: Calling app_main()[0m
[0;32mI (276) EX2: Exercise 2 - Real-time system[0m

assert failed: prvInitialiseNewTask tasks.c:1111 (uxPriority < ( 25 ))


Backtrace: 0x40085329:0x3ffb3d90 0x400852f1:0x3ffb3db0 0x4008b415:0x3ffb3dd0 0x40086b13:0x3ffb3ef0 0x4008827c:0x3ffb3f20 0x400d60ea:0x3ffb3f60 0x400e2f41:0x3ffb3f90 0x40085cf9:0x3ffb3fc0




ELF file SHA256: 81fdb8940

Rebooting...
ets Jul 29 2019 12:21:46

rst:0xc (SW_CPU_RESET),boot:0x12 (SPI_FAST_FLASH_BOOT)
configsip: 0, SPIWP:0xee
clk_drv:0x00,q_drv:0x00,d_drv:0x00,cs0_drv:0x00,hd_drv:0x00,wp_drv:0x00
mode:DIO, clock div:2
load:0x3fff0030,len:6380
ho 0 tail 12 room 4
load:0x40078000,len:15916
load:0x40080400,len:3860
entry 0x40080638
[0;32mI (29) boot: ESP-IDF v5.5.1 2nd stage bootloader[0m
[0;32mI (29) boot: compile time Oct 25 2025 02:05:26[0m
[0;32mI (29) boot: Multicore bootloader[0m
[0;32mI (31) boot: chip revision: v3.0[0m
[0;32mI (33) boot.esp32: SPI Speed      : 40MHz[0m
[0;32mI (37) boot.esp32: SPI Mode       : DIO[0m
[0;32mI (41) boot.esp32: SPI Flash Size : 2MB[0m
[0;32mI (44) boot: Enabling RNG early entropy source...[0m
[0;32mI (49) boot: Partition Table:[0m
[0;32mI (51) boot: ## Label            Usage          Type ST Offset   Length[0m
[0;32mI (58) boot:  0 nvs              WiFi data        01 02 00009000 00006000[0m
[0;32mI (64) boot:  1 phy_init         RF data          01 01 0000f000 00001000[0m
[0;32mI (71) boot:  2 factory          factory app      00 00 00010000 00100000[0m
[0;32mI (77) boot: End of partition table[0m
[0;32mI (80) esp_image: segment 0: paddr=00010020 vaddr=3f400020 size=09ad8h ( 39640) map[0m
[0;32mI (101) esp_image: segment 1: paddr=00019b00 vaddr=3ffb0000 size=023d8h (  9176) load[0m
[0;32mI (105) esp_image: segment 2: paddr=0001bee0 vaddr=40080000 size=04138h ( 16696) load[0m
[0;32mI (112) esp_image: segment 3: paddr=00020020 vaddr=400d0020 size=13628h ( 79400) map[0m
[0;32mI (140) esp_image: segment 4: paddr=00033650 vaddr=40084138 size=08f24h ( 36644) load[0m
[0;32mI (155) esp_image: segment 5: paddr=0003c57c vaddr=50000000 size=00020h (    32) load[0m
[0;32mI (161) boot: Loaded app from partition at offset 0x10000[0m
[0;32mI (161) boot: Disabling RNG early entropy source...[0m
[0;32mI (173) cpu_start: Multicore app[0m
[0;32mI (181) cpu_start: Pro cpu start user code[0m
[0;32mI (181) cpu_start: cpu freq: 160000000 Hz[0m
[0;32mI (181) app_init: Application information:[0m
[0;32mI (181) app_init: Project name:     Core-Pinned[0m
[0;32mI (185) app_init: App version:      8e74e47[0m
[0;32mI (189) app_init: Compile time:     Oct 25 2025 02:04:47[0m
[0;32mI (194) app_init: ELF file SHA256:  81fdb8940...[0m
[0;32mI (199) app_init: ESP-IDF:          v5.5.1[0m
[0;32mI (202) efuse_init: Min chip rev:     v0.0[0m
[0;32mI (206) efuse_init: Max chip rev:     v3.99 [0m
[0;32mI (210) efuse_init: Chip rev:         v3.0[0m
[0;32mI (214) heap_init: Initializing. RAM available for dynamic allocation:[0m
[0;32mI (221) heap_init: At 3FFAE6E0 len 00001920 (6 KiB): DRAM[0m
[0;32mI (226) heap_init: At 3FFB2CA0 len 0002D360 (180 KiB): DRAM[0m
[0;32mI (231) heap_init: At 3FFE0440 len 00003AE0 (14 KiB): D/IRAM[0m
[0;32mI (236) heap_init: At 3FFE4350 len 0001BCB0 (111 KiB): D/IRAM[0m
[0;32mI (242) heap_init: At 4008D05C len 00012FA4 (75 KiB): IRAM[0m
[0;32mI (248) spi_flash: detected chip: generic[0m
[0;32mI (251) spi_flash: flash io: dio[0m
[0;33mW (254) spi_flash: Detected size(4096k) larger than the size in the binary image header(2048k). Using the size in the binary image header.[0m
[0;32mI (266) main_task: Started on CPU0[0m
[0;32mI (276) main_task: Calling app_main()[0m
[0;32mI (276) EX2: Exercise 2 - Real-time system[0m

assert failed: prvInitialiseNewTask tasks.c:1111 (uxPriority < ( 25 ))


Backtrace: 0x40085329:0x3ffb3d90 0x400852f1:0x3ffb3db0 0x4008b415:0x3ffb3dd0 0x40086b13:0x3ffb3ef0 0x4008827c:0x3ffb3f20 0x400d60ea:0x3ffb3f60 0x400e2f41:0x3ffb3f90 0x40085cf9:0x3ffb3fc0




ELF file SHA256: 81fdb8940

Rebooting...
ets Jul 29 2019 12:21:46

rst:0xc (SW_CPU_RESET),boot:0x12 (SPI_FAST_FLASH_BOOT)
configsip: 0, SPIWP:0xee
clk_drv:0x00,q_drv:0x00,d_drv:0x00,cs0_drv:0x00,hd_drv:0x00,wp_drv:0x00
mode:DIO, clock div:2
load:0x3fff0030,len:6380
ho 0 tail 12 room 4
load:0x40078000,len:15916
load:0x40080400,len:3860
entry 0x40080638
[0;32mI (29) boot: ESP-IDF v5.5.1 2nd stage bootloader[0m
[0;32mI (29) boot: compile time Oct 25 2025 02:05:26[0m
[0;32mI (29) boot: Multicore bootloader[0m
[0;32mI (31) boot: chip revision: v3.0[0m
[0;32mI (33) boot.esp32: SPI Speed      : 40MHz[0m
[0;32mI (37) boot.esp32: SPI Mode       : DIO[0m
[0;32mI (41) boot.esp32: SPI Flash Size : 2MB[0m
[0;32mI (44) boot: Enabling RNG early entropy source...[0m
[0;32mI (49) boot: Partition Table:[0m
[0;32mI (51) boot: ## Label            Usage          Type ST Offset   Length[0m
[0;32mI (58) boot:  0 nvs              WiFi data        01 02 00009000 00006000[0m
[0;32mI (64) boot:  1 phy_init         RF data          01 01 0000f000 00001000[0m
[0;32mI (71) boot:  2 factory          factory app      00 00 00010000 00100000[0m
[0;32mI (77) boot: End of partition table[0m
[0;32mI (80) esp_image: segment 0: paddr=00010020 vaddr=3f400020 size=09ad8h ( 39640) map[0m
[0;32mI (101) esp_image: segment 1: paddr=00019b00 vaddr=3ffb0000 size=023d8h (  9176) load[0m
[0;32mI (105) esp_image: segment 2: paddr=0001bee0 vaddr=40080000 size=04138h ( 16696) load[0m
[0;32mI (112) esp_image: segment 3: paddr=00020020 vaddr=400d0020 size=13628h ( 79400) map[0m
[0;32mI (140) esp_image: segment 4: paddr=00033650 vaddr=40084138 size=08f24h ( 36644) load[0m
[0;32mI (155) esp_image: segment 5: paddr=0003c57c vaddr=50000000 size=00020h (    32) load[0m
[0;32mI (161) boot: Loaded app from partition at offset 0x10000[0m
[0;32mI (161) boot: Disabling RNG early entropy source...[0m
[0;32mI (173) cpu_start: Multicore app[0m
[0;32mI (181) cpu_start: Pro cpu start user code[0m
[0;32mI (181) cpu_start: cpu freq: 160000000 Hz[0m
[0;32mI (181) app_init: Application information:[0m
[0;32mI (181) app_init: Project name:     Core-Pinned[0m
[0;32mI (185) app_init: App version:      8e74e47[0m
[0;32mI (189) app_init: Compile time:     Oct 25 2025 02:04:47[0m
[0;32mI (194) app_init: ELF file SHA256:  81fdb8940...[0m
[0;32mI (199) app_init: ESP-IDF:          v5.5.1[0m
[0;32mI (202) efuse_init: Min chip rev:     v0.0[0m
[0;32mI (206) efuse_init: Max chip rev:     v3.99 [0m
[0;32mI (210) efuse_init: Chip rev:         v3.0[0m
[0;32mI (214) heap_init: Initializing. RAM available for dynamic allocation:[0m
[0;32mI (221) heap_init: At 3FFAE6E0 len 00001920 (6 KiB): DRAM[0m
[0;32mI (226) heap_init: At 3FFB2CA0 len 0002D360 (180 KiB): DRAM[0m
[0;32mI (231) heap_init: At 3FFE0440 len 00003AE0 (14 KiB): D/IRAM[0m
[0;32mI (236) heap_init: At 3FFE4350 len 0001BCB0 (111 KiB): D/IRAM[0m
[0;32mI (242) heap_init: At 4008D05C len 00012FA4 (75 KiB): IRAM[0m
[0;32mI (248) spi_flash: detected chip: generic[0m
[0;32mI (251) spi_flash: flash io: dio[0m
[0;33mW (254) spi_flash: Detected size(4096k) larger than the size in the binary image header(2048k). Using the size in the binary image header.[0m
[0;32mI (266) main_task: Started on CPU0[0m
[0;32mI (276) main_task: Calling app_main()[0m
[0;32mI (276) EX2: Exercise 2 - Real-time system[0m

assert failed: prvInitialiseNewTask tasks.c:1111 (uxPriority < ( 25 ))


Backtrace: 0x40085329:0x3ffb3d90 0x400852f1:0x3ffb3db0 0x4008b415:0x3ffb3dd0 0x40086b13:0x3ffb3ef0 0x4008827c:0x3ffb3f20 0x400d60ea:0x3ffb3f60 0x400e2f41:0x3ffb3f90 0x40085cf9:0x3ffb3fc0




ELF file SHA256: 81fdb8940

Rebooting...
ets Jul 29 2019 12:21:46

rst:0xc (SW_CPU_RESET),boot:0x12 (SPI_FAST_FLASH_BOOT)
configsip: 0, SPIWP:0xee
clk_drv:0x00,q_drv:0x00,d_drv:0x00,cs0_drv:0x00,hd_drv:0x00,wp_drv:0x00
mode:DIO, clock div:2
load:0x3fff0030,len:6380
ho 0 tail 12 room 4
load:0x40078000,len:15916
load:0x40080400,len:3860
entry 0x40080638
[0;32mI (29) boot: ESP-IDF v5.5.1 2nd stage bootloader[0m
[0;32mI (29) boot: compile time Oct 25 2025 02:05:26[0m
[0;32mI (29) boot: Multicore bootloader[0m
[0;32mI (31) boot: chip revision: v3.0[0m
[0;32mI (33) boot.esp32: SPI Speed      : 40MHz[0m
[0;32mI (37) boot.esp32: SPI Mode       : DIO[0m
[0;32mI (41) boot.esp32: SPI Flash Size : 2MB[0m
[0;32mI (44) boot: Enabling RNG early entropy source...[0m
[0;32mI (49) boot: Partition Table:[0m
[0;32mI (51) boot: ## Label            Usage          Type ST Offset   Length[0m
[0;32mI (58) boot:  0 nvs              WiFi data        01 02 00009000 00006000[0m
[0;32mI (64) boot:  1 phy_init         RF data          01 01 0000f000 00001000[0m
[0;32mI (71) boot:  2 factory          factory app      00 00 00010000 00100000[0m
[0;32mI (77) boot: End of partition table[0m
[0;32mI (80) esp_image: segment 0: paddr=00010020 vaddr=3f400020 size=09ad8h ( 39640) map[0m
[0;32mI (101) esp_image: segment 1: paddr=00019b00 vaddr=3ffb0000 size=023d8h (  9176) load[0m
[0;32mI (105) esp_image: segment 2: paddr=0001bee0 vaddr=40080000 size=04138h ( 16696) load[0m
[0;32mI (112) esp_image: segment 3: paddr=00020020 vaddr=400d0020 size=13628h ( 79400) map[0m
[0;32mI (140) esp_image: segment 4: paddr=00033650 vaddr=40084138 size=08f24h ( 36644) load[0m
[0;32mI (155) esp_image: segment 5: paddr=0003c57c vaddr=50000000 size=00020h (    32) load[0m
[0;32mI (161) boot: Loaded app from partition at offset 0x10000[0m
[0;32mI (161) boot: Disabling RNG early entropy source...[0m
[0;32mI (173) cpu_start: Multicore app[0m
[0;32mI (181) cpu_start: Pro cpu start user code[0m
[0;32mI (181) cpu_start: cpu freq: 160000000 Hz[0m
[0;32mI (181) app_init: Application information:[0m
[0;32mI (181) app_init: Project name:     Core-Pinned[0m
[0;32mI (185) app_init: App version:      8e74e47[0m
[0;32mI (189) app_init: Compile time:     Oct 25 2025 02:04:47[0m
[0;32mI (194) app_init: ELF file SHA256:  81fdb8940...[0m
[0;32mI (199) app_init: ESP-IDF:          v5.5.1[0m
[0;32mI (202) efuse_init: Min chip rev:     v0.0[0m
[0;32mI (206) efuse_init: Max chip rev:     v3.99 [0m
[0;32mI (210) efuse_init: Chip rev:         v3.0[0m
[0;32mI (214) heap_init: Initializing. RAM available for dynamic allocation:[0m
[0;32mI (221) heap_init: At 3FFAE6E0 len 00001920 (6 KiB): DRAM[0m
[0;32mI (226) heap_init: At 3FFB2CA0 len 0002D360 (180 KiB): DRAM[0m
[0;32mI (231) heap_init: At 3FFE0440 len 00003AE0 (14 KiB): D/IRAM[0m
[0;32mI (236) heap_init: At 3FFE4350 len 0001BCB0 (111 KiB): D/IRAM[0m
[0;32mI (242) heap_init: At 4008D05C len 00012FA4 (75 KiB): IRAM[0m
[0;32mI (248) spi_flash: detected chip: generic[0m
[0;32mI (251) spi_flash: flash io: dio[0m
[0;33mW (254) spi_flash: Detected size(4096k) larger than the size in the binary image header(2048k). Using the size in the binary image header.[0m
[0;32mI (266) main_task: Started on CPU0[0m
[0;32mI (276) main_task: Calling app_main()[0m
[0;32mI (276) EX2: Exercise 2 - Real-time system[0m

assert failed: prvInitialiseNewTask tasks.c:1111 (uxPriority < ( 25 ))


Backtrace: 0x40085329:0x3ffb3d90 0x400852f1:0x3ffb3db0 0x4008b415:0x3ffb3dd0 0x40086b13:0x3ffb3ef0 0x4008827c:0x3ffb3f20 0x400d60ea:0x3ffb3f60 0x400e2f41:0x3ffb3f90 0x40085cf9:0x3ffb3fc0




ELF file SHA256: 81fdb8940

Rebooting...
ets Jul 29 2019 12:21:46

rst:0xc (SW_CPU_RESET),boot:0x12 (SPI_FAST_FLASH_BOOT)
configsip: 0, SPIWP:0xee
clk_drv:0x00,q_drv:0x00,d_drv:0x00,cs0_drv:0x00,hd_drv:0x00,wp_drv:0x00
mode:DIO, clock div:2
load:0x3fff0030,len:6380
ho 0 tail 12 room 4
load:0x40078000,len:15916
load:0x40080400,len:3860
entry 0x40080638
[0;32mI (29) boot: ESP-IDF v5.5.1 2nd stage bootloader[0m
[0;32mI (29) boot: compile time Oct 25 2025 02:05:26[0m
[0;32mI (29) boot: Multicore bootloader[0m
[0;32mI (31) boot: chip revision: v3.0[0m
[0;32mI (33) boot.esp32: SPI Speed      : 40MHz[0m
[0;32mI (37) boot.esp32: SPI Mode       : DIO[0m
[0;32mI (41) boot.esp32: SPI Flash Size : 2MB[0m
[0;32mI (44) boot: Enabling RNG early entropy source...[0m
[0;32mI (49) boot: Partition Table:[0m
[0;32mI (51) boot: ## Label            Usage          Type ST Offset   Length[0m
[0;32mI (58) boot:  0 nvs              WiFi data        01 02 00009000 00006000[0m
[0;32mI (64) boot:  1 phy_init         RF data          01 01 0000f000 00001000[0m
[0;32mI (71) boot:  2 factory          factory app      00 00 00010000 00100000[0m
[0;32mI (77) boot: End of partition table[0m
[0;32mI (80) esp_image: segment 0: paddr=00010020 vaddr=3f400020 size=09ad8h ( 39640) map[0m
[0;32mI (101) esp_image: segment 1: paddr=00019b00 vaddr=3ffb0000 size=023d8h (  9176) load[0m
[0;32mI (105) esp_image: segment 2: paddr=0001bee0 vaddr=40080000 size=04138h ( 16696) load[0m
[0;32mI (112) esp_image: segment 3: paddr=00020020 vaddr=400d0020 size=13628h ( 79400) map[0m
[0;32mI (140) esp_image: segment 4: paddr=00033650 vaddr=40084138 size=08f24h ( 36644) load[0m
[0;32mI (155) esp_image: segment 5: paddr=0003c57c vaddr=50000000 size=00020h (    32) load[0m
[0;32mI (161) boot: Loaded app from partition at offset 0x10000[0m
[0;32mI (161) boot: Disabling RNG early entropy source...[0m
[0;32mI (173) cpu_start: Multicore app[0m
[0;32mI (181) cpu_start: Pro cpu start user code[0m
[0;32mI (181) cpu_start: cpu freq: 160000000 Hz[0m
[0;32mI (181) app_init: Application information:[0m
[0;32mI (181) app_init: Project name:     Core-Pinned[0m
[0;32mI (185) app_init: App version:      8e74e47[0m
[0;32mI (189) app_init: Compile time:     Oct 25 2025 02:04:47[0m
[0;32mI (194) app_init: ELF file SHA256:  81fdb8940...[0m
[0;32mI (199) app_init: ESP-IDF:          v5.5.1[0m
[0;32mI (202) efuse_init: Min chip rev:     v0.0[0m
[0;32mI (206) efuse_init: Max chip rev:     v3.99 [0m
[0;32mI (210) efuse_init: Chip rev:         v3.0[0m
[0;32mI (214) heap_init: Initializing. RAM available for dynamic allocation:[0m
[0;32mI (221) heap_init: At 3FFAE6E0 len 00001920 (6 KiB): DRAM[0m
[0;32mI (226) heap_init: At 3FFB2CA0 len 0002D360 (180 KiB): DRAM[0m
[0;32mI (231) heap_init: At 3FFE0440 len 00003AE0 (14 KiB): D/IRAM[0m
[0;32mI (236) heap_init: At 3FFE4350 len 0001BCB0 (111 KiB): D/IRAM[0m
[0;32mI (242) heap_init: At 4008D05C len 00012FA4 (75 KiB): IRAM[0m
[0;32mI (248) spi_flash: detected chip: generic[0m
[0;32mI (251) spi_flash: flash io: dio[0m
[0;33mW (254) spi_flash: Detected size(4096k) larger than the size in the binary image header(2048k). Using the size in the binary image header.[0m
[0;32mI (266) main_task: Started on CPU0[0m
[0;32mI (276) main_task: Calling app_main()[0m
[0;32mI (276) EX2: Exercise 2 - Real-time system[0m

assert failed: prvInitialiseNewTask tasks.c:1111 (uxPriority < ( 25 ))


Backtrace: 0x40085329:0x3ffb3d90 0x400852f1:0x3ffb3db0 0x4008b415:0x3ffb3dd0 0x40086b13:0x3ffb3ef0 0x4008827c:0x3ffb3f20 0x400d60ea:0x3ffb3f60 0x400e2f41:0x3ffb3f90 0x40085cf9:0x3ffb3fc0




ELF file SHA256: 81fdb8940

Rebooting...
ets Jul 29 2019 12:21:46

rst:0xc (SW_CPU_RESET),boot:0x12 (SPI_FAST_FLASH_BOOT)
configsip: 0, SPIWP:0xee
clk_drv:0x00,q_drv:0x00,d_drv:0x00,cs0_drv:0x00,hd_drv:0x00,wp_drv:0x00
mode:DIO, clock div:2
load:0x3fff0030,len:6380
ho 0 tail 12 room 4
load:0x40078000,len:15916
load:0x40080400,len:3860
entry 0x40080638
[0;32mI (29) boot: ESP-IDF v5.5.1 2nd stage bootloader[0m
[0;32mI (29) boot: compile time Oct 25 2025 02:05:26[0m
[0;32mI (29) boot: Multicore bootloader[0m
[0;32mI (31) boot: chip revision: v3.0[0m
[0;32mI (33) boot.esp32: SPI Speed      : 40MHz[0m
[0;32mI (37) boot.esp32: SPI Mode       : DIO[0m
[0;32mI (41) boot.esp32: SPI Flash Size : 2MB[0m
[0;32mI (44) boot: Enabling RNG early entropy source...[0m
[0;32mI (49) boot: Partition Table:[0m
[0;32mI (51) boot: ## Label            Usage          Type ST Offset   Length[0m
[0;32mI (58) boot:  0 nvs              WiFi data        01 02 00009000 00006000[0m
[0;32mI (64) boot:  1 phy_init         RF data          01 01 0000f000 00001000[0m
[0;32mI (71) boot:  2 factory          factory app      00 00 00010000 00100000[0m
[0;32mI (77) boot: End of partition table[0m
[0;32mI (80) esp_image: segment 0: paddr=00010020 vaddr=3f400020 size=09ad8h ( 39640) map[0m
[0;32mI (101) esp_image: segment 1: paddr=00019b00 vaddr=3ffb0000 size=023d8h (  9176) load[0m
[0;32mI (105) esp_image: segment 2: paddr=0001bee0 vaddr=40080000 size=04138h ( 16696) load[0m
[0;32mI (112) esp_image: segment 3: paddr=00020020 vaddr=400d0020 size=13628h ( 79400) map[0m
[0;32mI (140) esp_image: segment 4: paddr=00033650 vaddr=40084138 size=08f24h ( 36644) load[0m
[0;32mI (155) esp_image: segment 5: paddr=0003c57c vaddr=50000000 size=00020h (    32) load[0m
[0;32mI (161) boot: Loaded app from partition at offset 0x10000[0m
[0;32mI (161) boot: Disabling RNG early entropy source...[0m
[0;32mI (173) cpu_start: Multicore app[0m
[0;32mI (181) cpu_start: Pro cpu start user code[0m
[0;32mI (181) cpu_start: cpu freq: 160000000 Hz[0m
[0;32mI (181) app_init: Application information:[0m
[0;32mI (181) app_init: Project name:     Core-Pinned[0m
[0;32mI (185) app_init: App version:      8e74e47[0m
[0;32mI (189) app_init: Compile time:     Oct 25 2025 02:04:47[0m
[0;32mI (194) app_init: ELF file SHA256:  81fdb8940...[0m
[0;32mI (199) app_init: ESP-IDF:          v5.5.1[0m
[0;32mI (202) efuse_init: Min chip rev:     v0.0[0m
[0;32mI (206) efuse_init: Max chip rev:     v3.99 [0m
[0;32mI (210) efuse_init: Chip rev:         v3.0[0m
[0;32mI (214) heap_init: Initializing. RAM available for dynamic allocation:[0m
[0;32mI (221) heap_init: At 3FFAE6E0 len 00001920 (6 KiB): DRAM[0m
[0;32mI (226) heap_init: At 3FFB2CA0 len 0002D360 (180 KiB): DRAM[0m
[0;32mI (231) heap_init: At 3FFE0440 len 00003AE0 (14 KiB): D/IRAM[0m
[0;32mI (236) heap_init: At 3FFE4350 len 0001BCB0 (111 KiB): D/IRAM[0m
[0;32mI (242) heap_init: At 4008D05C len 00012FA4 (75 KiB): IRAM[0m
[0;32mI (248) spi_flash: detected chip: generic[0m
[0;32mI (251) spi_flash: flash io: dio[0m
[0;33mW (254) spi_flash: Detected size(4096k) larger than the size in the binary image header(2048k). Using the size in the binary image header.[0m
[0;32mI (266) main_task: Started on CPU0[0m
[0;32mI (276) main_task: Calling app_main()[0m
[0;32mI (276) EX2: Exercise 2 - Real-time system[0m

assert failed: prvInitialiseNewTask tasks.c:1111 (uxPriority < ( 25 ))


Backtrace: 0x40085329:0x3ffb3d90 0x400852f1:0x3ffb3db0 0x4008b415:0x3ffb3dd0 0x40086b13:0x3ffb3ef0 0x4008827c:0x3ffb3f20 0x400d60ea:0x3ffb3f60 0x400e2f41:0x3ffb3f90 0x40085cf9:0x3ffb3fc0




ELF file SHA256: 81fdb8940

Rebooting...
ets Jul 29 2019 12:21:46

rst:0xc (SW_CPU_RESET),boot:0x12 (SPI_FAST_FLASH_BOOT)
configsip: 0, SPIWP:0xee
clk_drv:0x00,q_drv:0x00,d_drv:0x00,cs0_drv:0x00,hd_drv:0x00,wp_drv:0x00
mode:DIO, clock div:2
load:0x3fff0030,len:6380
ho 0 tail 12 room 4
load:0x40078000,len:15916
load:0x40080400,len:3860
entry 0x40080638
[0;32mI (29) boot: ESP-IDF v5.5.1 2nd stage bootloader[0m
[0;32mI (29) boot: compile time Oct 25 2025 02:05:26[0m
[0;32mI (29) boot: Multicore bootloader[0m
[0;32mI (31) boot: chip revision: v3.0[0m
[0;32mI (33) boot.esp32: SPI Speed      : 40MHz[0m
[0;32mI (37) boot.esp32: SPI Mode       : DIO[0m
[0;32mI (41) boot.esp32: SPI Flash Size : 2MB[0m
[0;32mI (44) boot: Enabling RNG early entropy source...[0m
[0;32mI (49) boot: Partition Table:[0m
[0;32mI (51) boot: ## Label            Usage          Type ST Offset   Length[0m
[0;32mI (58) boot:  0 nvs              WiFi data        01 02 00009000 00006000[0m
[0;32mI (64) boot:  1 phy_init         RF data          01 01 0000f000 00001000[0m
[0;32mI (71) boot:  2 factory          factory app      00 00 00010000 00100000[0m
[0;32mI (77) boot: End of partition table[0m
[0;32mI (80) esp_image: segment 0: paddr=00010020 vaddr=3f400020 size=09ad8h ( 39640) map[0m
I (101) esp_image: segment 1: paddr=00019b00 vaddr=3ffb0000 size=023d8h (  9176) load
[0;32mI (105) esp_image: segment 2: paddr=0001bee0 vaddr=40080000 size=04138h ( 16696) load[0m
[0;32mI (112) esp_image: segment 3: paddr=00020020 vaddr=400d0020 size=13628h ( 79400) map[0m
[0;32mI (140) esp_image: segment 4: paddr=00033650 vaddr=40084138 size=08f24h ( 36644) load[0m
[0;32mI (155) esp_image: segment 5: paddr=0003c57c vaddr=50000000 size=00020h (    32) load[0m
[0;32mI (161) boot: Loaded app from partition at offset 0x10000[0m
[0;32mI (161) boot: Disabling RNG early entropy source...[0m
[0;32mI (173) cpu_start: Multicore app[0m
[0;32mI (181) cpu_start: Pro cpu start user code[0m
[0;32mI (181) cpu_start: cpu freq: 160000000 Hz[0m
[0;32mI (181) app_init: Application information:[0m
[0;32mI (181) app_init: Project name:     Core-Pinned[0m
[0;32mI (185) app_init: App version:      8e74e47[0m
[0;32mI (189) app_init: Compile time:     Oct 25 2025 02:04:47[0m
[0;32mI (194) app_init: ELF file SHA256:  81fdb8940...[0m
[0;32mI (199) app_init: ESP-IDF:          v5.5.1[0m
[0;32mI (202) efuse_init: Min chip rev:     v0.0[0m
[0;32mI (206) efuse_init: Max chip rev:     v3.99 [0m
[0;32mI (210) efuse_init: Chip rev:         v3.0[0m
[0;32mI (214) heap_init: Initializing. RAM available for dynamic allocation:[0m
[0;32mI (221) heap_init: At 3FFAE6E0 len 00001920 (6 KiB): DRAM[0m
[0;32mI (226) heap_init: At 3FFB2CA0 len 0002D360 (180 KiB): DRAM[0m
[0;32mI (231) heap_init: At 3FFE0440 len 00003AE0 (14 KiB): D/IRAM[0m
[0;32mI (236) heap_init: At 3FFE4350 len 0001BCB0 (111 KiB): D/IRAM[0m
[0;32mI (242) heap_init: At 4008D05C len 00012FA4 (75 KiB): IRAM[0m
[0;32mI (248) spi_flash: detected chip: generic[0m
[0;32mI (251) spi_flash: flash io: dio[0m
[0;33mW (254) spi_flash: Detected size(4096k) larger than the size in the binary image header(2048k). Using the size in the binary image header.[0m
[0;32mI (266) main_task: Started on CPU0[0m
[0;32mI (276) main_task: Calling app_main()[0m
[0;32mI (276) EX2: Exercise 2 - Real-time system[0m

assert failed: prvInitialiseNewTask tasks.c:1111 (uxPriority < ( 25 ))


Backtrace: 0x40085329:0x3ffb3d90 0x400852f1:0x3ffb3db0 0x4008b415:0x3ffb3dd0 0x40086b13:0x3ffb3ef0 0x4008827c:0x3ffb3f20 0x400d60ea:0x3ffb3f60 0x400e2f41:0x3ffb3f90 0x40085cf9:0x3ffb3fc0




ELF file SHA256: 81fdb8940

Rebooting...
ets Jul 29 2019 12:21:46

rst:0xc (SW_CPU_RESET),boot:0x12 (SPI_FAST_FLASH_BOOT)
configsip: 0, SPIWP:0xee
clk_drv:0x00,q_drv:0x00,d_drv:0x00,cs0_drv:0x00,hd_drv:0x00,wp_drv:0x00
mode:DIO, clock div:2
load:0x3fff0030,len:6380
ho 0 tail 12 room 4
load:0x40078000,len:15916
load:0x40080400,len:3860
entry 0x40080638
[0;32mI (29) boot: ESP-IDF v5.5.1 2nd stage bootloader[0m
[0;32mI (29) boot: compile time Oct 25 2025 02:05:26[0m
[0;32mI (29) boot: Multicore bootloader[0m
[0;32mI (31) boot: chip revision: v3.0[0m
[0;32mI (33) boot.esp32: SPI Speed      : 40MHz[0m
[0;32mI (37) boot.esp32: SPI Mode       : DIO[0m
[0;32mI (41) boot.esp32: SPI Flash Size : 2MB[0m
[0;32mI (44) boot: Enabling RNG early entropy source...[0m
[0;32mI (49) boot: Partition Table:[0m
[0;32mI (51) boot: ## Label            Usage          Type ST Offset   Length[0m
[0;32mI (58) boot:  0 nvs              WiFi data        01 02 00009000 00006000[0m
[0;32mI (64) boot:  1 phy_init         RF data          01 01 0000f000 00001000[0m
[0;32mI (71) boot:  2 factory          factory app      00 00 00010000 00100000[0m
[0;32mI (77) boot: End of partition table[0m
[0;32mI (80) esp_image: segment 0: paddr=00010020 vaddr=3f400020 size=09ad8h ( 39640) map[0m
[0;32mI (101) esp_image: segment 1: paddr=00019b00 vaddr=3ffb0000 size=023d8h (  9176) load[0m
[0;32mI (105) esp_image: segment 2: paddr=0001bee0 vaddr=40080000 size=04138h ( 16696) load[0m
[0;32mI (112) esp_image: segment 3: paddr=00020020 vaddr=400d0020 size=13628h ( 79400) map[0m
[0;32mI (140) esp_image: segment 4: paddr=00033650 vaddr=40084138 size=08f24h ( 36644) load[0m
[0;32mI (155) esp_image: segment 5: paddr=0003c57c vaddr=50000000 size=00020h (    32) load[0m
[0;32mI (161) boot: Loaded app from partition at offset 0x10000[0m
[0;32mI (161) boot: Disabling RNG early entropy source...[0m
[0;32mI (173) cpu_start: Multicore app[0m
[0;32mI (181) cpu_start: Pro cpu start user code[0m
[0;32mI (181) cpu_start: cpu freq: 160000000 Hz[0m
[0;32mI (181) app_init: Application information:[0m
[0;32mI (181) app_init: Project name:     Core-Pinned[0m
[0;32mI (185) app_init: App version:      8e74e47[0m
[0;32mI (189) app_init: Compile time:     Oct 25 2025 02:04:47[0m
[0;32mI (194) app_init: ELF file SHA256:  81fdb8940...[0m
[0;32mI (199) app_init: ESP-IDF:          v5.5.1[0m
[0;32mI (202) efuse_init: Min chip rev:     v0.0[0m
[0;32mI (206) efuse_init: Max chip rev:     v3.99 [0m
[0;32mI (210) efuse_init: Chip rev:         v3.0[0m
[0;32mI (214) heap_init: Initializing. RAM available for dynamic allocation:[0m
[0;32mI (221) heap_init: At 3FFAE6E0 len 00001920 (6 KiB): DRAM[0m
[0;32mI (226) heap_init: At 3FFB2CA0 len 0002D360 (180 KiB): DRAM[0m
[0;32mI (231) heap_init: At 3FFE0440 len 00003AE0 (14 KiB): D/IRAM[0m
[0;32mI (236) heap_init: At 3FFE4350 len 0001BCB0 (111 KiB): D/IRAM[0m
[0;32mI (242) heap_init: At 4008D05C len 00012FA4 (75 KiB): IRAM[0m
[0;32mI (248) spi_flash: detected chip: generic[0m
[0;32mI (251) spi_flash: flash io: dio[0m
[0;33mW (254) spi_flash: Detected size(4096k) larger than the size in the binary image header(2048k). Using the size in the binary image header.[0m
[0;32mI (266) main_task: Started on CPU0[0m
[0;32mI (276) main_task: Calling app_main()[0m
[0;32mI (276) EX2: Exercise 2 - Real-time system[0m

assert failed: prvInitialiseNewTask tasks.c:1111 (uxPriority < ( 25 ))


Backtrace: 0x40085329:0x3ffb3d90 0x400852f1:0x3ffb3db0 0x4008b415:0x3ffb3dd0 0x40086b13:0x3ffb3ef0 0x4008827c:0x3ffb3f20 0x400d60ea:0x3ffb3f60 0x400e2f41:0x3ffb3f90 0x40085cf9:0x3ffb3fc0




ELF file SHA256: 81fdb8940

Rebooting...
ets Jul 29 2019 12:21:46

rst:0xc (SW_CPU_RESET),boot:0x12 (SPI_FAST_FLASH_BOOT)
configsip: 0, SPIWP:0xee
clk_drv:0x00,q_drv:0x00,d_drv:0x00,cs0_drv:0x00,hd_drv:0x00,wp_drv:0x00
mode:DIO, clock div:2
load:0x3fff0030,len:6380
ho 0 tail 12 room 4
load:0x40078000,len:15916
load:0x40080400,len:3860
entry 0x40080638
[0;32mI (29) boot: ESP-IDF v5.5.1 2nd stage bootloader[0m
[0;32mI (29) boot: compile time Oct 25 2025 02:05:26[0m
[0;32mI (29) boot: Multicore bootloader[0m
[0;32mI (31) boot: chip revision: v3.0[0m
[0;32mI (33) boot.esp32: SPI Speed      : 40MHz[0m
[0;32mI (37) boot.esp32: SPI Mode       : DIO[0m
[0;32mI (41) boot.esp32: SPI Flash Size : 2MB[0m
[0;32mI (44) boot: Enabling RNG early entropy source...[0m
[0;32mI (49) boot: Partition Table:[0m
[0;32mI (51) boot: ## Label            Usage          Type ST Offset   Length[0m
[0;32mI (58) boot:  0 nvs              WiFi data        01 02 00009000 00006000[0m
[0;32mI (64) boot:  1 phy_init         RF data          01 01 0000f000 00001000[0m
[0;32mI (71) boot:  2 factory          factory app      00 00 00010000 00100000[0m
[0;32mI (77) boot: End of partition table[0m
[0;32mI (80) esp_image: segment 0: paddr=00010020 vaddr=3f400020 size=09ad8h ( 39640) map[0m
[0;32mI (101) esp_image: segment 1: paddr=00019b00 vaddr=3ffb0000 size=023d8h (  9176) load[0m
[0;32mI (105) esp_image: segment 2: paddr=0001bee0 vaddr=40080000 size=04138h ( 16696) load[0m
[0;32mI (112) esp_image: segment 3: paddr=00020020 vaddr=400d0020 size=13628h ( 79400) map[0m
[0;32mI (140) esp_image: segment 4: paddr=00033650 vaddr=40084138 size=08f24h ( 36644) load[0m
[0;32mI (155) esp_image: segment 5: paddr=0003c57c vaddr=50000000 size=00020h (    32) load[0m
[0;32mI (161) boot: Loaded app from partition at offset 0x10000[0m
[0;32mI (161) boot: Disabling RNG early entropy source...[0m
[0;32mI (173) cpu_start: Multicore app[0m
[0;32mI (181) cpu_start: Pro cpu start user code[0m
[0;32mI (181) cpu_start: cpu freq: 160000000 Hz[0m
[0;32mI (181) app_init: Application information:[0m
[0;32mI (181) app_init: Project name:     Core-Pinned[0m
[0;32mI (185) app_init: App version:      8e74e47[0m
[0;32mI (189) app_init: Compile time:     Oct 25 2025 02:04:47[0m
[0;32mI (194) app_init: ELF file SHA256:  81fdb8940...[0m
[0;32mI (199) app_init: ESP-IDF:          v5.5.1[0m
[0;32mI (202) efuse_init: Min chip rev:     v0.0[0m
[0;32mI (206) efuse_init: Max chip rev:     v3.99 [0m
[0;32mI (210) efuse_init: Chip rev:         v3.0[0m
[0;32mI (214) heap_init: Initializing. RAM available for dynamic allocation:[0m
[0;32mI (221) heap_init: At 3FFAE6E0 len 00001920 (6 KiB): DRAM[0m
[0;32mI (226) heap_init: At 3FFB2CA0 len 0002D360 (180 KiB): DRAM[0m
[0;32mI (231) heap_init: At 3FFE0440 len 00003AE0 (14 KiB): D/IRAM[0m
[0;32mI (236) heap_init: At 3FFE4350 len 0001BCB0 (111 KiB): D/IRAM[0m
[0;32mI (242) heap_init: At 4008D05C len 00012FA4 (75 KiB): IRAM[0m
[0;32mI (248) spi_flash: detected chip: generic[0m
[0;32mI (251) spi_flash: flash io: dio[0m
[0;33mW (254) spi_flash: Detected size(4096k) larger than the size in the binary image header(2048k). Using the size in the binary image header.[0m
[0;32mI (266) main_task: Started on CPU0[0m
[0;32mI (276) main_task: Calling app_main()[0m
[0;32mI (276) EX2: Exercise 2 - Real-time system[0m

assert failed: prvInitialiseNewTask tasks.c:1111 (uxPriority < ( 25 ))


Backtrace: 0x40085329:0x3ffb3d90 0x400852f1:0x3ffb3db0 0x4008b415:0x3ffb3dd0 0x40086b13:0x3ffb3ef0 0x4008827c:0x3ffb3f20 0x400d60ea:0x3ffb3f60 0x400e2f41:0x3ffb3f90 0x40085cf9:0x3ffb3fc0




ELF file SHA256: 81fdb8940

Rebooting...
ets Jul 29 2019 12:21:46

rst:0xc (SW_CPU_RESET),boot:0x12 (SPI_FAST_FLASH_BOOT)
configsip: 0, SPIWP:0xee
clk_drv:0x00,q_drv:0x00,d_drv:0x00,cs0_drv:0x00,hd_drv:0x00,wp_drv:0x00
mode:DIO, clock div:2
load:0x3fff0030,len:6380
ho 0 tail 12 room 4
load:0x40078000,len:15916
load:0x40080400,len:3860
entry 0x40080638
[0;32mI (29) boot: ESP-IDF v5.5.1 2nd stage bootloader[0m
[0;32mI (29) boot: compile time Oct 25 2025 02:05:26[0m
[0;32mI (29) boot: Multicore bootloader[0m
[0;32mI (31) boot: chip revision: v3.0[0m
[0;32mI (33) boot.esp32: SPI Speed      : 40MHz[0m
[0;32mI (37) boot.esp32: SPI Mode       : DIO[0m
[0;32mI (41) boot.esp32: SPI Flash Size : 2MB[0m
[0;32mI (44) boot: Enabling RNG early entropy source...[0m
[0;32mI (49) boot: Partition Table:[0m
[0;32mI (51) boot: ## Label            Usage          Type ST Offset   Length[0m
[0;32mI (58) boot:  0 nvs              WiFi data        01 02 00009000 00006000[0m
[0;32mI (64) boot:  1 phy_init         RF data          01 01 0000f000 00001000[0m
[0;32mI (71) boot:  2 factory          factory app      00 00 00010000 00100000[0m
[0;32mI (77) boot: End of partition table[0m
[0;32mI (80) esp_image: segment 0: paddr=00010020 vaddr=3f400020 size=09ad8h ( 39640) map[0m
[0;32mI (101) esp_image: segment 1: paddr=00019b00 vaddr=3ffb0000 size=023d8h (  9176) load[0m
[0;32mI (105) esp_image: segment 2: paddr=0001bee0 vaddr=40080000 size=04138h ( 16696) load[0m
[0;32mI (112) esp_image: segment 3: paddr=00020020 vaddr=400d0020 size=13628h ( 79400) map[0m
[0;32mI (140) esp_image: segment 4: paddr=00033650 vaddr=40084138 size=08f24h ( 36644) load[0m
[0;32mI (155) esp_image: segment 5: paddr=0003c57c vaddr=50000000 size=00020h (    32) load[0m
[0;32mI (161) boot: Loaded app from partition at offset 0x10000[0m
[0;32mI (161) boot: Disabling RNG early entropy source...[0m
[0;32mI (173) cpu_start: Multicore app[0m
[0;32mI (181) cpu_start: Pro cpu start user code[0m
[0;32mI (181) cpu_start: cpu freq: 160000000 Hz[0m
[0;32mI (181) app_init: Application information:[0m
[0;32mI (181) app_init: Project name:     Core-Pinned[0m
[0;32mI (185) app_init: App version:      8e74e47[0m
[0;32mI (189) app_init: Compile time:     Oct 25 2025 02:04:47[0m
[0;32mI (194) app_init: ELF file SHA256:  81fdb8940...[0m
[0;32mI (199) app_init: ESP-IDF:          v5.5.1[0m
[0;32mI (202) efuse_init: Min chip rev:     v0.0[0m
[0;32mI (206) efuse_init: Max chip rev:     v3.99 [0m
[0;32mI (210) efuse_init: Chip rev:         v3.0[0m
[0;32mI (214) heap_init: Initializing. RAM available for dynamic allocation:[0m
[0;32mI (221) heap_init: At 3FFAE6E0 len 00001920 (6 KiB): DRAM[0m
[0;32mI (226) heap_init: At 3FFB2CA0 len 0002D360 (180 KiB): DRAM[0m
[0;32mI (231) heap_init: At 3FFE0440 len 00003AE0 (14 KiB): D/IRAM[0m
[0;32mI (236) heap_init: At 3FFE4350 len 0001BCB0 (111 KiB): D/IRAM[0m
[0;32mI (242) heap_init: At 4008D05C len 00012FA4 (75 KiB): IRAM[0m
[0;32mI (248) spi_flash: detected chip: generic[0m
[0;32mI (251) spi_flash: flash io: dio[0m
[0;33mW (254) spi_flash: Detected size(4096k) larger than the size in the binary image header(2048k). Using the size in the binary image header.[0m
[0;32mI (266) main_task: Started on CPU0[0m
[0;32mI (276) main_task: Calling app_main()[0m
[0;32mI (276) EX2: Exercise 2 - Real-time system[0m

assert failed: prvInitialiseNewTask tasks.c:1111 (uxPriority < ( 25 ))


Backtrace: 0x40085329:0x3ffb3d90 0x400852f1:0x3ffb3db0 0x4008b415:0x3ffb3dd0 0x40086b13:0x3ffb3ef0 0x4008827c:0x3ffb3f20 0x400d60ea:0x3ffb3f60 0x400e2f41:0x3ffb3f90 0x40085cf9:0x3ffb3fc0




ELF file SHA256: 81fdb8940

Rebooting...
ets Jul 29 2019 12:21:46

rst:0xc (SW_CPU_RESET),boot:0x12 (SPI_FAST_FLASH_BOOT)
configsip: 0, SPIWP:0xee
clk_drv:0x00,q_drv:0x00,d_drv:0x00,cs0_drv:0x00,hd_drv:0x00,wp_drv:0x00
mode:DIO, clock div:2
load:0x3fff0030,len:6380
ho 0 tail 12 room 4
load:0x40078000,len:15916
load:0x40080400,len:3860
entry 0x40080638
[0;32mI (29) boot: ESP-IDF v5.5.1 2nd stage bootloader[0m
[0;32mI (29) boot: compile time Oct 25 2025 02:05:26[0m
[0;32mI (29) boot: Multicore bootloader[0m
[0;32mI (31) boot: chip revision: v3.0[0m
[0;32mI (33) boot.esp32: SPI Speed      : 40MHz[0m
[0;32mI (37) boot.esp32: SPI Mode       : DIO[0m
[0;32mI (41) boot.esp32: SPI Flash Size : 2MB[0m
[0;32mI (44) boot: Enabling RNG early entropy source...[0m
[0;32mI (49) boot: Partition Table:[0m
[0;32mI (51) boot: ## Label            Usage          Type ST Offset   Length[0m
[0;32mI (58) boot:  0 nvs              WiFi data        01 02 00009000 00006000[0m
[0;32mI (64) boot:  1 phy_init         RF data          01 01 0000f000 00001000[0m
[0;32mI (71) boot:  2 factory          factory app      00 00 00010000 00100000[0m
[0;32mI (77) boot: End of partition table[0m
[0;32mI (80) esp_image: segment 0: paddr=00010020 vaddr=3f400020 size=09ad8h ( 39640) map[0m
[0;32mI (101) esp_image: segment 1: paddr=00019b00 vaddr=3ffb0000 size=023d8h (  9176) load[0m
[0;32mI (105) esp_image: segment 2: paddr=0001bee0 vaddr=40080000 size=04138h ( 16696) load[0m
[0;32mI (112) esp_image: segment 3: paddr=00020020 vaddr=400d0020 size=13628h ( 79400) map[0m
[0;32mI (140) esp_image: segment 4: paddr=00033650 vaddr=40084138 size=08f24h ( 36644) load[0m
[0;32mI (155) esp_image: segment 5: paddr=0003c57c vaddr=50000000 size=00020h (    32) load[0m
[0;32mI (161) boot: Loaded app from partition at offset 0x10000[0m
[0;32mI (161) boot: Disabling RNG early entropy source...[0m
[0;32mI (173) cpu_start: Multicore app[0m
[0;32mI (181) cpu_start: Pro cpu start user code[0m
[0;32mI (181) cpu_start: cpu freq: 160000000 Hz[0m
[0;32mI (181) app_init: Application information:[0m
[0;32mI (181) app_init: Project name:     Core-Pinned[0m
[0;32mI (185) app_init: App version:      8e74e47[0m
[0;32mI (189) app_init: Compile time:     Oct 25 2025 02:04:47[0m
[0;32mI (194) app_init: ELF file SHA256:  81fdb8940...[0m
[0;32mI (199) app_init: ESP-IDF:          v5.5.1[0m
[0;32mI (202) efuse_init: Min chip rev:     v0.0[0m
[0;32mI (206) efuse_init: Max chip rev:     v3.99 [0m
[0;32mI (210) efuse_init: Chip rev:         v3.0[0m
[0;32mI (214) heap_init: Initializing. RAM available for dynamic allocation:[0m
[0;32mI (221) heap_init: At 3FFAE6E0 len 00001920 (6 KiB): DRAM[0m
[0;32mI (226) heap_init: At 3FFB2CA0 len 0002D360 (180 KiB): DRAM[0m
[0;32mI (231) heap_init: At 3FFE0440 len 00003AE0 (14 KiB): D/IRAM[0m
[0;32mI (236) heap_init: At 3FFE4350 len 0001BCB0 (111 KiB): D/IRAM[0m
[0;32mI (242) heap_init: At 4008D05C len 00012FA4 (75 KiB): IRAM[0m
[0;32mI (248) spi_flash: detected chip: generic[0m
[0;32mI (251) spi_flash: flash io: dio[0m
[0;33mW (254) spi_flash: Detected size(4096k) larger than the size in the binary image header(2048k). Using the size in the binary image header.[0m
[0;32mI (266) main_task: Started on CPU0[0m
[0;32mI (276) main_task: Calling app_main()[0m
[0;32mI (276) EX2: Exercise 2 - Real-time system[0m

assert failed: prvInitialiseNewTask tasks.c:1111 (uxPriority < ( 25 ))


Backtrace: 0x40085329:0x3ffb3d90 0x400852f1:0x3ffb3db0 0x4008b415:0x3ffb3dd0 0x40086b13:0x3ffb3ef0 0x4008827c:0x3ffb3f20 0x400d60ea:0x3ffb3f60 0x400e2f41:0x3ffb3f90 0x40085cf9:0x3ffb3fc0




ELF file SHA256: 81fdb8940

Rebooting...
ets Jul 29 2019 12:21:46

rst:0xc (SW_CPU_RESET),boot:0x12 (SPI_FAST_FLASH_BOOT)
configsip: 0, SPIWP:0xee
clk_drv:0x00,q_drv:0x00,d_drv:0x00,cs0_drv:0x00,hd_drv:0x00,wp_drv:0x00
mode:DIO, clock div:2
load:0x3fff0030,len:6380
ho 0 tail 12 room 4
load:0x40078000,len:15916
load:0x40080400,len:3860
entry 0x40080638
[0;32mI (29) boot: ESP-IDF v5.5.1 2nd stage bootloader[0m
[0;32mI (29) boot: compile time Oct 25 2025 02:05:26[0m
[0;32mI (29) boot: Multicore bootloader[0m
[0;32mI (31) boot: chip revision: v3.0[0m
[0;32mI (33) boot.esp32: SPI Speed      : 40MHz[0m
[0;32mI (37) boot.esp32: SPI Mode       : DIO[0m
[0;32mI (41) boot.esp32: SPI Flash Size : 2MB[0m
[0;32mI (44) boot: Enabling RNG early entropy source...[0m
[0;32mI (49) boot: Partition Table:[0m
[0;32mI (51) boot: ## Label            Usage          Type ST Offset   Length[0m
[0;32mI (58) boot:  0 nvs              WiFi data        01 02 00009000 00006000[0m
[0;32mI (64) boot:  1 phy_init         RF data          01 01 0000f000 00001000[0m
[0;32mI (71) boot:  2 factory          factory app      00 00 00010000 00100000[0m
[0;32mI (77) boot: End of partition table[0m
[0;32mI (80) esp_image: segment 0: paddr=00010020 vaddr=3f400020 size=09ad8h ( 39640) map[0m
[0;32mI (101) esp_image: segment 1: paddr=00019b00 vaddr=3ffb0000 size=023d8h (  9176) load[0m
[0;32mI (105) esp_image: segment 2: paddr=0001bee0 vaddr=40080000 size=04138h ( 16696) load[0m
[0;32mI (112) esp_image: segment 3: paddr=00020020 vaddr=400d0020 size=13628h ( 79400) map[0m
[0;32mI (140) esp_image: segment 4: paddr=00033650 vaddr=40084138 size=08f24h ( 36644) load[0m
[0;32mI (155) esp_image: segment 5: paddr=0003c57c vaddr=50000000 size=00020h (    32) load[0m
[0;32mI (161) boot: Loaded app from partition at offset 0x10000[0m
[0;32mI (161) boot: Disabling RNG early entropy source...[0m
[0;32mI (173) cpu_start: Multicore app[0m
[0;32mI (181) cpu_start: Pro cpu start user code[0m
[0;32mI (181) cpu_start: cpu freq: 160000000 Hz[0m
[0;32mI (181) app_init: Application information:[0m
[0;32mI (181) app_init: Project name:     Core-Pinned[0m
[0;32mI (185) app_init: App version:      8e74e47[0m
[0;32mI (189) app_init: Compile time:     Oct 25 2025 02:04:47[0m
[0;32mI (194) app_init: ELF file SHA256:  81fdb8940...[0m
[0;32mI (199) app_init: ESP-IDF:          v5.5.1[0m
[0;32mI (202) efuse_init: Min chip rev:     v0.0[0m
[0;32mI (206) efuse_init: Max chip rev:     v3.99 [0m
[0;32mI (210) efuse_init: Chip rev:         v3.0[0m
[0;32mI (214) heap_init: Initializing. RAM available for dynamic allocation:[0m
[0;32mI (221) heap_init: At 3FFAE6E0 len 00001920 (6 KiB): DRAM[0m
[0;32mI (226) heap_init: At 3FFB2CA0 len 0002D360 (180 KiB): DRAM[0m
[0;32mI (231) heap_init: At 3FFE0440 len 00003AE0 (14 KiB): D/IRAM[0m
[0;32mI (236) heap_init: At 3FFE4350 len 0001BCB0 (111 KiB): D/IRAM[0m
[0;32mI (242) heap_init: At 4008D05C len 00012FA4 (75 KiB): IRAM[0m
[0;32mI (248) spi_flash: detected chip: generic[0m
[0;32mI (251) spi_flash: flash io: dio[0m
[0;33mW (254) spi_flash: Detected size(4096k) larger than the size in the binary image header(2048k). Using the size in the binary image header.[0m
[0;32mI (266) main_task: Started on CPU0[0m
[0;32mI (276) main_task: Calling app_main()[0m
[0;32mI (276) EX2: Exercise 2 - Real-time system[0m

assert failed: prvInitialiseNewTask tasks.c:1111 (uxPriority < ( 25 ))


Backtrace: 0x40085329:0x3ffb3d90 0x400852f1:0x3ffb3db0 0x4008b415:0x3ffb3dd0 0x40086b13:0x3ffb3ef0 0x4008827c:0x3ffb3f20 0x400d60ea:0x3ffb3f60 0x400e2f41:0x3ffb3f90 0x40085cf9:0x3ffb3fc0




ELF file SHA256: 81fdb8940

Rebooting...
ets Jul 29 2019 12:21:46

rst:0xc (SW_CPU_RESET),boot:0x12 (SPI_FAST_FLASH_BOOT)
configsip: 0, SPIWP:0xee
clk_drv:0x00,q_drv:0x00,d_drv:0x00,cs0_drv:0x00,hd_drv:0x00,wp_drv:0x00
mode:DIO, clock div:2
load:0x3fff0030,len:6380
ho 0 tail 12 room 4
load:0x40078000,len:15916
load:0x40080400,len:3860
entry 0x40080638
[0;32mI (29) boot: ESP-IDF v5.5.1 2nd stage bootloader[0m
[0;32mI (29) boot: compile time Oct 25 2025 02:05:26[0m
[0;32mI (29) boot: Multicore bootloader[0m
[0;32mI (31) boot: chip revision: v3.0[0m
[0;32mI (33) boot.esp32: SPI Speed      : 40MHz[0m
[0;32mI (37) boot.esp32: SPI Mode       : DIO[0m
[0;32mI (41) boot.esp32: SPI Flash Size : 2MB[0m
[0;32mI (44) boot: Enabling RNG early entropy source...[0m
[0;32mI (49) boot: Partition Table:[0m
[0;32mI (51) boot: ## Label            Usage          Type ST Offset   Length[0m
[0;32mI (58) boot:  0 nvs              WiFi data        01 02 00009000 00006000[0m
[0;32mI (64) boot:  1 phy_init         RF data          01 01 0000f000 00001000[0m
[0;32mI (71) boot:  2 factory          factory app      00 00 00010000 00100000[0m
[0;32mI (77) boot: End of partition table[0m
[0;32mI (80) esp_image: segment 0: paddr=00010020 vaddr=3f400020 size=09ad8h ( 39640) map[0m
[0;32mI (101) esp_image: segment 1: paddr=00019b00 vaddr=3ffb0000 size=023d8h (  9176) load[0m
[0;32mI (105) esp_image: segment 2: paddr=0001bee0 vaddr=40080000 size=04138h ( 16696) load[0m
[0;32mI (112) esp_image: segment 3: paddr=00020020 vaddr=400d0020 size=13628h ( 79400) map[0m
[0;32mI (140) esp_image: segment 4: paddr=00033650 vaddr=40084138 size=08f24h ( 36644) load[0m
[0;32mI (155) esp_image: segment 5: paddr=0003c57c vaddr=50000000 size=00020h (    32) load[0m
[0;32mI (161) boot: Loaded app from partition at offset 0x10000[0m
[0;32mI (161) boot: Disabling RNG early entropy source...[0m
[0;32mI (173) cpu_start: Multicore app[0m
[0;32mI (181) cpu_start: Pro cpu start user code[0m
[0;32mI (181) cpu_start: cpu freq: 160000000 Hz[0m
[0;32mI (181) app_init: Application information:[0m
[0;32mI (181) app_init: Project name:     Core-Pinned[0m
[0;32mI (185) app_init: App version:      8e74e47[0m
[0;32mI (189) app_init: Compile time:     Oct 25 2025 02:04:47[0m
[0;32mI (194) app_init: ELF file SHA256:  81fdb8940...[0m
[0;32mI (199) app_init: ESP-IDF:          v5.5.1[0m
[0;32mI (202) efuse_init: Min chip rev:     v0.0[0m
[0;32mI (206) efuse_init: Max chip rev:     v3.99 [0m
[0;32mI (210) efuse_init: Chip rev:         v3.0[0m
[0;32mI (214) heap_init: Initializing. RAM available for dynamic allocation:[0m
[0;32mI (221) heap_init: At 3FFAE6E0 len 00001920 (6 KiB): DRAM[0m
[0;32mI (226) heap_init: At 3FFB2CA0 len 0002D360 (180 KiB): DRAM[0m
[0;32mI (231) heap_init: At 3FFE0440 len 00003AE0 (14 KiB): D/IRAM[0m
[0;32mI (236) heap_init: At 3FFE4350 len 0001BCB0 (111 KiB): D/IRAM[0m
[0;32mI (242) heap_init: At 4008D05C len 00012FA4 (75 KiB): IRAM[0m
[0;32mI (248) spi_flash: detected chip: generic[0m
[0;32mI (251) spi_flash: flash io: dio[0m
[0;33mW (254) spi_flash: Detected size(4096k) larger than the size in the binary image header(2048k). Using the size in the binary image header.[0m
[0;32mI (266) main_task: Started on CPU0[0m
[0;32mI (276) main_task: Calling app_main()[0m
[0;32mI (276) EX2: Exercise 2 - Real-time system[0m

assert failed: prvInitialiseNewTask tasks.c:1111 (uxPriority < ( 25 ))


Backtrace: 0x40085329:0x3ffb3d90 0x400852f1:0x3ffb3db0 0x4008b415:0x3ffb3dd0 0x40086b13:0x3ffb3ef0 0x4008827c:0x3ffb3f20 0x400d60ea:0x3ffb3f60 0x400e2f41:0x3ffb3f90 0x40085cf9:0x3ffb3fc0




ELF file SHA256: 81fdb8940

Rebooting...
ets Jul 29 2019 12:21:46

rst:0xc (SW_CPU_RESET),boot:0x12 (SPI_FAST_FLASH_BOOT)
configsip: 0, SPIWP:0xee
clk_drv:0x00,q_drv:0x00,d_drv:0x00,cs0_drv:0x00,hd_drv:0x00,wp_drv:0x00
mode:DIO, clock div:2
load:0x3fff0030,len:6380
ho 0 tail 12 room 4
load:0x40078000,len:15916
load:0x40080400,len:3860
entry 0x40080638
[0;32mI (29) boot: ESP-IDF v5.5.1 2nd stage bootloader[0m
[0;32mI (29) boot: compile time Oct 25 2025 02:05:26[0m
[0;32mI (29) boot: Multicore bootloader[0m
[0;32mI (31) boot: chip revision: v3.0[0m
[0;32mI (33) boot.esp32: SPI Speed      : 40MHz[0m
[0;32mI (37) boot.esp32: SPI Mode       : DIO[0m
[0;32mI (41) boot.esp32: SPI Flash Size : 2MB[0m
[0;32mI (44) boot: Enabling RNG early entropy source...[0m
[0;32mI (49) boot: Partition Table:[0m
[0;32mI (51) boot: ## Label            Usage          Type ST Offset   Length[0m
[0;32mI (58) boot:  0 nvs              WiFi data        01 02 00009000 00006000[0m
[0;32mI (64) boot:  1 phy_init         RF data          01 01 0000f000 00001000[0m
[0;32mI (71) boot:  2 factory          factory app      00 00 00010000 00100000[0m
[0;32mI (77) boot: End of partition table[0m
[0;32mI (80) esp_image: segment 0: paddr=00010020 vaddr=3f400020 size=09ad8h ( 39640) map[0m
[0;32mI (101) esp_image: segment 1: paddr=00019b00 vaddr=3ffb0000 size=023d8h (  9176) load[0m
[0;32mI (105) esp_image: segment 2: paddr=0001bee0 vaddr=40080000 size=04138h ( 16696) load[0m
[0;32mI (112) esp_image: segment 3: paddr=00020020 vaddr=400d0020 size=13628h ( 79400) map[0m
[0;32mI (140) esp_image: segment 4: paddr=00033650 vaddr=40084138 size=08f24h ( 36644) load[0m
[0;32mI (155) esp_image: segment 5: paddr=0003c57c vaddr=50000000 size=00020h (    32) load[0m
[0;32mI (161) boot: Loaded app from partition at offset 0x10000[0m
[0;32mI (161) boot: Disabling RNG early entropy source...[0m
[0;32mI (173) cpu_start: Multicore app[0m
[0;32mI (181) cpu_start: Pro cpu start user code[0m
[0;32mI (181) cpu_start: cpu freq: 160000000 Hz[0m
[0;32mI (181) app_init: Application information:[0m
[0;32mI (181) app_init: Project name:     Core-Pinned[0m
[0;32mI (185) app_init: App version:      8e74e47[0m
[0;32mI (189) app_init: Compile time:     Oct 25 2025 02:04:47[0m
[0;32mI (194) app_init: ELF file SHA256:  81fdb8940...[0m
[0;32mI (199) app_init: ESP-IDF:          v5.5.1[0m
[0;32mI (202) efuse_init: Min chip rev:     v0.0[0m
[0;32mI (206) efuse_init: Max chip rev:     v3.99 [0m
[0;32mI (210) efuse_init: Chip rev:         v3.0[0m
[0;32mI (214) heap_init: Initializing. RAM available for dynamic allocation:[0m
[0;32mI (221) heap_init: At 3FFAE6E0 len 00001920 (6 KiB): DRAM[0m
[0;32mI (226) heap_init: At 3FFB2CA0 len 0002D360 (180 KiB): DRAM[0m
[0;32mI (231) heap_init: At 3FFE0440 len 00003AE0 (14 KiB): D/IRAM[0m
[0;32mI (236) heap_init: At 3FFE4350 len 0001BCB0 (111 KiB): D/IRAM[0m
[0;32mI (242) heap_init: At 4008D05C len 00012FA4 (75 KiB): IRAM[0m
[0;32mI (248) spi_flash: detected chip: generic[0m
[0;32mI (251) spi_flash: flash io: dio[0m
[0;33mW (254) spi_flash: Detected size(4096k) larger than the size in the binary image header(2048k). Using the size in the binary image header.[0m
[0;32mI (266) main_task: Started on CPU0[0m
[0;32mI (276) main_task: Calling app_main()[0m
[0;32mI (276) EX2: Exercise 2 - Real-time system[0m

assert failed: prvInitialiseNewTask tasks.c:1111 (uxPriority < ( 25 ))


Backtrace: 0x40085329:0x3ffb3d90 0x400852f1:0x3ffb3db0 0x4008b415:0x3ffb3dd0 0x40086b13:0x3ffb3ef0 0x4008827c:0x3ffb3f20 0x400d60ea:0x3ffb3f60 0x400e2f41:0x3ffb3f90 0x40085cf9:0x3ffb3fc0




ELF file SHA256: 81fdb8940

Rebooting...
ets Jul 29 2019 12:21:46

rst:0xc (SW_CPU_RESET),boot:0x12 (SPI_FAST_FLASH_BOOT)
configsip: 0, SPIWP:0xee
clk_drv:0x00,q_drv:0x00,d_drv:0x00,cs0_drv:0x00,hd_drv:0x00,wp_drv:0x00
mode:DIO, clock div:2
load:0x3fff0030,len:6380
ho 0 tail 12 room 4
load:0x40078000,len:15916
load:0x40080400,len:3860
entry 0x40080638
[0;32mI (29) boot: ESP-IDF v5.5.1 2nd stage bootloader[0m
[0;32mI (29) boot: compile time Oct 25 2025 02:05:26[0m
[0;32mI (29) boot: Multicore bootloader[0m
[0;32mI (31) boot: chip revision: v3.0[0m
[0;32mI (33) boot.esp32: SPI Speed      : 40MHz[0m
[0;32mI (37) boot.esp32: SPI Mode       : DIO[0m
[0;32mI (41) boot.esp32: SPI Flash Size : 2MB[0m
[0;32mI (44) boot: Enabling RNG early entropy source...[0m
[0;32mI (49) boot: Partition Table:[0m
[0;32mI (51) boot: ## Label            Usage          Type ST Offset   Length[0m
[0;32mI (58) boot:  0 nvs              WiFi data        01 02 00009000 00006000[0m
[0;32mI (64) boot:  1 phy_init         RF data          01 01 0000f000 00001000[0m
[0;32mI (71) boot:  2 factory          factory app      00 00 00010000 00100000[0m
[0;32mI (77) boot: End of partition table[0m
[0;32mI (80) esp_image: segment 0: paddr=00010020 vaddr=3f400020 size=09ad8h ( 39640) map[0m
[0;32mI (101) esp_image: segment 1: paddr=00019b00 vaddr=3ffb0000 size=023d8h (  9176) load[0m
[0;32mI (105) esp_image: segment 2: paddr=0001bee0 vaddr=40080000 size=04138h ( 16696) load[0m
[0;32mI (112) esp_image: segment 3: paddr=00020020 vaddr=400d0020 size=13628h ( 79400) map[0m
[0;32mI (140) esp_image: segment 4: paddr=00033650 vaddr=40084138 size=08f24h ( 36644) load[0m
[0;32mI (155) esp_image: segment 5: paddr=0003c57c vaddr=50000000 size=00020h (    32) load[0m
[0;32mI (161) boot: Loaded app from partition at offset 0x10000[0m
[0;32mI (161) boot: Disabling RNG early entropy source...[0m
[0;32mI (173) cpu_start: Multicore app[0m
[0;32mI (181) cpu_start: Pro cpu start user code[0m
[0;32mI (181) cpu_start: cpu freq: 160000000 Hz[0m
[0;32mI (181) app_init: Application information:[0m
[0;32mI (181) app_init: Project name:     Core-Pinned[0m
[0;32mI (185) app_init: App version:      8e74e47[0m
[0;32mI (189) app_init: Compile time:     Oct 25 2025 02:04:47[0m
[0;32mI (194) app_init: ELF file SHA256:  81fdb8940...[0m
[0;32mI (199) app_init: ESP-IDF:          v5.5.1[0m
[0;32mI (202) efuse_init: Min chip rev:     v0.0[0m
[0;32mI (206) efuse_init: Max chip rev:     v3.99 [0m
[0;32mI (210) efuse_init: Chip rev:         v3.0[0m
[0;32mI (214) heap_init: Initializing. RAM available for dynamic allocation:[0m
[0;32mI (221) heap_init: At 3FFAE6E0 len 00001920 (6 KiB): DRAM[0m
[0;32mI (226) heap_init: At 3FFB2CA0 len 0002D360 (180 KiB): DRAM[0m
[0;32mI (231) heap_init: At 3FFE0440 len 00003AE0 (14 KiB): D/IRAM[0m
[0;32mI (236) heap_init: At 3FFE4350 len 0001BCB0 (111 KiB): D/IRAM[0m
[0;32mI (242) heap_init: At 4008D05C len 00012FA4 (75 KiB): IRAM[0m
[0;32mI (248) spi_flash: detected chip: generic[0m
[0;32mI (251) spi_flash: flash io: dio[0m
[0;33mW (254) spi_flash: Detected size(4096k) larger than the size in the binary image header(2048k). Using the size in the binary image header.[0m
[0;32mI (266) main_task: Started on CPU0[0m
[0;32mI (276) main_task: Calling app_main()[0m
[0;32mI (276) EX2: Exercise 2 - Real-time system[0m

assert failed: prvInitialiseNewTask tasks.c:1111 (uxPriority < ( 25 ))


Backtrace: 0x40085329:0x3ffb3d90 0x400852f1:0x3ffb3db0 0x4008b415:0x3ffb3dd0 0x40086b13:0x3ffb3ef0 0x4008827c:0x3ffb3f20 0x400d60ea:0x3ffb3f60 0x400e2f41:0x3ffb3f90 0x40085cf9:0x3ffb3fc0




ELF file SHA256: 81fdb8940

Rebooting...
ets Jul 29 2019 12:21:46

rst:0xc (SW_CPU_RESET),boot:0x12 (SPI_FAST_FLASH_BOOT)
configsip: 0, SPIWP:0xee
clk_drv:0x00,q_drv:0x00,d_drv:0x00,cs0_drv:0x00,hd_drv:0x00,wp_drv:0x00
mode:DIO, clock div:2
load:0x3fff0030,len:6380
ho 0 tail 12 room 4
load:0x40078000,len:15916
load:0x40080400,len:3860
entry 0x40080638
[0;32mI (29) boot: ESP-IDF v5.5.1 2nd stage bootloader[0m
[0;32mI (29) boot: compile time Oct 25 2025 02:05:26[0m
[0;32mI (29) boot: Multicore bootloader[0m
[0;32mI (31) boot: chip revision: v3.0[0m
[0;32mI (33) boot.esp32: SPI Speed      : 40MHz[0m
[0;32mI (37) boot.esp32: SPI Mode       : DIO[0m
[0;32mI (41) boot.esp32: SPI Flash Size : 2MB[0m
[0;32mI (44) boot: Enabling RNG early entropy source...[0m
[0;32mI (49) boot: Partition Table:[0m
[0;32mI (51) boot: ## Label            Usage          Type ST Offset   Length[0m
[0;32mI (58) boot:  0 nvs              WiFi data        01 02 00009000 00006000[0m
[0;32mI (64) boot:  1 phy_init         RF data          01 01 0000f000 00001000[0m
[0;32mI (71) boot:  2 factory          factory app      00 00 00010000 00100000[0m
[0;32mI (77) boot: End of partition table[0m
[0;32mI (80) esp_image: segment 0: paddr=00010020 vaddr=3f400020 size=09ad8h ( 39640) map[0m
[0;32mI (101) esp_image: segment 1: paddr=00019b00 vaddr=3ffb0000 size=023d8h (  9176) load[0m
[0;32mI (105) esp_image: segment 2: paddr=0001bee0 vaddr=40080000 size=04138h ( 16696) load[0m
[0;32mI (112) esp_image: segment 3: paddr=00020020 vaddr=400d0020 size=13628h ( 79400) map[0m
[0;32mI (140) esp_image: segment 4: paddr=00033650 vaddr=40084138 size=08f24h ( 36644) load[0m
[0;32mI (155) esp_image: segment 5: paddr=0003c57c vaddr=50000000 size=00020h (    32) load[0m
[0;32mI (161) boot: Loaded app from partition at offset 0x10000[0m
[0;32mI (161) boot: Disabling RNG early entropy source...[0m
[0;32mI (173) cpu_start: Multicore app[0m
[0;32mI (181) cpu_start: Pro cpu start user code[0m
[0;32mI (181) cpu_start: cpu freq: 160000000 Hz[0m
[0;32mI (181) app_init: Application information:[0m
[0;32mI (181) app_init: Project name:     Core-Pinned[0m
[0;32mI (185) app_init: App version:      8e74e47[0m
[0;32mI (189) app_init: Compile time:     Oct 25 2025 02:04:47[0m
[0;32mI (194) app_init: ELF file SHA256:  81fdb8940...[0m
[0;32mI (199) app_init: ESP-IDF:          v5.5.1[0m
[0;32mI (202) efuse_init: Min chip rev:     v0.0[0m
[0;32mI (206) efuse_init: Max chip rev:     v3.99 [0m
[0;32mI (210) efuse_init: Chip rev:         v3.0[0m
[0;32mI (214) heap_init: Initializing. RAM available for dynamic allocation:[0m
[0;32mI (221) heap_init: At 3FFAE6E0 len 00001920 (6 KiB): DRAM[0m
[0;32mI (226) heap_init: At 3FFB2CA0 len 0002D360 (180 KiB): DRAM[0m
[0;32mI (231) heap_init: At 3FFE0440 len 00003AE0 (14 KiB): D/IRAM[0m
[0;32mI (236) heap_init: At 3FFE4350 len 0001BCB0 (111 KiB): D/IRAM[0m
[0;32mI (242) heap_init: At 4008D05C len 00012FA4 (75 KiB): IRAM[0m
[0;32mI (248) spi_flash: detected chip: generic[0m
[0;32mI (251) spi_flash: flash io: dio[0m
[0;33mW (254) spi_flash: Detected size(4096k) larger than the size in the binary image header(2048k). Using the size in the binary image header.[0m
[0;32mI (266) main_task: Started on CPU0[0m
[0;32mI (276) main_task: Calling app_main()[0m
[0;32mI (276) EX2: Exercise 2 - Real-time system[0m

assert failed: prvInitialiseNewTask tasks.c:1111 (uxPriority < ( 25 ))


Backtrace: 0x40085329:0x3ffb3d90 0x400852f1:0x3ffb3db0 0x4008b415:0x3ffb3dd0 0x40086b13:0x3ffb3ef0 0x4008827c:0x3ffb3f20 0x400d60ea:0x3ffb3f60 0x400e2f41:0x3ffb3f90 0x40085cf9:0x3ffb3fc0




ELF file SHA256: 81fdb8940

Rebooting...
ets Jul 29 2019 12:21:46

rst:0xc (SW_CPU_RESET),boot:0x12 (SPI_FAST_FLASH_BOOT)
configsip: 0, SPIWP:0xee
clk_drv:0x00,q_drv:0x00,d_drv:0x00,cs0_drv:0x00,hd_drv:0x00,wp_drv:0x00
mode:DIO, clock div:2
load:0x3fff0030,len:6380
ho 0 tail 12 room 4
load:0x40078000,len:15916
load:0x40080400,len:3860
entry 0x40080638
[0;32mI (29) boot: ESP-IDF v5.5.1 2nd stage bootloader[0m
[0;32mI (29) boot: compile time Oct 25 2025 02:05:26[0m
[0;32mI (29) boot: Multicore bootloader[0m
[0;32mI (31) boot: chip revision: v3.0[0m
[0;32mI (33) boot.esp32: SPI Speed      : 40MHz[0m
[0;32mI (37) boot.esp32: SPI Mode       : DIO[0m
[0;32mI (41) boot.esp32: SPI Flash Size : 2MB[0m
[0;32mI (44) boot: Enabling RNG early entropy source...[0m
[0;32mI (49) boot: Partition Table:[0m
[0;32mI (51) boot: ## Label            Usage          Type ST Offset   Length[0m
[0;32mI (58) boot:  0 nvs              WiFi data        01 02 00009000 00006000[0m
[0;32mI (64) boot:  1 phy_init         RF data          01 01 0000f000 00001000[0m
[0;32mI (71) boot:  2 factory          factory app      00 00 00010000 00100000[0m
[0;32mI (77) boot: End of partition table[0m
[0;32mI (80) esp_image: segment 0: paddr=00010020 vaddr=3f400020 size=09ad8h ( 39640) map[0m
[0;32mI (101) esp_image: segment 1: paddr=00019b00 vaddr=3ffb0000 size=023d8h (  9176) load[0m
[0;32mI (105) esp_image: segment 2: paddr=0001bee0 vaddr=40080000 size=04138h ( 16696) load[0m
[0;32mI (112) esp_image: segment 3: paddr=00020020 vaddr=400d0020 size=13628h ( 79400) map[0m
[0;32mI (140) esp_image: segment 4: paddr=00033650 vaddr=40084138 size=08f24h ( 36644) load[0m
[0;32mI (155) esp_image: segment 5: paddr=0003c57c vaddr=50000000 size=00020h (    32) load[0m
[0;32mI (161) boot: Loaded app from partition at offset 0x10000[0m
[0;32mI (161) boot: Disabling RNG early entropy source...[0m
[0;32mI (173) cpu_start: Multicore app[0m
[0;32mI (181) cpu_start: Pro cpu start user code[0m
[0;32mI (181) cpu_start: cpu freq: 160000000 Hz[0m
[0;32mI (181) app_init: Application information:[0m
[0;32mI (181) app_init: Project name:     Core-Pinned[0m
[0;32mI (185) app_init: App version:      8e74e47[0m
[0;32mI (189) app_init: Compile time:     Oct 25 2025 02:04:47[0m
[0;32mI (194) app_init: ELF file SHA256:  81fdb8940...[0m
[0;32mI (199) app_init: ESP-IDF:          v5.5.1[0m
[0;32mI (202) efuse_init: Min chip rev:     v0.0[0m
[0;32mI (206) efuse_init: Max chip rev:     v3.99 [0m
[0;32mI (210) efuse_init: Chip rev:         v3.0[0m
[0;32mI (214) heap_init: Initializing. RAM available for dynamic allocation:[0m
[0;32mI (221) heap_init: At 3FFAE6E0 len 00001920 (6 KiB): DRAM[0m
[0;32mI (226) heap_init: At 3FFB2CA0 len 0002D360 (180 KiB): DRAM[0m
[0;32mI (231) heap_init: At 3FFE0440 len 00003AE0 (14 KiB): D/IRAM[0m
[0;32mI (236) heap_init: At 3FFE4350 len 0001BCB0 (111 KiB): D/IRAM[0m
[0;32mI (242) heap_init: At 4008D05C len 00012FA4 (75 KiB): IRAM[0m
[0;32mI (248) spi_flash: detected chip: generic[0m
[0;32mI (251) spi_flash: flash io: dio[0m
[0;33mW (254) spi_flash: Detected size(4096k) larger than the size in the binary image header(2048k). Using the size in the binary image header.[0m
[0;32mI (266) main_task: Started on CPU0[0m
[0;32mI (276) main_task: Calling app_main()[0m
[0;32mI (276) EX2: Exercise 2 - Real-time system[0m

assert failed: prvInitialiseNewTask tasks.c:1111 (uxPriority < ( 25 ))


Backtrace: 0x40085329:0x3ffb3d90 0x400852f1:0x3ffb3db0 0x4008b415:0x3ffb3dd0 0x40086b13:0x3ffb3ef0 0x4008827c:0x3ffb3f20 0x400d60ea:0x3ffb3f60 0x400e2f41:0x3ffb3f90 0x40085cf9:0x3ffb3fc0




ELF file SHA256: 81fdb8940

Rebooting...
ets Jul 29 2019 12:21:46

rst:0xc (SW_CPU_RESET),boot:0x12 (SPI_FAST_FLASH_BOOT)
configsip: 0, SPIWP:0xee
clk_drv:0x00,q_drv:0x00,d_drv:0x00,cs0_drv:0x00,hd_drv:0x00,wp_drv:0x00
mode:DIO, clock div:2
load:0x3fff0030,len:6380
ho 0 tail 12 room 4
load:0x40078000,len:15916
load:0x40080400,len:3860
entry 0x40080638
[0;32mI (29) boot: ESP-IDF v5.5.1 2nd stage bootloader[0m
[0;32mI (29) boot: compile time Oct 25 2025 02:05:26[0m
[0;32mI (29) boot: Multicore bootloader[0m
[0;32mI (31) boot: chip revision: v3.0[0m
[0;32mI (33) boot.esp32: SPI Speed      : 40MHz[0m
[0;32mI (37) boot.esp32: SPI Mode       : DIO[0m
[0;32mI (41) boot.esp32: SPI Flash Size : 2MB[0m
[0;32mI (44) boot: Enabling RNG early entropy source...[0m
[0;32mI (49) boot: Partition Table:[0m
[0;32mI (51) boot: ## Label            Usage          Type ST Offset   Length[0m
[0;32mI (58) boot:  0 nvs              WiFi data        01 02 00009000 00006000[0m
[0;32mI (64) boot:  1 phy_init         RF data          01 01 0000f000 00001000[0m
[0;32mI (71) boot:  2 factory          factory app      00 00 00010000 00100000[0m
[0;32mI (77) boot: End of partition table[0m
[0;32mI (80) esp_image: segment 0: paddr=00010020 vaddr=3f400020 size=09ad8h ( 39640) map[0m
[0;32mI (101) esp_image: segment 1: paddr=00019b00 vaddr=3ffb0000 size=023d8h (  9176) load[0m
[0;32mI (105) esp_image: segment 2: paddr=0001bee0 vaddr=40080000 size=04138h ( 16696) load[0m
[0;32mI (112) esp_image: segment 3: paddr=00020020 vaddr=400d0020 size=13628h ( 79400) map[0m
[0;32mI (140) esp_image: segment 4: paddr=00033650 vaddr=40084138 size=08f24h ( 36644) load[0m
[0;32mI (155) esp_image: segment 5: paddr=0003c57c vaddr=50000000 size=00020h (    32) load[0m
[0;32mI (161) boot: Loaded app from partition at offset 0x10000[0m
[0;32mI (161) boot: Disabling RNG early entropy source...[0m
[0;32mI (173) cpu_start: Multicore app[0m
[0;32mI (181) cpu_start: Pro cpu start user code[0m
[0;32mI (181) cpu_start: cpu freq: 160000000 Hz[0m
[0;32mI (181) app_init: Application information:[0m
[0;32mI (181) app_init: Project name:     Core-Pinned[0m
[0;32mI (185) app_init: App version:      8e74e47[0m
[0;32mI (189) app_init: Compile time:     Oct 25 2025 02:04:47[0m
[0;32mI (194) app_init: ELF file SHA256:  81fdb8940...[0m
[0;32mI (199) app_init: ESP-IDF:          v5.5.1[0m
[0;32mI (202) efuse_init: Min chip rev:     v0.0[0m
[0;32mI (206) efuse_init: Max chip rev:     v3.99 [0m
[0;32mI (210) efuse_init: Chip rev:         v3.0[0m
[0;32mI (214) heap_init: Initializing. RAM available for dynamic allocation:[0m
[0;32mI (221) heap_init: At 3FFAE6E0 len 00001920 (6 KiB): DRAM[0m
[0;32mI (226) heap_init: At 3FFB2CA0 len 0002D360 (180 KiB): DRAM[0m
[0;32mI (231) heap_init: At 3FFE0440 len 00003AE0 (14 KiB): D/IRAM[0m
[0;32mI (236) heap_init: At 3FFE4350 len 0001BCB0 (111 KiB): D/IRAM[0m
[0;32mI (242) heap_init: At 4008D05C len 00012FA4 (75 KiB): IRAM[0m
[0;32mI (248) spi_flash: detected chip: generic[0m
[0;32mI (251) spi_flash: flash io: dio[0m
[0;33mW (254) spi_flash: Detected size(4096k) larger than the size in the binary image header(2048k). Using the size in the binary image header.[0m
[0;32mI (266) main_task: Started on CPU0[0m
[0;32mI (276) main_task: Calling app_main()[0m
[0;32mI (276) EX2: Exercise 2 - Real-time system[0m

assert failed: prvInitialiseNewTask tasks.c:1111 (uxPriority < ( 25 ))


Backtrace: 0x40085329:0x3ffb3d90 0x400852f1:0x3ffb3db0 0x4008b415:0x3ffb3dd0 0x40086b13:0x3ffb3ef0 0x4008827c:0x3ffb3f20 0x400d60ea:0x3ffb3f60 0x400e2f41:0x3ffb3f90 0x40085cf9:0x3ffb3fc0




ELF file SHA256: 81fdb8940

Rebooting...
ets Jul 29 2019 12:21:46

rst:0xc (SW_CPU_RESET),boot:0x12 (SPI_FAST_FLASH_BOOT)
configsip: 0, SPIWP:0xee
clk_drv:0x00,q_drv:0x00,d_drv:0x00,cs0_drv:0x00,hd_drv:0x00,wp_drv:0x00
mode:DIO, clock div:2
load:0x3fff0030,len:6380
ho 0 tail 12 room 4
load:0x40078000,len:15916
load:0x40080400,len:3860
entry 0x40080638
[0;32mI (29) boot: ESP-IDF v5.5.1 2nd stage bootloader[0m
[0;32mI (29) boot: compile time Oct 25 2025 02:05:26[0m
[0;32mI (29) boot: Multicore bootloader[0m
[0;32mI (31) boot: chip revision: v3.0[0m
[0;32mI (33) boot.esp32: SPI Speed      : 40MHz[0m
[0;32mI (37) boot.esp32: SPI Mode       : DIO[0m
[0;32mI (41) boot.esp32: SPI Flash Size : 2MB[0m
[0;32mI (44) boot: Enabling RNG early entropy source...[0m
[0;32mI (49) boot: Partition Table:[0m
[0;32mI (51) boot: ## Label            Usage          Type ST Offset   Length[0m
[0;32mI (58) boot:  0 nvs              WiFi data        01 02 00009000 00006000[0m
[0;32mI (64) boot:  1 phy_init         RF data          01 01 0000f000 00001000[0m
[0;32mI (71) boot:  2 factory          factory app      00 00 00010000 00100000[0m
[0;32mI (77) boot: End of partition table[0m
[0;32mI (80) esp_image: segment 0: paddr=00010020 vaddr=3f400020 size=09ad8h ( 39640) map[0m
[0;32mI (101) esp_image: segment 1: paddr=00019b00 vaddr=3ffb0000 size=023d8h (  9176) load[0m
[0;32mI (105) esp_image: segment 2: paddr=0001bee0 vaddr=40080000 size=04138h ( 16696) load[0m
[0;32mI (112) esp_image: segment 3: paddr=00020020 vaddr=400d0020 size=13628h ( 79400) map[0m
[0;32mI (140) esp_image: segment 4: paddr=00033650 vaddr=40084138 size=08f24h ( 36644) load[0m
[0;32mI (155) esp_image: segment 5: paddr=0003c57c vaddr=50000000 size=00020h (    32) load[0m
[0;32mI (161) boot: Loaded app from partition at offset 0x10000[0m
[0;32mI (161) boot: Disabling RNG early entropy source...[0m
[0;32mI (173) cpu_start: Multicore app[0m
[0;32mI (181) cpu_start: Pro cpu start user code[0m
[0;32mI (181) cpu_start: cpu freq: 160000000 Hz[0m
[0;32mI (181) app_init: Application information:[0m
[0;32mI (181) app_init: Project name:     Core-Pinned[0m
[0;32mI (185) app_init: App version:      8e74e47[0m
[0;32mI (189) app_init: Compile time:     Oct 25 2025 02:04:47[0m
[0;32mI (194) app_init: ELF file SHA256:  81fdb8940...[0m
[0;32mI (199) app_init: ESP-IDF:          v5.5.1[0m
[0;32mI (202) efuse_init: Min chip rev:     v0.0[0m
[0;32mI (206) efuse_init: Max chip rev:     v3.99 [0m
[0;32mI (210) efuse_init: Chip rev:         v3.0[0m
[0;32mI (214) heap_init: Initializing. RAM available for dynamic allocation:[0m
[0;32mI (221) heap_init: At 3FFAE6E0 len 00001920 (6 KiB): DRAM[0m
[0;32mI (226) heap_init: At 3FFB2CA0 len 0002D360 (180 KiB): DRAM[0m
[0;32mI (231) heap_init: At 3FFE0440 len 00003AE0 (14 KiB): D/IRAM[0m
[0;32mI (236) heap_init: At 3FFE4350 len 0001BCB0 (111 KiB): D/IRAM[0m
[0;32mI (242) heap_init: At 4008D05C len 00012FA4 (75 KiB): IRAM[0m
[0;32mI (248) spi_flash: detected chip: generic[0m
[0;32mI (251) spi_flash: flash io: dio[0m
[0;33mW (254) spi_flash: Detected size(4096k) larger than the size in the binary image header(2048k). Using the size in the binary image header.[0m
[0;32mI (266) main_task: Started on CPU0[0m
[0;32mI (276) main_task: Calling app_main()[0m
[0;32mI (276) EX2: Exercise 2 - Real-time system[0m

assert failed: prvInitialiseNewTask tasks.c:1111 (uxPriority < ( 25 ))


Backtrace: 0x40085329:0x3ffb3d90 0x400852f1:0x3ffb3db0 0x4008b415:0x3ffb3dd0 0x40086b13:0x3ffb3ef0 0x4008827c:0x3ffb3f20 0x400d60ea:0x3ffb3f60 0x400e2f41:0x3ffb3f90 0x40085cf9:0x3ffb3fc0




ELF file SHA256: 81fdb8940

Rebooting...
ets Jul 29 2019 12:21:46

rst:0xc (SW_CPU_RESET),boot:0x12 (SPI_FAST_FLASH_BOOT)
configsip: 0, SPIWP:0xee
clk_drv:0x00,q_drv:0x00,d_drv:0x00,cs0_drv:0x00,hd_drv:0x00,wp_drv:0x00
mode:DIO, clock div:2
