Command: C:\Espressif\python_env\idf5.5_py3.11_env\Scripts\python.exe C:\Users\User\esp\v5.5.1\esp-idf\tools/idf_monitor.py -p COM3 -b 115200 --toolchain-prefix xtensa-esp32-elf- --target esp32 --revision 0 D:\STIC 1\Week-13-FreeRTOS_Worksheets\08-esp-idf-specific\w08\ESP32\build\ESP32.elf D:\STIC 1\Week-13-FreeRTOS_Worksheets\08-esp-idf-specific\w08\ESP32\build\bootloader\bootloader.elf --force-color -m 'C:\Espressif\python_env\idf5.5_py3.11_env\Scripts\python.exe' 'C:\Users\User\esp\v5.5.1\esp-idf\tools\idf.py'
ï¿½      : DIO
I (ï¿½ets Jul 29 2019 12:21:46

rst:0x1 (POWERON_RESET),boot:0x12 (SPI_FAST_FLASH_BOOT)
configsip: 0, SPIWP:0xee
clk_drv:0x00,q_drv:0x00,d_drv:0x00,cs0_drv:0x00,hd_drv:0x00,wp_drv:0x00
mode:DIO, clock div:2
load:0x3fff0030,len:6380
ho 0 tail 12 room 4
load:0x40078000,len:15916
load:0x40080400,len:3860
entry 0x40080638
[0;32mI (29) boot: ESP-IDF v5.5.1 2nd stage bootloader[0m
[0;32mI (29) boot: compile time Oct 25 2025 02:10:30[0m
[0;32mI (29) boot: Multicore bootloader[0m
[0;32mI (31) boot: chip revision: v3.0[0m
[0;32mI (33) boot.esp32: SPI Speed      : 40MHz[0m
[0;32mI (37) boot.esp32: SPI Mode       : DIO[0m
[0;32mI (41) boot.esp32: SPI Flash Size : 2MB[0m
[0;32mI (44) boot: Enabling RNG early entropy source...[0m
[0;32mI (49) boot: Partition Table:[0m
[0;32mI (51) boot: ## Label            Usage          Type ST Offset   Length[0m
[0;32mI (58) boot:  0 nvs              WiFi data        01 02 00009000 00006000[0m
[0;32mI (64) boot:  1 phy_init         RF data          01 01 0000f000 00001000[0m
[0;32mI (71) boot:  2 factory          factory app      00 00 00010000 00100000[0m
[0;32mI (77) boot: End of partition table[0m
[0;32mI (81) esp_image: segment 0: paddr=00010020 vaddr=3f400020 size=1a088h (106632) map[0m
[0;32mI (124) esp_image: segment 1: paddr=0002a0b0 vaddr=3ffb0000 size=03f1ch ( 16156) load[0m
[0;32mI (131) esp_image: segment 2: paddr=0002dfd4 vaddr=40080000 size=02044h (  8260) load[0m
[0;32mI (134) esp_image: segment 3: paddr=00030020 vaddr=400d0020 size=87d4ch (556364) map[0m
[0;32mI (326) esp_image: segment 4: paddr=000b7d74 vaddr=40082044 size=15f20h ( 89888) load[0m
[0;32mI (361) esp_image: segment 5: paddr=000cdc9c vaddr=50000000 size=00020h (    32) load[0m
[0;32mI (373) boot: Loaded app from partition at offset 0x10000[0m
[0;32mI (373) boot: Disabling RNG early entropy source...[0m
[0;32mI (384) cpu_start: Multicore app[0m
[0;32mI (392) cpu_start: Pro cpu start user code[0m
[0;32mI (392) cpu_start: cpu freq: 160000000 Hz[0m
[0;32mI (392) app_init: Application information:[0m
[0;32mI (392) app_init: Project name:     ESP32[0m
[0;32mI (396) app_init: App version:      8e74e47[0m
[0;32mI (400) app_init: Compile time:     Oct 25 2025 02:09:56[0m
[0;32mI (405) app_init: ELF file SHA256:  3d3070819...[0m
[0;32mI (409) app_init: ESP-IDF:          v5.5.1[0m
[0;32mI (413) efuse_init: Min chip rev:     v0.0[0m
[0;32mI (417) efuse_init: Max chip rev:     v3.99 [0m
[0;32mI (421) efuse_init: Chip rev:         v3.0[0m
[0;32mI (425) heap_init: Initializing. RAM available for dynamic allocation:[0m
[0;32mI (431) heap_init: At 3FFAE6E0 len 00001920 (6 KiB): DRAM[0m
[0;32mI (436) heap_init: At 3FFB8018 len 00027FE8 (159 KiB): DRAM[0m
[0;32mI (441) heap_init: At 3FFE0440 len 00003AE0 (14 KiB): D/IRAM[0m
[0;32mI (447) heap_init: At 3FFE4350 len 0001BCB0 (111 KiB): D/IRAM[0m
[0;32mI (452) heap_init: At 40097F64 len 0000809C (32 KiB): IRAM[0m
[0;32mI (459) spi_flash: detected chip: generic[0m
[0;32mI (461) spi_flash: flash io: dio[0m
[0;33mW (464) spi_flash: Detected size(4096k) larger than the size in the binary image header(2048k). Using the size in the binary image header.[0m
[0;32mI (477) main_task: Started on CPU0[0m
[0;32mI (487) main_task: Calling app_main()[0m
[0;32mI (487) EX3: Exercise 3 - Peripheral Integration[0m
[0;32mI (487) main_task: Returned from app_main()[0m
[0;32mI (517) EX3: SPI/I2C worker on core 1[0m
[0;32mI (527) wifi:wifi driver task: 3ffc2088, prio:23, stack:6656, core=0[0m
[0;32mI (537) wifi:wifi firmware version: 14da9b7[0m
[0;32mI (537) wifi:wifi certification version: v7.0[0m
[0;32mI (537) wifi:config NVS flash: enabled[0m
[0;32mI (537) wifi:config nano formatting: disabled[0m
[0;32mI (547) wifi:Init data frame dynamic rx buffer num: 32[0m
[0;32mI (547) wifi:Init static rx mgmt buffer num: 5[0m
[0;32mI (557) wifi:Init management short buffer num: 32[0m
[0;32mI (557) wifi:Init dynamic tx buffer num: 32[0m
[0;32mI (557) wifi:Init static rx buffer size: 1600[0m
[0;32mI (567) wifi:Init static rx buffer num: 10[0m
[0;32mI (567) wifi:Init dynamic rx buffer num: 32[0m
[0;32mI (577) wifi_init: rx ba win: 6[0m
[0;32mI (577) wifi_init: accept mbox: 6[0m
[0;32mI (577) wifi_init: tcpip mbox: 32[0m
[0;32mI (577) wifi_init: udp mbox: 6[0m
[0;32mI (587) wifi_init: tcp mbox: 6[0m
[0;32mI (587) wifi_init: tcp tx win: 5760[0m
[0;32mI (587) wifi_init: tcp rx win: 5760[0m
[0;32mI (597) wifi_init: tcp mss: 1440[0m
[0;32mI (597) wifi_init: WiFi IRAM OP enabled[0m
[0;32mI (597) wifi_init: WiFi RX IRAM OP enabled[0m
[0;32mI (717) EX3: SPI/I2C worker on core 1[0m
[0;32mI (727) phy_init: phy_version 4861,b71b5ad,Aug  5 2025,11:16:06[0m
[0;32mI (797) wifi:mode : sta (94:b5:55:f8:22:78)[0m
[0;32mI (797) wifi:enable tsf[0m
[0;32mI (917) EX3: SPI/I2C worker on core 1[0m
[0;32mI (1117) EX3: SPI/I2C worker on core 1[0m
[0;32mI (1317) EX3: SPI/I2C worker on core 1[0m
[0;32mI (1487) EX3: Timer tick toggled LED=1 on core 0[0m
[0;32mI (1517) EX3: SPI/I2C worker on core 1[0m
[0;32mI (1717) EX3: SPI/I2C worker on core 1[0m
[0;32mI (1917) EX3: SPI/I2C worker on core 1[0m
[0;32mI (2117) EX3: SPI/I2C worker on core 1[0m
[0;32mI (2317) EX3: SPI/I2C worker on core 1[0m
[0;32mI (2487) EX3: Timer tick toggled LED=0 on core 0[0m
[0;32mI (2517) EX3: SPI/I2C worker on core 1[0m
[0;32mI (2717) EX3: SPI/I2C worker on core 1[0m
[0;32mI (2917) EX3: SPI/I2C worker on core 1[0m
[0;32mI (3117) EX3: SPI/I2C worker on core 1[0m
[0;32mI (3217) EX3: Retrying WiFi[0m
[0;32mI (3317) EX3: SPI/I2C worker on core 1[0m
[0;32mI (3487) EX3: Timer tick toggled LED=1 on core 0[0m
[0;32mI (3517) EX3: SPI/I2C worker on core 1[0m
[0;32mI (3717) EX3: SPI/I2C worker on core 1[0m
[0;32mI (3917) EX3: SPI/I2C worker on core 1[0m
[0;32mI (4117) EX3: SPI/I2C worker on core 1[0m
[0;32mI (4317) EX3: SPI/I2C worker on core 1[0m
[0;32mI (4487) EX3: Timer tick toggled LED=0 on core 0[0m
[0;32mI (4517) EX3: SPI/I2C worker on core 1[0m
[0;32mI (4717) EX3: SPI/I2C worker on core 1[0m
[0;32mI (4917) EX3: SPI/I2C worker on core 1[0m
[0;32mI (5117) EX3: SPI/I2C worker on core 1[0m
[0;32mI (5317) EX3: SPI/I2C worker on core 1[0m
[0;32mI (5487) EX3: Timer tick toggled LED=1 on core 0[0m
[0;32mI (5517) EX3: SPI/I2C worker on core 1[0m
[0;32mI (5637) EX3: Retrying WiFi[0m
[0;32mI (5717) EX3: SPI/I2C worker on core 1[0m
[0;32mI (5917) EX3: SPI/I2C worker on core 1[0m
[0;32mI (6117) EX3: SPI/I2C worker on core 1[0m
[0;32mI (6317) EX3: SPI/I2C worker on core 1[0m
[0;32mI (6487) EX3: Timer tick toggled LED=0 on core 0[0m
[0;32mI (6517) EX3: SPI/I2C worker on core 1[0m
[0;32mI (6717) EX3: SPI/I2C worker on core 1[0m
[0;32mI (6917) EX3: SPI/I2C worker on core 1[0m
[0;32mI (7117) EX3: SPI/I2C worker on core 1[0m
[0;32mI (7317) EX3: SPI/I2C worker on core 1[0m
[0;32mI (7487) EX3: Timer tick toggled LED=1 on core 0[0m
[0;32mI (7517) EX3: SPI/I2C worker on core 1[0m
[0;32mI (7717) EX3: SPI/I2C worker on core 1[0m
[0;32mI (7917) EX3: SPI/I2C worker on core 1[0m
[0;32mI (8047) EX3: Retrying WiFi[0m
[0;32mI (8117) EX3: SPI/I2C worker on core 1[0m
[0;32mI (8317) EX3: SPI/I2C worker on core 1[0m
[0;32mI (8487) EX3: Timer tick toggled LED=0 on core 0[0m
[0;32mI (8517) EX3: SPI/I2C worker on core 1[0m
[0;32mI (8717) EX3: SPI/I2C worker on core 1[0m
[0;32mI (8917) EX3: SPI/I2C worker on core 1[0m
[0;32mI (9117) EX3: SPI/I2C worker on core 1[0m
[0;32mI (9317) EX3: SPI/I2C worker on core 1[0m
[0;32mI (9487) EX3: Timer tick toggled LED=1 on core 0[0m
[0;32mI (9517) EX3: SPI/I2C worker on core 1[0m
[0;32mI (9717) EX3: SPI/I2C worker on core 1[0m
[0;32mI (9917) EX3: SPI/I2C worker on core 1[0m
[0;32mI (10117) EX3: SPI/I2C worker on core 1[0m
[0;32mI (10317) EX3: SPI/I2C worker on core 1[0m
[0;32mI (10467) EX3: Retrying WiFi[0m
[0;32mI (10487) EX3: Timer tick toggled LED=0 on core 0[0m
[0;32mI (10517) EX3: SPI/I2C worker on core 1[0m
[0;32mI (10717) EX3: SPI/I2C worker on core 1[0m
[0;32mI (10917) EX3: SPI/I2C worker on core 1[0m
[0;32mI (11117) EX3: SPI/I2C worker on core 1[0m
[0;32mI (11317) EX3: SPI/I2C worker on core 1[0m
[0;32mI (11487) EX3: Timer tick toggled LED=1 on core 0[0m
[0;32mI (11517) EX3: SPI/I2C worker on core 1[0m
[0;32mI (11717) EX3: SPI/I2C worker on core 1[0m
[0;32mI (11917) EX3: SPI/I2C worker on core 1[0m
[0;32mI (12117) EX3: SPI/I2C worker on core 1[0m
[0;32mI (12317) EX3: SPI/I2C worker on core 1[0m
[0;32mI (12487) EX3: Timer tick toggled LED=0 on core 0[0m
[0;32mI (12517) EX3: SPI/I2C worker on core 1[0m
[0;32mI (12717) EX3: SPI/I2C worker on core 1[0m
[0;32mI (12877) EX3: Retrying WiFi[0m
[0;32mI (12917) EX3: SPI/I2C worker on core 1[0m
[0;32mI (13117) EX3: SPI/I2C worker on core 1[0m
[0;32mI (13317) EX3: SPI/I2C worker on core 1[0m
[0;32mI (13487) EX3: Timer tick toggled LED=1 on core 0[0m
[0;32mI (13517) EX3: SPI/I2C worker on core 1[0m
