Command: C:\Espressif\python_env\idf5.5_py3.11_env\Scripts\python.exe C:\Users\User\esp\v5.5.1\esp-idf\tools/idf_monitor.py -p COM3 -b 115200 --toolchain-prefix xtensa-esp32-elf- --target esp32 --revision 0 D:\STIC 1\Week-13-FreeRTOS_Worksheets\01-freertos-overview\w01\lab3\basic_tasks\build\basic_tasks.elf D:\STIC 1\Week-13-FreeRTOS_Worksheets\01-freertos-overview\w01\lab3\basic_tasks\build\bootloader\bootloader.elf --force-color -m 'C:\Espressif\python_env\idf5.5_py3.11_env\Scripts\python.exe' 'C:\Users\User\esp\v5.5.1\esp-idf\tools\idf.py'
ï¿½"%=5
I (41) boot.ï¿½ets Jul 29 2019 12:21:46

rst:0x1 (POWERON_RESET),boot:0x13 (SPI_FAST_FLASH_BOOT)
configsip: 0, SPIWP:0xee
clk_drv:0x00,q_drv:0x00,d_drv:0x00,cs0_drv:0x00,hd_drv:0x00,wp_drv:0x00
mode:DIO, clock div:2
load:0x3fff0030,len:6380
ho 0 tail 12 room 4
load:0x40078000,len:15916
load:0x40080400,len:3860
entry 0x40080638
I (29) boot: ESP-IDF v5.5.1 2nd stage bootloader
I (29) boot: compile time Oct 23 2025 15:19:59
I (29) boot: Multicore bootloader
I (31) boot: chip revision: v3.0
I (33) boot.esp32: SPI Speed      : 40MHz
[0;32mI (37) boot.esp32: SPI Mode       : DIO[0m
[0;32mI (41) boot.esp32: SPI Flash Size : 2MB[0m
[0;32mI (44) boot: Enabling RNG early entropy source...[0m
[0;32mI (49) boot: Partition Table:[0m
[0;32mI (51) boot: ## Label            Usage          Type ST Offset   Length[0m
[0;32mI (58) boot:  0 nvs              WiFi data        01 02 00009000 00006000[0m
[0;32mI (64) boot:  1 phy_init         RF data          01 01 0000f000 00001000[0m
[0;32mI (71) boot:  2 factory          factory app      00 00 00010000 00100000[0m
[0;32mI (77) boot: End of partition table[0m
[0;32mI (81) esp_image: segment 0: paddr=00010020 vaddr=3f400020 size=0a5b0h ( 42416) map[0m
[0;32mI (103) esp_image: segment 1: paddr=0001a5d8 vaddr=3ffb0000 size=02408h (  9224) load[0m
[0;32mI (106) esp_image: segment 2: paddr=0001c9e8 vaddr=40080000 size=03630h ( 13872) load[0m
[0;32mI (112) esp_image: segment 3: paddr=00020020 vaddr=400d0020 size=1490ch ( 84236) map[0m
[0;32mI (143) esp_image: segment 4: paddr=00034934 vaddr=40083630 size=09990h ( 39312) load[0m
[0;32mI (158) esp_image: segment 5: paddr=0003e2cc vaddr=50000000 size=00020h (    32) load[0m
[0;32mI (165) boot: Loaded app from partition at offset 0x10000[0m
[0;32mI (165) boot: Disabling RNG early entropy source...[0m
[0;32mI (176) cpu_start: Multicore app[0m
[0;32mI (185) cpu_start: Pro cpu start user code[0m
[0;32mI (185) cpu_start: cpu freq: 160000000 Hz[0m
[0;32mI (185) app_init: Application information:[0m
[0;32mI (185) app_init: Project name:     basic_tasks[0m
[0;32mI (189) app_init: App version:      40bce8f-dirty[0m
[0;32mI (194) app_init: Compile time:     Oct 23 2025 15:19:22[0m
[0;32mI (199) app_init: ELF file SHA256:  0c780dfd7...[0m
[0;32mI (203) app_init: ESP-IDF:          v5.5.1[0m
[0;32mI (207) efuse_init: Min chip rev:     v0.0[0m
[0;32mI (211) efuse_init: Max chip rev:     v3.99 [0m
[0;32mI (215) efuse_init: Chip rev:         v3.0[0m
[0;32mI (219) heap_init: Initializing. RAM available for dynamic allocation:[0m
[0;32mI (225) heap_init: At 3FFAE6E0 len 00001920 (6 KiB): DRAM[0m
[0;32mI (230) heap_init: At 3FFB2CD0 len 0002D330 (180 KiB): DRAM[0m
[0;32mI (235) heap_init: At 3FFE0440 len 00003AE0 (14 KiB): D/IRAM[0m
[0;32mI (241) heap_init: At 3FFE4350 len 0001BCB0 (111 KiB): D/IRAM[0m
[0;32mI (246) heap_init: At 4008CFC0 len 00013040 (76 KiB): IRAM[0m
[0;32mI (253) spi_flash: detected chip: generic[0m
[0;32mI (255) spi_flash: flash io: dio[0m
[0;33mW (258) spi_flash: Detected size(4096k) larger than the size in the binary image header(2048k). Using the size in the binary image header.[0m
[0;32mI (271) main_task: Started on CPU0[0m
[0;32mI (281) main_task: Calling app_main()[0m
[0;32mI (281) BASIC_TASKS: === FreeRTOS Basic Tasks Demo ===[0m
[0;32mI (281) BASIC_TASKS: LED1 Task started with ID: 1[0m
[0;32mI (281) BASIC_TASKS: LED1 ON[0m
[0;32mI (281) BASIC_TASKS: LED1 Task created successfully[0m
[0;32mI (291) BASIC_TASKS: LED2 Task started: FastBlinker[0m
[0;32mI (291) BASIC_TASKS: LED2 Blink Fast[0m
[0;32mI (301) BASIC_TASKS: LED2 Task created successfully[0m
[0;32mI (301) BASIC_TASKS: System Info Task started[0m
[0;32mI (301) BASIC_TASKS: === System Information ===[0m
[0;32mI (311) BASIC_TASKS: Free heap: 296860 bytes[0m
[0;32mI (311) BASIC_TASKS: Min free heap: 296860 bytes[0m
[0;32mI (321) BASIC_TASKS: Number of tasks: 8[0m
[0;32mI (321) BASIC_TASKS: Uptime: 0 seconds[0m
[0;32mI (311) BASIC_TASKS: System Info Task created successfully[0m
[0;32mI (331) BASIC_TASKS: All tasks created. Main task will now idle.[0m
[0;32mI (331) BASIC_TASKS: Task handles - LED1: 0x3ffafe30, LED2: 0x3ffb5c94, Info: 0x3ffb69fc[0m
[0;32mI (341) BASIC_TASKS: Main task heartbeat[0m
[0;32mI (781) BASIC_TASKS: LED1 OFF[0m
[0;32mI (1281) BASIC_TASKS: LED1 ON[0m
[0;32mI (1781) BASIC_TASKS: LED1 OFF[0m
[0;32mI (2281) BASIC_TASKS: LED1 ON[0m
[0;32mI (2301) BASIC_TASKS: LED2 Blink Fast[0m
[0;32mI (2781) BASIC_TASKS: LED1 OFF[0m
[0;32mI (3281) BASIC_TASKS: LED1 ON[0m
[0;32mI (3321) BASIC_TASKS: === System Information ===[0m
[0;32mI (3321) BASIC_TASKS: Free heap: 296860 bytes[0m
[0;32mI (3321) BASIC_TASKS: Min free heap: 296860 bytes[0m
[0;32mI (3321) BASIC_TASKS: Number of tasks: 8[0m
[0;32mI (3321) BASIC_TASKS: Uptime: 3 seconds[0m
[0;32mI (3781) BASIC_TASKS: LED1 OFF[0m
[0;32mI (4281) BASIC_TASKS: LED1 ON[0m
[0;32mI (4301) BASIC_TASKS: LED2 Blink Fast[0m
[0;32mI (4781) BASIC_TASKS: LED1 OFF[0m
[0;32mI (5281) BASIC_TASKS: LED1 ON[0m
[0;32mI (5351) BASIC_TASKS: Main task heartbeat[0m
[0;32mI (5781) BASIC_TASKS: LED1 OFF[0m
[0;32mI (6281) BASIC_TASKS: LED1 ON[0m
[0;32mI (6301) BASIC_TASKS: LED2 Blink Fast[0m
[0;32mI (6321) BASIC_TASKS: === System Information ===[0m
[0;32mI (6321) BASIC_TASKS: Free heap: 296860 bytes[0m
[0;32mI (6321) BASIC_TASKS: Min free heap: 296860 bytes[0m
[0;32mI (6321) BASIC_TASKS: Number of tasks: 8[0m
[0;32mI (6321) BASIC_TASKS: Uptime: 6 seconds[0m
[0;32mI (6781) BASIC_TASKS: LED1 OFF[0m
[0;32mI (7281) BASIC_TASKS: LED1 ON[0m
[0;32mI (7781) BASIC_TASKS: LED1 OFF[0m
[0;32mI (8281) BASIC_TASKS: LED1 ON[0m
[0;32mI (8301) BASIC_TASKS: LED2 Blink Fast[0m
[0;32mI (8781) BASIC_TASKS: LED1 OFF[0m
[0;32mI (9281) BASIC_TASKS: LED1 ON[0m
[0;32mI (9321) BASIC_TASKS: === System Information ===[0m
[0;32mI (9321) BASIC_TASKS: Free heap: 296860 bytes[0m
[0;32mI (9321) BASIC_TASKS: Min free heap: 296860 bytes[0m
[0;32mI (9321) BASIC_TASKS: Number of tasks: 8[0m
[0;32mI (9321) BASIC_TASKS: Uptime: 9 seconds[0m
[0;32mI (9781) BASIC_TASKS: LED1 OFF[0m
