Command: C:\Espressif\python_env\idf5.5_py3.11_env\Scripts\python.exe C:\Users\User\esp\v5.5.1\esp-idf\tools/idf_monitor.py -p COM3 -b 115200 --toolchain-prefix xtensa-esp32-elf- --target esp32 --revision 0 D:\STIC 1\Week-13-FreeRTOS_Worksheets\06-event-groups\w06\lab1\basic_event_groups\build\basic_event_groups.elf D:\STIC 1\Week-13-FreeRTOS_Worksheets\06-event-groups\w06\lab1\basic_event_groups\build\bootloader\bootloader.elf --force-color -m 'C:\Espressif\python_env\idf5.5_py3.11_env\Scripts\python.exe' 'C:\Users\User\esp\v5.5.1\esp-idf\tools\idf.py'
	ÔøΩ"%=5
[0;32mI (41) boot.eÔøΩets Jul 29 2019 12:21:46[0m

rst:0x1 (POWERON_RESET),boot:0x12 (SPI_FAST_FLASH_BOOT)
configsip: 0, SPIWP:0xee
clk_drv:0x00,q_drv:0x00,d_drv:0x00,cs0_drv:0x00,hd_drv:0x00,wp_drv:0x00
mode:DIO, clock div:2
load:0x3fff0030,len:6380
ho 0 tail 12 room 4
load:0x40078000,len:15916
load:0x40080400,len:3860
entry 0x40080638
[0;32mI (29) boot: ESP-IDF v5.5.1 2nd stage bootloader[0m
[0;32mI (29) boot: compile time Oct 25 2025 00:17:37[0m
[0;32mI (29) boot: Multicore bootloader[0m
[0;32mI (31) boot: chip revision: v3.0[0m
[0;32mI (33) boot.esp32: SPI Speed      : 40MHz[0m
[0;32mI (37) boot.esp32: SPI Mode       : DIO[0m
[0;32mI (41) boot.esp32: SPI Flash Size : 2MB[0m
[0;32mI (44) boot: Enabling RNG early entropy source...[0m
[0;32mI (49) boot: Partition Table:[0m
[0;32mI (51) boot: ## Label            Usage          Type ST Offset   Length[0m
[0;32mI (58) boot:  0 nvs              WiFi data        01 02 00009000 00006000[0m
[0;32mI (64) boot:  1 phy_init         RF data          01 01 0000f000 00001000[0m
[0;32mI (71) boot:  2 factory          factory app      00 00 00010000 00100000[0m
[0;32mI (77) boot: End of partition table[0m
[0;32mI (81) esp_image: segment 0: paddr=00010020 vaddr=3f400020 size=0a928h ( 43304) map[0m
[0;32mI (103) esp_image: segment 1: paddr=0001a950 vaddr=3ffb0000 size=023f8h (  9208) load[0m
[0;32mI (106) esp_image: segment 2: paddr=0001cd50 vaddr=40080000 size=032c8h ( 13000) load[0m
[0;32mI (112) esp_image: segment 3: paddr=00020020 vaddr=400d0020 size=144c8h ( 83144) map[0m
[0;32mI (143) esp_image: segment 4: paddr=000344f0 vaddr=400832c8 size=0a28ch ( 41612) load[0m
[0;32mI (159) esp_image: segment 5: paddr=0003e784 vaddr=50000000 size=00020h (    32) load[0m
[0;32mI (166) boot: Loaded app from partition at offset 0x10000[0m
[0;32mI (166) boot: Disabling RNG early entropy source...[0m
[0;32mI (177) cpu_start: Multicore app[0m
[0;32mI (186) cpu_start: Pro cpu start user code[0m
[0;32mI (186) cpu_start: cpu freq: 160000000 Hz[0m
[0;32mI (186) app_init: Application information:[0m
[0;32mI (186) app_init: Project name:     basic_event_groups[0m
[0;32mI (191) app_init: App version:      8e74e47[0m
[0;32mI (195) app_init: Compile time:     Oct 25 2025 00:17:05[0m
[0;32mI (200) app_init: ELF file SHA256:  265316a4a...[0m
[0;32mI (204) app_init: ESP-IDF:          v5.5.1[0m
[0;32mI (208) efuse_init: Min chip rev:     v0.0[0m
[0;32mI (212) efuse_init: Max chip rev:     v3.99 [0m
[0;32mI (216) efuse_init: Chip rev:         v3.0[0m
[0;32mI (220) heap_init: Initializing. RAM available for dynamic allocation:[0m
[0;32mI (226) heap_init: At 3FFAE6E0 len 00001920 (6 KiB): DRAM[0m
[0;32mI (231) heap_init: At 3FFB2CF8 len 0002D308 (180 KiB): DRAM[0m
[0;32mI (236) heap_init: At 3FFE0440 len 00003AE0 (14 KiB): D/IRAM[0m
[0;32mI (241) heap_init: At 3FFE4350 len 0001BCB0 (111 KiB): D/IRAM[0m
[0;32mI (247) heap_init: At 4008D554 len 00012AAC (74 KiB): IRAM[0m
[0;32mI (254) spi_flash: detected chip: generic[0m
[0;32mI (256) spi_flash: flash io: dio[0m
[0;33mW (259) spi_flash: Detected size(4096k) larger than the size in the binary image header(2048k). Using the size in the binary image header.[0m
[0;32mI (272) main_task: Started on CPU0[0m
[0;32mI (282) main_task: Calling app_main()[0m
[0;32mI (282) EVENT_GROUPS_TIMING: üöÄ Timing Analysis Experiment Starting...[0m
[0;32mI (282) EVENT_GROUPS_TIMING: Event group created[0m
[0;32mI (282) EVENT_GROUPS_TIMING: üåê Network initialization started[0m
[0;32mI (292) EVENT_GROUPS_TIMING: Initializing WiFi driver...[0m
[0;32mI (292) EVENT_GROUPS_TIMING: üå°Ô∏è Sensor initialization started[0m
[0;32mI (302) EVENT_GROUPS_TIMING: ‚öôÔ∏è Configuration loading started[0m
[0;32mI (302) EVENT_GROUPS_TIMING: üíæ Storage initialization started[0m
[0;32mI (312) EVENT_GROUPS_TIMING: üéõÔ∏è Coordinator: Timing Analysis mode[0m
[0;32mI (322) EVENT_GROUPS_TIMING: üìã Phase 1: Wait BASIC (Network+Config), timeout=3000ms[0m
[0;32mI (322) EVENT_GROUPS_TIMING: üëÅÔ∏è Event monitor started[0m
[0;32mI (332) EVENT_GROUPS_TIMING: üîç Monitoring ANY subsystem event (5s)...[0m
[0;32mI (342) EVENT_GROUPS_TIMING: [0m
üéØ LEDs:
[0;32mI (342) EVENT_GROUPS_TIMING:   GPIO2  - Network Ready[0m
[0;32mI (342) EVENT_GROUPS_TIMING:   GPIO4  - Sensor Ready[0m
[0;32mI (352) EVENT_GROUPS_TIMING:   GPIO5  - Config Ready[0m
[0;32mI (352) EVENT_GROUPS_TIMING:   GPIO18 - Storage Ready[0m
[0;32mI (362) EVENT_GROUPS_TIMING:   GPIO19 - System Ready[0m
[0;32mI (362) EVENT_GROUPS_TIMING: ‚è±  P1 timeout=3000ms, P2 timeout=4000ms | NET init=5000ms[0m
[0;32mI (372) EVENT_GROUPS_TIMING: üîÑ Watch for Phase1/Phase2 TIMEOUT, then late-arrival messages[0m
[0;32mI (382) main_task: Returned from app_main()[0m
[0;32mI (1502) EVENT_GROUPS_TIMING: ‚úÖ Configuration loaded! (took 1200 ms)[0m
[0;32mI (1502) EVENT_GROUPS_TIMING:   ‚öôÔ∏è Config active[0m
[0;32mI (1502) EVENT_GROUPS_TIMING: ‚öôÔ∏è Configuration OK[0m
[0;33mW (3322) EVENT_GROUPS_TIMING: ‚è∞ Phase 1 TIMEOUT after 3000 ms; missing bits=0x01[0m
[0;32mI (3612) EVENT_GROUPS_TIMING: ‚úÖ Storage ready! (took 3300 ms)[0m
[0;32mI (3612) EVENT_GROUPS_TIMING: üíæ Storage OK[0m
[0;32mI (3802) EVENT_GROUPS_TIMING: ‚úÖ Sensors ready! (took 3500 ms)[0m
[0;32mI (3802) EVENT_GROUPS_TIMING: üå°Ô∏è Sensor readings: 34.3¬∞C, 41.9% RH[0m
[0;32mI (5292) EVENT_GROUPS_TIMING: ‚úÖ Network ready! (took 5000 ms)[0m
[0;32mI (5292) EVENT_GROUPS_TIMING: üì° Network heartbeat[0m
[0;32mI (5322) EVENT_GROUPS_TIMING: üïí Late arrival after P1 timeout: bits=0x01 (Œî=2000ms)[0m
[0;32mI (5322) EVENT_GROUPS_TIMING: üìã Phase 2: Wait ALL subsystem, timeout=4000ms[0m
[0;32mI (5322) EVENT_GROUPS_TIMING: ‚úÖ Phase 2 complete in 5000 ms[0m
[0;32mI (5322) EVENT_GROUPS_TIMING: [0m
‚ïê‚ïê‚ïê TIMING ANALYSIS REPORT ‚ïê‚ïê‚ïê
[0;32mI (5332) EVENT_GROUPS_TIMING: Init times (ms): NET=5000, SNS=3500, CFG=1200, STR=3300[0m
[0;32mI (5342) EVENT_GROUPS_TIMING: Phase1 timeouts=1, Phase2 timeouts=0[0m
[0;32mI (5342) EVENT_GROUPS_TIMING: Late after timeout (ms): NET=2000, SNS=0, CFG=0, STR=0[0m
[0;32mI (5352) EVENT_GROUPS_TIMING: Total init (when finally READY): 5000 ms[0m
[0;32mI (5362) EVENT_GROUPS_TIMING: ‚ïê‚ïê‚ïê‚ïê‚ïê‚ïê‚ïê‚ïê‚ïê‚ïê‚ïê‚ïê‚ïê‚ïê‚ïê‚ïê‚ïê‚ïê‚ïê‚ïê‚ïê‚ïê‚ïê‚ïê‚ïê‚ïê‚ïê‚ïê‚ïê‚ïê[0m

[0;32mI (5372) EVENT_GROUPS_TIMING: Status: 0x1F  NET:‚úÖ SNS:‚úÖ CFG:‚úÖ STR:‚úÖ SYS:‚úÖ[0m
[0;32mI (6802) EVENT_GROUPS_TIMING: üå°Ô∏è Sensor readings: 28.4¬∞C, 43.4% RH[0m
[0;32mI (9502) EVENT_GROUPS_TIMING: ‚öôÔ∏è Configuration OK[0m
[0;32mI (9802) EVENT_GROUPS_TIMING: üå°Ô∏è Sensor readings: 41.6¬∞C, 79.3% RH[0m
[0;32mI (10292) EVENT_GROUPS_TIMING: üì° Network heartbeat[0m
[0;32mI (10382) EVENT_GROUPS_TIMING: Status: 0x1F  NET:‚úÖ SNS:‚úÖ CFG:‚úÖ STR:‚úÖ SYS:‚úÖ[0m
[0;32mI (11502) EVENT_GROUPS_TIMING: üîç Monitoring ANY subsystem event (5s)...[0m
[0;32mI (11502) EVENT_GROUPS_TIMING:   üåê Network active[0m
[0;32mI (11502) EVENT_GROUPS_TIMING:   üå°Ô∏è Sensor active[0m
[0;32mI (11502) EVENT_GROUPS_TIMING:   ‚öôÔ∏è Config active[0m
[0;32mI (11502) EVENT_GROUPS_TIMING:   üíæ Storage active[0m
[0;32mI (12802) EVENT_GROUPS_TIMING: üå°Ô∏è Sensor readings: 29.0¬∞C, 78.7% RH[0m
[0;32mI (13612) EVENT_GROUPS_TIMING: üíæ Storage OK[0m
[0;32mI (15292) EVENT_GROUPS_TIMING: üì° Network heartbeat[0m
[0;32mI (15382) EVENT_GROUPS_TIMING: Status: 0x1F  NET:‚úÖ SNS:‚úÖ CFG:‚úÖ STR:‚úÖ SYS:‚úÖ[0m
[0;32mI (15802) EVENT_GROUPS_TIMING: üå°Ô∏è Sensor readings: 40.6¬∞C, 55.0% RH[0m
[0;32mI (17502) EVENT_GROUPS_TIMING: ‚öôÔ∏è Configuration OK[0m
[0;32mI (18802) EVENT_GROUPS_TIMING: üå°Ô∏è Sensor readings: 35.8¬∞C, 41.2% RH[0m
