Command: C:\Espressif\python_env\idf5.5_py3.11_env\Scripts\python.exe C:\Users\User\esp\v5.5.1\esp-idf\tools/idf_monitor.py -p COM3 -b 115200 --toolchain-prefix xtensa-esp32-elf- --target esp32 --revision 0 D:\STIC 1\Week-13-FreeRTOS_Worksheets\02-tasks-and-scheduling\w02\lab2\Task_States\build\Task_States.elf D:\STIC 1\Week-13-FreeRTOS_Worksheets\02-tasks-and-scheduling\w02\lab2\Task_States\build\bootloader\bootloader.elf --force-color -m 'C:\Espressif\python_env\idf5.5_py3.11_env\Scripts\python.exe' 'C:\Users\User\esp\v5.5.1\esp-idf\tools\idf.py'
e  : DIO
[0;32mI (41) booï¿½ets Jul 29 2019 12:21:46[0m

rst:0x1 (POWERON_RESET),boot:0x12 (SPI_FAST_FLASH_BOOT)
configsip: 0, SPIWP:0xee
clk_drv:0x00,q_drv:0x00,d_drv:0x00,cs0_drv:0x00,hd_drv:0x00,wp_drv:0x00
mode:DIO, clock div:2
load:0x3fff0030,len:6380
ho 0 tail 12 room 4
load:0x40078000,len:15916
load:0x40080400,len:3860
entry 0x40080638
[0;32mI (29) boot: ESP-IDF v5.5.1 2nd stage bootloader[0m
[0;32mI (29) boot: compile time Oct 23 2025 16:59:29[0m
[0;32mI (29) boot: Multicore bootloader[0m
[0;32mI (31) boot: chip revision: v3.0[0m
[0;32mI (33) boot.esp32: SPI Speed      : 40MHz[0m
[0;32mI (37) boot.esp32: SPI Mode       : DIO[0m
[0;32mI (41) boot.esp32: SPI Flash Size : 2MB[0m
[0;32mI (44) boot: Enabling RNG early entropy source...[0m
[0;32mI (49) boot: Partition Table:[0m
[0;32mI (51) boot: ## Label            Usage          Type ST Offset   Length[0m
[0;32mI (58) boot:  0 nvs              WiFi data        01 02 00009000 00006000[0m
[0;32mI (64) boot:  1 phy_init         RF data          01 01 0000f000 00001000[0m
[0;32mI (71) boot:  2 factory          factory app      00 00 00010000 00100000[0m
[0;32mI (77) boot: End of partition table[0m
[0;32mI (81) esp_image: segment 0: paddr=00010020 vaddr=3f400020 size=0a6f0h ( 42736) map[0m
[0;32mI (103) esp_image: segment 1: paddr=0001a718 vaddr=3ffb0000 size=02408h (  9224) load[0m
[0;32mI (106) esp_image: segment 2: paddr=0001cb28 vaddr=40080000 size=034f0h ( 13552) load[0m
[0;32mI (112) esp_image: segment 3: paddr=00020020 vaddr=400d0020 size=14b68h ( 84840) map[0m
[0;32mI (143) esp_image: segment 4: paddr=00034b90 vaddr=400834f0 size=09dfch ( 40444) load[0m
[0;32mI (159) esp_image: segment 5: paddr=0003e994 vaddr=50000000 size=00020h (    32) load[0m
[0;32mI (166) boot: Loaded app from partition at offset 0x10000[0m
[0;32mI (166) boot: Disabling RNG early entropy source...[0m
[0;32mI (177) cpu_start: Multicore app[0m
[0;32mI (186) cpu_start: Pro cpu start user code[0m
[0;32mI (186) cpu_start: cpu freq: 160000000 Hz[0m
[0;32mI (186) app_init: Application information:[0m
[0;32mI (186) app_init: Project name:     Task_States[0m
[0;32mI (190) app_init: App version:      40bce8f-dirty[0m
[0;32mI (194) app_init: Compile time:     Oct 23 2025 16:58:55[0m
[0;32mI (199) app_init: ELF file SHA256:  91d5e17bd...[0m
[0;32mI (204) app_init: ESP-IDF:          v5.5.1[0m
[0;32mI (208) efuse_init: Min chip rev:     v0.0[0m
[0;32mI (211) efuse_init: Max chip rev:     v3.99 [0m
[0;32mI (215) efuse_init: Chip rev:         v3.0[0m
[0;32mI (220) heap_init: Initializing. RAM available for dynamic allocation:[0m
[0;32mI (226) heap_init: At 3FFAE6E0 len 00001920 (6 KiB): DRAM[0m
[0;32mI (231) heap_init: At 3FFB2D00 len 0002D300 (180 KiB): DRAM[0m
[0;32mI (236) heap_init: At 3FFE0440 len 00003AE0 (14 KiB): D/IRAM[0m
[0;32mI (241) heap_init: At 3FFE4350 len 0001BCB0 (111 KiB): D/IRAM[0m
[0;32mI (247) heap_init: At 4008D2EC len 00012D14 (75 KiB): IRAM[0m
[0;32mI (254) spi_flash: detected chip: generic[0m
[0;32mI (256) spi_flash: flash io: dio[0m
[0;33mW (259) spi_flash: Detected size(4096k) larger than the size in the binary image header(2048k). Using the size in the binary image header.[0m
[0;32mI (271) main_task: Started on CPU0[0m
[0;32mI (281) main_task: Calling app_main()[0m
[0;32mI (281) EX1_STATE_COUNTER: === Exercise 1: State Transition Counter ===[0m
[0;32mI (281) EX1_STATE_COUNTER: State Demo Task started (prio=3)[0m
[0;32mI (281) EX1_STATE_COUNTER: State change: Ready -> Running (Count[Running]=1)[0m
[0;32mI (291) EX1_STATE_COUNTER: === Cycle 1 ===[0m
[0;32mI (441) EX1_STATE_COUNTER: State change: Running -> Ready (Count[Ready]=1)[0m
[0;32mI (441) EX1_STATE_COUNTER: State change: Ready -> Running (Count[Running]=2)[0m
[0;32mI (451) EX1_STATE_COUNTER: State change: Running -> Blocked (Count[Blocked]=1)[0m
[0;32mI (451) EX1_STATE_COUNTER: Ready State Demo started (prio=3)[0m
[0;32mI (471) EX1_STATE_COUNTER: Control Task started (prio=4)[0m
[0;32mI (471) EX1_STATE_COUNTER: COUNTS â€” Run:2 Ready:1 Block:1 Susp:0 Del:0[0m
[0;32mI (471) EX1_STATE_COUNTER: Self-delete lifetime = 10 s[0m
[0;32mI (471) EX1_STATE_COUNTER: Self-delete countdown: 10[0m
[0;32mI (481) EX1_STATE_COUNTER: External-delete task started (prio=2)[0m
[0;32mI (481) EX1_STATE_COUNTER: ExtDelete running: 0[0m
[0;32mI (491) EX1_STATE_COUNTER: LED: 2=Running, 4=Ready, 5=Blocked, 18=Suspended[0m
[0;32mI (501) EX1_STATE_COUNTER: BTN: GPIO0=Susp/Resume, GPIO35=Semaphore (need external pull-up)[0m
[0;32mI (501) main_task: Returned from app_main()[0m
[0;32mI (1481) EX1_STATE_COUNTER: Self-delete countdown: 9[0m
[0;32mI (1491) EX1_STATE_COUNTER: ExtDelete running: 1[0m
[0;32mI (2481) EX1_STATE_COUNTER: Self-delete countdown: 8[0m
[0;32mI (2491) EX1_STATE_COUNTER: ExtDelete running: 2[0m
[0;32mI (3451) EX1_STATE_COUNTER: State change: Blocked -> Running (Count[Running]=3)[0m
[0;32mI (3451) EX1_STATE_COUNTER: === Cycle 2 ===[0m
[0;32mI (3481) EX1_STATE_COUNTER: Self-delete countdown: 7[0m
[0;32mI (3491) EX1_STATE_COUNTER: ExtDelete running: 3[0m
[0;32mI (3601) EX1_STATE_COUNTER: State change: Running -> Ready (Count[Ready]=2)[0m
[0;32mI (3601) EX1_STATE_COUNTER: State change: Ready -> Running (Count[Running]=4)[0m
[0;32mI (3601) EX1_STATE_COUNTER: State change: Running -> Blocked (Count[Blocked]=2)[0m
[0;32mI (3721) EX1_STATE_COUNTER: State change: Blocked -> Suspended (Count[Suspended]=1)[0m
[0;33mW (3721) EX1_STATE_COUNTER: === SUSPEND StateDemo ===[0m
[0;32mI (4481) EX1_STATE_COUNTER: Self-delete countdown: 6[0m
[0;32mI (4491) EX1_STATE_COUNTER: ExtDelete running: 4[0m
[0;32mI (5481) EX1_STATE_COUNTER: Self-delete countdown: 5[0m
[0;32mI (5491) EX1_STATE_COUNTER: ExtDelete running: 5[0m
[0;32mI (5571) EX1_STATE_COUNTER: COUNTS â€” Run:4 Ready:2 Block:2 Susp:1 Del:0[0m
[0;33mW (6121) EX1_STATE_COUNTER: === GIVE SEMAPHORE ===[0m
[0;32mI (6481) EX1_STATE_COUNTER: Self-delete countdown: 4[0m
[0;32mI (6491) EX1_STATE_COUNTER: ExtDelete running: 6[0m
[0;32mI (7481) EX1_STATE_COUNTER: Self-delete countdown: 3[0m
[0;32mI (7491) EX1_STATE_COUNTER: ExtDelete running: 7[0m
[0;32mI (8041) EX1_STATE_COUNTER: State change: Suspended -> Ready (Count[Ready]=3)[0m
[0;33mW (8041) EX1_STATE_COUNTER: === RESUME StateDemo ===[0m
[0;32mI (8041) EX1_STATE_COUNTER: State change: Blocked -> Running (Count[Running]=5)[0m
[0;32mI (8041) EX1_STATE_COUNTER: State change: Running -> Blocked (Count[Blocked]=3)[0m
[0;32mI (8481) EX1_STATE_COUNTER: Self-delete countdown: 2[0m
[0;32mI (8491) EX1_STATE_COUNTER: ExtDelete running: 8[0m
[0;32mI (8551) EX1_STATE_COUNTER: State change: Blocked -> Running (Count[Running]=6)[0m
[0;32mI (8551) EX1_STATE_COUNTER: State change: Running -> Blocked (Count[Blocked]=4)[0m
[0;32mI (9481) EX1_STATE_COUNTER: Self-delete countdown: 1[0m
[0;32mI (9491) EX1_STATE_COUNTER: ExtDelete running: 9[0m
[0;32mI (9551) EX1_STATE_COUNTER: State change: Blocked -> Running (Count[Running]=7)[0m
[0;32mI (9551) EX1_STATE_COUNTER: === Cycle 3 ===[0m
[0;32mI (9701) EX1_STATE_COUNTER: State change: Running -> Ready (Count[Ready]=4)[0m
[0;32mI (9701) EX1_STATE_COUNTER: State change: Ready -> Running (Count[Running]=8)[0m
[0;32mI (9701) EX1_STATE_COUNTER: State change: Running -> Blocked (Count[Blocked]=5)[0m
[0;33mW (10061) EX1_STATE_COUNTER: === GIVE SEMAPHORE ===[0m
[0;32mI (10061) EX1_STATE_COUNTER: State change: Blocked -> Running (Count[Running]=9)[0m
[0;32mI (10061) EX1_STATE_COUNTER: State change: Running -> Blocked (Count[Blocked]=6)[0m
[0;32mI (10481) EX1_STATE_COUNTER: State change: Running -> Deleted (Count[Deleted]=1)[0m
[0;32mI (10481) EX1_STATE_COUNTER: Self-delete -> DELETED[0m
[0;32mI (10491) EX1_STATE_COUNTER: ExtDelete running: 10[0m
[0;32mI (10561) EX1_STATE_COUNTER: State change: Blocked -> Running (Count[Running]=10)[0m
[0;32mI (10561) EX1_STATE_COUNTER: State change: Running -> Blocked (Count[Blocked]=7)[0m
[0;32mI (11061) EX1_STATE_COUNTER: COUNTS â€” Run:10 Ready:4 Block:7 Susp:1 Del:1[0m
[0;32mI (11491) EX1_STATE_COUNTER: ExtDelete running: 11[0m
