Command: C:\Espressif\python_env\idf5.5_py3.11_env\Scripts\python.exe C:\Users\User\esp\v5.5.1\esp-idf\tools/idf_monitor.py -p COM3 -b 115200 --toolchain-prefix xtensa-esp32-elf- --target esp32 --revision 0 D:\STIC 1\Week-13-FreeRTOS_Worksheets\w00\lab3\part1\build\part1.elf D:\STIC 1\Week-13-FreeRTOS_Worksheets\w00\lab3\part1\build\bootloader\bootloader.elf --force-color -m 'C:\Espressif\python_env\idf5.5_py3.11_env\Scripts\python.exe' 'C:\Users\User\esp\v5.5.1\esp-idf\tools\idf.py'
ÔøΩ      : DIO
I (41ÔøΩets Jul 29 2019 12:21:46

rst:0x1 (POWERON_RESET),boot:0x13 (SPI_FAST_FLASH_BOOT)
configsip: 0, SPIWP:0xee
clk_drv:0x00,q_drv:0x00,d_drv:0x00,cs0_drv:0x00,hd_drv:0x00,wp_drv:0x00
mode:DIO, clock div:2
load:0x3fff0030,len:6380
ho 0 tail 12 room 4
load:0x40078000,len:15916
load:0x40080400,len:3860
entry 0x40080638
[0;32mI (29) boot: ESP-IDF v5.5.1 2nd stage bootloader[0m
[0;32mI (29) boot: compile time Oct 22 2025 00:09:49[0m
[0;32mI (29) boot: Multicore bootloader[0m
[0;32mI (31) boot: chip revision: v3.0[0m
[0;32mI (33) boot.esp32: SPI Speed      : 40MHz[0m
[0;32mI (37) boot.esp32: SPI Mode       : DIO[0m
[0;32mI (41) boot.esp32: SPI Flash Size : 2MB[0m
[0;32mI (44) boot: Enabling RNG early entropy source...[0m
[0;32mI (49) boot: Partition Table:[0m
[0;32mI (51) boot: ## Label            Usage          Type ST Offset   Length[0m
[0;32mI (58) boot:  0 nvs              WiFi data        01 02 00009000 00006000[0m
[0;32mI (64) boot:  1 phy_init         RF data          01 01 0000f000 00001000[0m
[0;32mI (71) boot:  2 factory          factory app      00 00 00010000 00100000[0m
[0;32mI (77) boot: End of partition table[0m
[0;32mI (81) esp_image: segment 0: paddr=00010020 vaddr=3f400020 size=0a480h ( 42112) map[0m
[0;32mI (102) esp_image: segment 1: paddr=0001a4a8 vaddr=3ffb0000 size=023f8h (  9208) load[0m
[0;32mI (106) esp_image: segment 2: paddr=0001c8a8 vaddr=40080000 size=03770h ( 14192) load[0m
[0;32mI (112) esp_image: segment 3: paddr=00020020 vaddr=400d0020 size=1487ch ( 84092) map[0m
[0;32mI (143) esp_image: segment 4: paddr=000348a4 vaddr=40083770 size=09840h ( 38976) load[0m
[0;32mI (158) esp_image: segment 5: paddr=0003e0ec vaddr=50000000 size=00020h (    32) load[0m
[0;32mI (165) boot: Loaded app from partition at offset 0x10000[0m
[0;32mI (165) boot: Disabling RNG early entropy source...[0m
[0;32mI (176) cpu_start: Multicore app[0m
[0;32mI (184) cpu_start: Pro cpu start user code[0m
[0;32mI (184) cpu_start: cpu freq: 160000000 Hz[0m
[0;32mI (185) app_init: Application information:[0m
[0;32mI (185) app_init: Project name:     part1[0m
[0;32mI (188) app_init: App version:      f7526bb[0m
[0;32mI (192) app_init: Compile time:     Oct 22 2025 00:09:21[0m
[0;32mI (197) app_init: ELF file SHA256:  dc991500d...[0m
[0;32mI (202) app_init: ESP-IDF:          v5.5.1[0m
[0;32mI (205) efuse_init: Min chip rev:     v0.0[0m
[0;32mI (209) efuse_init: Max chip rev:     v3.99 [0m
[0;32mI (213) efuse_init: Chip rev:         v3.0[0m
[0;32mI (217) heap_init: Initializing. RAM available for dynamic allocation:[0m
[0;32mI (224) heap_init: At 3FFAE6E0 len 00001920 (6 KiB): DRAM[0m
[0;32mI (228) heap_init: At 3FFB2CD8 len 0002D328 (180 KiB): DRAM[0m
[0;32mI (234) heap_init: At 3FFE0440 len 00003AE0 (14 KiB): D/IRAM[0m
[0;32mI (239) heap_init: At 3FFE4350 len 0001BCB0 (111 KiB): D/IRAM[0m
[0;32mI (245) heap_init: At 4008CFB0 len 00013050 (76 KiB): IRAM[0m
[0;32mI (251) spi_flash: detected chip: generic[0m
[0;32mI (254) spi_flash: flash io: dio[0m
[0;33mW (256) spi_flash: Detected size(4096k) larger than the size in the binary image header(2048k). Using the size in the binary image header.[0m
[0;32mI (269) main_task: Started on CPU0[0m
[0;32mI (279) main_task: Calling app_main()[0m
[0;32mI (279) COOPERATIVE: System initialized. Starting cooperative scheduler...[0m
[0;32mI (279) COOPERATIVE: === Cooperative Multitasking Demo ===[0m
[0;32mI (279) COOPERATIVE: Tasks will yield voluntarily[0m
[0;32mI (289) COOPERATIVE: Press button to test emergency response[0m
[0;32mI (289) COOPERATIVE: Coop Task1 running: 0[0m
[0;32mI (359) COOPERATIVE: Coop Task2 running: 0[0m
[0;32mI (479) COOPERATIVE: Coop Task1 running: 1[0m
[0;32mI (539) COOPERATIVE: Coop Task2 running: 1[0m
[0;32mI (659) COOPERATIVE: Coop Task1 running: 2[0m
[0;32mI (719) COOPERATIVE: Coop Task2 running: 2[0m
[0;33mW (829) COOPERATIVE: ‚ö†Ô∏è Emergency button pressed![0m
[0;33mW (829) COOPERATIVE: üö® EMERGENCY RESPONSE! Response time: 0 ms (Max: 0 ms)[0m
[0;32mI (1039) COOPERATIVE: Coop Task1 running: 3[0m
[0;32mI (1099) COOPERATIVE: Coop Task2 running: 3[0m
[0;32mI (1219) COOPERATIVE: Coop Task1 running: 4[0m
[0;32mI (1279) COOPERATIVE: Coop Task2 running: 4[0m
[0;32mI (1399) COOPERATIVE: Coop Task1 running: 5[0m
[0;32mI (1459) COOPERATIVE: Coop Task2 running: 5[0m
[0;33mW (1569) COOPERATIVE: ‚ö†Ô∏è Emergency button pressed![0m
[0;33mW (1569) COOPERATIVE: üö® EMERGENCY RESPONSE! Response time: 0 ms (Max: 0 ms)[0m
[0;32mI (1779) COOPERATIVE: Coop Task1 running: 6[0m
[0;32mI (1839) COOPERATIVE: Coop Task2 running: 6[0m
[0;32mI (1959) COOPERATIVE: Coop Task1 running: 7[0m
[0;32mI (2019) COOPERATIVE: Coop Task2 running: 7[0m
[0;32mI (2139) COOPERATIVE: Coop Task1 running: 8[0m
[0;32mI (2199) COOPERATIVE: Coop Task2 running: 8[0m
[0;33mW (2309) COOPERATIVE: ‚ö†Ô∏è Emergency button pressed![0m
[0;33mW (2309) COOPERATIVE: üö® EMERGENCY RESPONSE! Response time: 0 ms (Max: 0 ms)[0m
[0;32mI (2519) COOPERATIVE: Coop Task1 running: 9[0m
[0;32mI (2579) COOPERATIVE: Coop Task2 running: 9[0m
[0;32mI (2699) COOPERATIVE: Coop Task1 running: 10[0m
[0;32mI (2759) COOPERATIVE: Coop Task2 running: 10[0m
[0;33mW (2869) COOPERATIVE: ‚ö†Ô∏è Emergency button pressed![0m
[0;33mW (2869) COOPERATIVE: üö® EMERGENCY RESPONSE! Response time: 0 ms (Max: 0 ms)[0m
[0;32mI (3079) COOPERATIVE: Coop Task1 running: 11[0m
[0;32mI (3139) COOPERATIVE: Coop Task2 running: 11[0m
[0;32mI (3259) COOPERATIVE: Coop Task1 running: 12[0m
[0;32mI (3319) COOPERATIVE: Coop Task2 running: 12[0m
[0;32mI (3439) COOPERATIVE: Coop Task1 running: 13[0m
[0;32mI (3499) COOPERATIVE: Coop Task2 running: 13[0m
[0;32mI (3619) COOPERATIVE: Coop Task1 running: 14[0m
[0;32mI (3679) COOPERATIVE: Coop Task2 running: 14[0m
[0;32mI (3799) COOPERATIVE: Coop Task1 running: 15[0m
[0;32mI (3859) COOPERATIVE: Coop Task2 running: 15[0m
[0;32mI (3979) COOPERATIVE: Coop Task1 running: 16[0m
[0;32mI (4039) COOPERATIVE: Coop Task2 running: 16[0m
[0;32mI (4159) COOPERATIVE: Coop Task1 running: 17[0m
[0;32mI (4219) COOPERATIVE: Coop Task2 running: 17[0m
[0;32mI (4339) COOPERATIVE: Coop Task1 running: 18[0m
[0;32mI (4399) COOPERATIVE: Coop Task2 running: 18[0m
[0;32mI (4519) COOPERATIVE: Coop Task1 running: 19[0m
[0;32mI (4579) COOPERATIVE: Coop Task2 running: 19[0m
[0;32mI (4699) COOPERATIVE: Coop Task1 running: 20[0m
[0;32mI (4759) COOPERATIVE: Coop Task2 running: 20[0m
[0;32mI (4879) COOPERATIVE: Coop Task1 running: 21[0m
[0;32mI (4939) COOPERATIVE: Coop Task2 running: 21[0m
I (5059) COOPERATIVE: Coop Task1 running: 22
[0;32mI (5119) COOPERATIVE: Coop Task2 running: 22[0m
[0;32mI (5239) COOPERATIVE: Coop Task1 running: 23[0m
[0;32mI (5299) COOPERATIVE: Coop Task2 running: 23[0m
[0;32mI (5419) COOPERATIVE: Coop Task1 running: 24[0m
[0;32mI (5479) COOPERATIVE: Coop Task2 running: 24[0m
[0;32mI (5599) COOPERATIVE: Coop Task1 running: 25[0m
[0;32mI (5659) COOPERATIVE: Coop Task2 running: 25[0m
[0;32mI (5779) COOPERATIVE: Coop Task1 running: 26[0m
[0;32mI (5839) COOPERATIVE: Coop Task2 running: 26[0m
