Command: C:\Espressif\python_env\idf5.5_py3.11_env\Scripts\python.exe C:\Users\User\esp\v5.5.1\esp-idf\tools/idf_monitor.py -p COM3 -b 115200 --toolchain-prefix xtensa-esp32-elf- --target esp32 --revision 0 D:\STIC 1\Week-13-FreeRTOS_Worksheets\05-timers\w05\lab3\advanced_timer_management\build\advanced_timer_management.elf D:\STIC 1\Week-13-FreeRTOS_Worksheets\05-timers\w05\lab3\advanced_timer_management\build\bootloader\bootloader.elf --force-color -m 'C:\Espressif\python_env\idf5.5_py3.11_env\Scripts\python.exe' 'C:\Users\User\esp\v5.5.1\esp-idf\tools\idf.py'
YYÔøΩ"%=5
[0;32mI (41) ÔøΩets Jul 29 2019 12:21:46[0m

rst:0x1 (POWERON_RESET),boot:0x12 (SPI_FAST_FLASH_BOOT)
configsip: 0, SPIWP:0xee
clk_drv:0x00,q_drv:0x00,d_drv:0x00,cs0_drv:0x00,hd_drv:0x00,wp_drv:0x00
mode:DIO, clock div:2
load:0x3fff0030,len:6380
ho 0 tail 12 room 4
load:0x40078000,len:15916
load:0x40080400,len:3860
entry 0x40080638
[0;32mI (29) boot: ESP-IDF v5.5.1 2nd stage bootloader[0m
[0;32mI (29) boot: compile time Oct 24 2025 23:36:19[0m
[0;32mI (29) boot: Multicore bootloader[0m
[0;32mI (31) boot: chip revision: v3.0[0m
[0;32mI (33) boot.esp32: SPI Speed      : 40MHz[0m
[0;32mI (37) boot.esp32: SPI Mode       : DIO[0m
[0;32mI (41) boot.esp32: SPI Flash Size : 2MB[0m
[0;32mI (44) boot: Enabling RNG early entropy source...[0m
[0;32mI (49) boot: Partition Table:[0m
[0;32mI (51) boot: ## Label            Usage          Type ST Offset   Length[0m
[0;32mI (58) boot:  0 nvs              WiFi data        01 02 00009000 00006000[0m
[0;32mI (64) boot:  1 phy_init         RF data          01 01 0000f000 00001000[0m
[0;32mI (71) boot:  2 factory          factory app      00 00 00010000 00100000[0m
[0;32mI (77) boot: End of partition table[0m
[0;32mI (81) esp_image: segment 0: paddr=00010020 vaddr=3f400020 size=0a530h ( 42288) map[0m
[0;32mI (102) esp_image: segment 1: paddr=0001a558 vaddr=3ffb0000 size=02408h (  9224) load[0m
[0;32mI (106) esp_image: segment 2: paddr=0001c968 vaddr=40080000 size=036b0h ( 14000) load[0m
[0;32mI (112) esp_image: segment 3: paddr=00020020 vaddr=400d0020 size=174e8h ( 95464) map[0m
[0;32mI (147) esp_image: segment 4: paddr=00037510 vaddr=400836b0 size=0a1b0h ( 41392) load[0m
[0;32mI (163) esp_image: segment 5: paddr=000416c8 vaddr=50000000 size=00020h (    32) load[0m
[0;32mI (170) boot: Loaded app from partition at offset 0x10000[0m
[0;32mI (170) boot: Disabling RNG early entropy source...[0m
[0;32mI (181) cpu_start: Multicore app[0m
[0;32mI (189) cpu_start: Pro cpu start user code[0m
[0;32mI (189) cpu_start: cpu freq: 160000000 Hz[0m
[0;32mI (189) app_init: Application information:[0m
[0;32mI (190) app_init: Project name:     advanced_timer_management[0m
[0;32mI (195) app_init: App version:      8e74e47[0m
[0;32mI (199) app_init: Compile time:     Oct 24 2025 23:35:47[0m
[0;32mI (204) app_init: ELF file SHA256:  a1d0b3d70...[0m
[0;32mI (208) app_init: ESP-IDF:          v5.5.1[0m
[0;32mI (212) efuse_init: Min chip rev:     v0.0[0m
[0;32mI (216) efuse_init: Max chip rev:     v3.99 [0m
[0;32mI (220) efuse_init: Chip rev:         v3.0[0m
[0;32mI (224) heap_init: Initializing. RAM available for dynamic allocation:[0m
[0;32mI (230) heap_init: At 3FFAE6E0 len 00001920 (6 KiB): DRAM[0m
[0;32mI (235) heap_init: At 3FFB3C38 len 0002C3C8 (176 KiB): DRAM[0m
[0;32mI (240) heap_init: At 3FFE0440 len 00003AE0 (14 KiB): D/IRAM[0m
[0;32mI (246) heap_init: At 3FFE4350 len 0001BCB0 (111 KiB): D/IRAM[0m
[0;32mI (251) heap_init: At 4008D860 len 000127A0 (73 KiB): IRAM[0m
[0;32mI (258) spi_flash: detected chip: generic[0m
[0;32mI (260) spi_flash: flash io: dio[0m
[0;33mW (263) spi_flash: Detected size(4096k) larger than the size in the binary image header(2048k). Using the size in the binary image header.[0m
[0;32mI (276) main_task: Started on CPU0[0m
[0;32mI (286) main_task: Calling app_main()[0m
[0;32mI (286) ADV_TIMERS: Advanced Timer Management Lab Starting...[0m
[0;32mI (286) ADV_TIMERS: Timer pool initialized with 20 slots[0m
[0;32mI (286) ADV_TIMERS: Monitoring systems initialized[0m
[0;32mI (296) ADV_TIMERS: [EXP3] Stress Testing[0m
[0;32mI (296) ADV_TIMERS: üî• Starting stress test...[0m
[0;32mI (296) ADV_TIMERS: üöÄ Advanced Timer Management System Running (EXP=3)[0m
[0;32mI (306) ADV_TIMERS: Monitor LEDs:[0m
[0;32mI (306) ADV_TIMERS:   GPIO2  - Performance Warning[0m
[0;32mI (316) ADV_TIMERS:   GPIO4  - Health Status[0m
[0;32mI (316) ADV_TIMERS:   GPIO5  - Stress Test Activity[0m
[0;32mI (326) ADV_TIMERS:   GPIO18 - Error/Memory Warning[0m
[0;32mI (326) main_task: Returned from app_main()[0m
[0;32mI (1296) ADV_TIMERS: üè• Health Monitor:[0m
[0;32mI (1296) ADV_TIMERS:   Active Timers: 10/10[0m
[0;32mI (1296) ADV_TIMERS:   Pool Utilization: 50%[0m
[0;32mI (1296) ADV_TIMERS:   Dynamic Timers: 0/10[0m
[0;32mI (1296) ADV_TIMERS:   Free Heap: 297916 bytes[0m
[0;32mI (1296) ADV_TIMERS:   Failed Creations: 0[0m
[0;32mI (2296) ADV_TIMERS: üè• Health Monitor:[0m
[0;32mI (2296) ADV_TIMERS:   Active Timers: 10/10[0m
[0;32mI (2296) ADV_TIMERS:   Pool Utilization: 50%[0m
[0;32mI (2296) ADV_TIMERS:   Dynamic Timers: 0/10[0m
[0;32mI (2296) ADV_TIMERS:   Free Heap: 297916 bytes[0m
[0;32mI (2296) ADV_TIMERS:   Failed Creations: 0[0m
[0;32mI (3196) ADV_TIMERS: üí™ Stress test callback #100[0m
[0;32mI (3296) ADV_TIMERS: üè• Health Monitor:[0m
[0;32mI (3296) ADV_TIMERS:   Active Timers: 10/10[0m
[0;32mI (3296) ADV_TIMERS:   Pool Utilization: 50%[0m
[0;32mI (3296) ADV_TIMERS:   Dynamic Timers: 0/10[0m
[0;32mI (3296) ADV_TIMERS:   Free Heap: 297916 bytes[0m
[0;32mI (3296) ADV_TIMERS:   Failed Creations: 0[0m
[0;32mI (4296) ADV_TIMERS: üè• Health Monitor:[0m
[0;32mI (4296) ADV_TIMERS:   Active Timers: 10/10[0m
[0;32mI (4296) ADV_TIMERS:   Pool Utilization: 50%[0m
[0;32mI (4296) ADV_TIMERS:   Dynamic Timers: 0/10[0m
[0;32mI (4296) ADV_TIMERS:   Free Heap: 297916 bytes[0m
[0;32mI (4296) ADV_TIMERS:   Failed Creations: 0[0m
[0;32mI (5296) ADV_TIMERS: üè• Health Monitor:[0m
[0;32mI (5296) ADV_TIMERS:   Active Timers: 10/10[0m
[0;32mI (5296) ADV_TIMERS:   Pool Utilization: 50%[0m
[0;32mI (5296) ADV_TIMERS:   Dynamic Timers: 0/10[0m
[0;32mI (5296) ADV_TIMERS:   Free Heap: 297916 bytes[0m
[0;32mI (5296) ADV_TIMERS:   Failed Creations: 0[0m
[0;32mI (5646) ADV_TIMERS: üí™ Stress test callback #200[0m
[0;32mI (6296) ADV_TIMERS: üè• Health Monitor:[0m
[0;32mI (6296) ADV_TIMERS:   Active Timers: 10/10[0m
[0;32mI (6296) ADV_TIMERS:   Pool Utilization: 50%[0m
[0;32mI (6296) ADV_TIMERS:   Dynamic Timers: 0/10[0m
[0;32mI (6296) ADV_TIMERS:   Free Heap: 297916 bytes[0m
[0;32mI (6296) ADV_TIMERS:   Failed Creations: 0[0m
[0;32mI (7296) ADV_TIMERS: üè• Health Monitor:[0m
[0;32mI (7296) ADV_TIMERS:   Active Timers: 10/10[0m
[0;32mI (7296) ADV_TIMERS:   Pool Utilization: 50%[0m
[0;32mI (7296) ADV_TIMERS:   Dynamic Timers: 0/10[0m
[0;32mI (7296) ADV_TIMERS:   Free Heap: 297916 bytes[0m
[0;32mI (7296) ADV_TIMERS:   Failed Creations: 0[0m
[0;32mI (8096) ADV_TIMERS: üí™ Stress test callback #300[0m
[0;32mI (8296) ADV_TIMERS: üè• Health Monitor:[0m
[0;32mI (8296) ADV_TIMERS:   Active Timers: 10/10[0m
[0;32mI (8296) ADV_TIMERS:   Pool Utilization: 50%[0m
[0;32mI (8296) ADV_TIMERS:   Dynamic Timers: 0/10[0m
[0;32mI (8296) ADV_TIMERS:   Free Heap: 297916 bytes[0m
[0;32mI (8296) ADV_TIMERS:   Failed Creations: 0[0m
[0;32mI (9296) ADV_TIMERS: üè• Health Monitor:[0m
[0;32mI (9296) ADV_TIMERS:   Active Timers: 10/10[0m
[0;32mI (9296) ADV_TIMERS:   Pool Utilization: 50%[0m
[0;32mI (9296) ADV_TIMERS:   Dynamic Timers: 0/10[0m
[0;32mI (9296) ADV_TIMERS:   Free Heap: 297916 bytes[0m
[0;32mI (9296) ADV_TIMERS:   Failed Creations: 0[0m
