Command: C:\Espressif\python_env\idf5.5_py3.11_env\Scripts\python.exe C:\Users\User\esp\v5.5.1\esp-idf\tools/idf_monitor.py -p COM3 -b 115200 --toolchain-prefix xtensa-esp32-elf- --target esp32 --revision 0 D:\STIC 1\Week-13-FreeRTOS_Worksheets\04-semaphores\w04\lab1\binary_semaphores\build\binary_semaphores.elf D:\STIC 1\Week-13-FreeRTOS_Worksheets\04-semaphores\w04\lab1\binary_semaphores\build\bootloader\bootloader.elf --force-color -m 'C:\Espressif\python_env\idf5.5_py3.11_env\Scripts\python.exe' 'C:\Users\User\esp\v5.5.1\esp-idf\tools\idf.py'
etsÔøΩ%=5
[0;32mI (41) boot.esp32: SPÔøΩets Jul 29 2019 12:21:46[0m

rst:0x1 (POWERON_RESET),boot:0x12 (SPI_FAST_FLASH_BOOT)
configsip: 0, SPIWP:0xee
clk_drv:0x00,q_drv:0x00,d_drv:0x00,cs0_drv:0x00,hd_drv:0x00,wp_drv:0x00
mode:DIO, clock div:2
load:0x3fff0030,len:6380
ho 0 tail 12 room 4
load:0x40078000,len:15916
load:0x40080400,len:3860
entry 0x40080638
[0;32mI (29) boot: ESP-IDF v5.5.1 2nd stage bootloader[0m
[0;32mI (29) boot: compile time Oct 23 2025 18:26:23[0m
[0;32mI (29) boot: Multicore bootloader[0m
[0;32mI (31) boot: chip revision: v3.0[0m
[0;32mI (33) boot.esp32: SPI Speed      : 40MHz[0m
[0;32mI (37) boot.esp32: SPI Mode       : DIO[0m
[0;32mI (41) boot.esp32: SPI Flash Size : 2MB[0m
[0;32mI (44) boot: Enabling RNG early entropy source...[0m
[0;32mI (49) boot: Partition Table:[0m
[0;32mI (51) boot: ## Label            Usage          Type ST Offset   Length[0m
[0;32mI (58) boot:  0 nvs              WiFi data        01 02 00009000 00006000[0m
[0;32mI (64) boot:  1 phy_init         RF data          01 01 0000f000 00001000[0m
[0;32mI (71) boot:  2 factory          factory app      00 00 00010000 00100000[0m
[0;32mI (77) boot: End of partition table[0m
[0;32mI (81) esp_image: segment 0: paddr=00010020 vaddr=3f400020 size=0b178h ( 45432) map[0m
[0;32mI (104) esp_image: segment 1: paddr=0001b1a0 vaddr=3ffb0000 size=023f8h (  9208) load[0m
[0;32mI (107) esp_image: segment 2: paddr=0001d5a0 vaddr=40080000 size=02a78h ( 10872) load[0m
[0;32mI (112) esp_image: segment 3: paddr=00020020 vaddr=400d0020 size=15c44h ( 89156) map[0m
[0;32mI (145) esp_image: segment 4: paddr=00035c6c vaddr=40082a78 size=0a994h ( 43412) load[0m
[0;32mI (163) esp_image: segment 5: paddr=00040608 vaddr=50000000 size=00020h (    32) load[0m
[0;32mI (169) boot: Loaded app from partition at offset 0x10000[0m
[0;32mI (169) boot: Disabling RNG early entropy source...[0m
[0;32mI (181) cpu_start: Multicore app[0m
[0;32mI (189) cpu_start: Pro cpu start user code[0m
[0;32mI (189) cpu_start: cpu freq: 160000000 Hz[0m
[0;32mI (189) app_init: Application information:[0m
[0;32mI (189) app_init: Project name:     binary_semaphores[0m
[0;32mI (194) app_init: App version:      40bce8f-dirty[0m
[0;32mI (198) app_init: Compile time:     Oct 23 2025 18:25:36[0m
[0;32mI (203) app_init: ELF file SHA256:  8912bbbd2...[0m
[0;32mI (208) app_init: ESP-IDF:          v5.5.1[0m
[0;32mI (212) efuse_init: Min chip rev:     v0.0[0m
[0;32mI (215) efuse_init: Max chip rev:     v3.99 [0m
[0;32mI (219) efuse_init: Chip rev:         v3.0[0m
[0;32mI (224) heap_init: Initializing. RAM available for dynamic allocation:[0m
[0;32mI (230) heap_init: At 3FFAE6E0 len 00001920 (6 KiB): DRAM[0m
[0;32mI (235) heap_init: At 3FFB2CF8 len 0002D308 (180 KiB): DRAM[0m
[0;32mI (240) heap_init: At 3FFE0440 len 00003AE0 (14 KiB): D/IRAM[0m
[0;32mI (245) heap_init: At 3FFE4350 len 0001BCB0 (111 KiB): D/IRAM[0m
[0;32mI (251) heap_init: At 4008D40C len 00012BF4 (74 KiB): IRAM[0m
[0;32mI (258) spi_flash: detected chip: generic[0m
[0;32mI (260) spi_flash: flash io: dio[0m
[0;33mW (263) spi_flash: Detected size(4096k) larger than the size in the binary image header(2048k). Using the size in the binary image header.[0m
[0;32mI (275) main_task: Started on CPU0[0m
[0;32mI (285) main_task: Calling app_main()[0m
[0;32mI (285) BINARY_SEM: Binary Semaphores Lab Starting... (Experiment 2: Multiple Give)[0m
[0;32mI (285) BINARY_SEM: All semaphores created successfully[0m
[0;32mI (285) BINARY_SEM: Timer configured for 8-second intervals[0m
[0;32mI (295) BINARY_SEM: Producer task started (Multiple Give)[0m
[0;32mI (295) BINARY_SEM: Consumer task started - waiting for events...[0m
[0;32mI (305) BINARY_SEM: üîç Consumer: Waiting for event...[0m
[0;32mI (305) BINARY_SEM: Timer event task started[0m
[0;32mI (315) BINARY_SEM: Button event task started[0m
[0;32mI (315) BINARY_SEM: All tasks created. System operational.[0m
[0;32mI (325) BINARY_SEM: System monitor started[0m
[0;32mI (325) BINARY_SEM: üí° Press the BOOT button (GPIO0) to trigger immediate events![0m
[0;32mI (335) main_task: Returned from app_main()[0m
[0;32mI (2915) BINARY_SEM: üî• Producer: Generating event batch #1 (3 gives)[0m
[0;32mI (2915) BINARY_SEM:   ‚úì Give #1 accepted[0m
[0;32mI (2915) BINARY_SEM: ‚ö° Consumer: Event received! Processing...[0m
[0;32mI (3075) BINARY_SEM:   ‚úì Give #2 accepted[0m
[0;33mW (3235) BINARY_SEM:   ‚úó Give #3 ignored (binary semaphore already given)[0m
[0;32mI (3335) BINARY_SEM: üßÆ Batch result: 2 accepted / 3 tries[0m
[0;32mI (5865) BINARY_SEM: ‚úì Consumer: Event processed successfully[0m
[0;32mI (5865) BINARY_SEM: üîç Consumer: Waiting for event...[0m
[0;32mI (5865) BINARY_SEM: ‚ö° Consumer: Event received! Processing...[0m
[0;32mI (6215) BINARY_SEM: üî• Producer: Generating event batch #2 (3 gives)[0m
[0;32mI (6215) BINARY_SEM:   ‚úì Give #1 accepted[0m
[0;33mW (6375) BINARY_SEM:   ‚úó Give #2 ignored (binary semaphore already given)[0m
[0;33mW (6475) BINARY_SEM:   ‚úó Give #3 ignored (binary semaphore already given)[0m
[0;32mI (6515) BINARY_SEM: üîò Button: Press detected #1[0m
[0;32mI (6575) BINARY_SEM: üßÆ Batch result: 1 accepted / 3 tries[0m
[0;32mI (6815) BINARY_SEM: üöÄ Button: Triggering immediate producer event[0m
[0;32mI (7265) BINARY_SEM: ‚úì Consumer: Event processed successfully[0m
[0;32mI (7265) BINARY_SEM: üîç Consumer: Waiting for event...[0m
[0;32mI (7265) BINARY_SEM: ‚ö° Consumer: Event received! Processing...[0m
[0;32mI (8285) BINARY_SEM: ‚è±Ô∏è  Timer: Periodic timer event #1[0m
[0;32mI (8535) BINARY_SEM: üîò Button: Press detected #2[0m
[0;32mI (8835) BINARY_SEM: üöÄ Button: Triggering immediate producer event[0m
[0;32mI (10215) BINARY_SEM: ‚úì Consumer: Event processed successfully[0m
[0;32mI (10215) BINARY_SEM: üîç Consumer: Waiting for event...[0m
[0;32mI (10215) BINARY_SEM: ‚ö° Consumer: Event received! Processing...[0m
[0;32mI (10225) BINARY_SEM: üîò Button: Press detected #3[0m
[0;32mI (10525) BINARY_SEM: üöÄ Button: Triggering immediate producer event[0m
[0;32mI (11135) BINARY_SEM: üî• Producer: Generating event batch #3 (3 gives)[0m
[0;33mW (11135) BINARY_SEM:   ‚úó Give #1 ignored (binary semaphore already given)[0m
[0;33mW (11235) BINARY_SEM:   ‚úó Give #2 ignored (binary semaphore already given)[0m
[0;33mW (11335) BINARY_SEM:   ‚úó Give #3 ignored (binary semaphore already given)[0m
[0;32mI (11435) BINARY_SEM: üßÆ Batch result: 0 accepted / 3 tries[0m
[0;32mI (12855) BINARY_SEM: ‚úì Consumer: Event processed successfully[0m
[0;32mI (12855) BINARY_SEM: üîç Consumer: Waiting for event...[0m
[0;32mI (12855) BINARY_SEM: ‚ö° Consumer: Event received! Processing...[0m
[0;32mI (14565) BINARY_SEM: ‚úì Consumer: Event processed successfully[0m
[0;32mI (14565) BINARY_SEM: üîç Consumer: Waiting for event...[0m
[0;32mI (15115) BINARY_SEM: üî• Producer: Generating event batch #4 (3 gives)[0m
[0;32mI (15115) BINARY_SEM:   ‚úì Give #1 accepted[0m
[0;32mI (15115) BINARY_SEM: ‚ö° Consumer: Event received! Processing...[0m
[0;32mI (15275) BINARY_SEM:   ‚úì Give #2 accepted[0m
[0;32mI (15325) BINARY_SEM: [0m
‚ïê‚ïê‚ïê SEMAPHORE SYSTEM MONITOR ‚ïê‚ïê‚ïê
[0;32mI (15325) BINARY_SEM: Binary Semaphore Available: YES[0m
[0;32mI (15325) BINARY_SEM: Timer Semaphore Count: 0[0m
[0;32mI (15325) BINARY_SEM: Button Semaphore Count: 0[0m
[0;32mI (15325) BINARY_SEM: Event Statistics:[0m
[0;32mI (15335) BINARY_SEM:   Producer Events: 7[0m
[0;32mI (15335) BINARY_SEM:   Consumer Events: 6[0m
[0;32mI (15335) BINARY_SEM:   Timer Events:    1[0m
[0;32mI (15345) BINARY_SEM:   Button Presses:  3[0m
[0;32mI (15345) BINARY_SEM:   System Efficiency: 85.7%[0m
[0;32mI (15355) BINARY_SEM: ‚ïê‚ïê‚ïê‚ïê‚ïê‚ïê‚ïê‚ïê‚ïê‚ïê‚ïê‚ïê‚ïê‚ïê‚ïê‚ïê‚ïê‚ïê‚ïê‚ïê‚ïê‚ïê‚ïê‚ïê‚ïê‚ïê‚ïê‚ïê‚ïê‚ïê[0m

[0;33mW (15435) BINARY_SEM:   ‚úó Give #3 ignored (binary semaphore already given)[0m
[0;32mI (15535) BINARY_SEM: üßÆ Batch result: 2 accepted / 3 tries[0m
[0;32mI (16285) BINARY_SEM: ‚è±Ô∏è  Timer: Periodic timer event #2[0m
[0;32mI (16935) BINARY_SEM: üîò Button: Press detected #4[0m
[0;32mI (17235) BINARY_SEM: üöÄ Button: Triggering immediate producer event[0m
[0;32mI (18085) BINARY_SEM: ‚úì Consumer: Event processed successfully[0m
[0;32mI (18085) BINARY_SEM: üîç Consumer: Waiting for event...[0m
[0;32mI (18085) BINARY_SEM: ‚ö° Consumer: Event received! Processing...[0m
[0;32mI (18375) BINARY_SEM: üî• Producer: Generating event batch #5 (3 gives)[0m
[0;32mI (18375) BINARY_SEM:   ‚úì Give #1 accepted[0m
[0;33mW (18535) BINARY_SEM:   ‚úó Give #2 ignored (binary semaphore already given)[0m
[0;33mW (18635) BINARY_SEM:   ‚úó Give #3 ignored (binary semaphore already given)[0m
[0;32mI (18735) BINARY_SEM: üßÆ Batch result: 1 accepted / 3 tries[0m
[0;32mI (20545) BINARY_SEM: ‚úì Consumer: Event processed successfully[0m
[0;32mI (20545) BINARY_SEM: üîç Consumer: Waiting for event...[0m
[0;32mI (20545) BINARY_SEM: ‚ö° Consumer: Event received! Processing...[0m
[0;32mI (21635) BINARY_SEM: üîò Button: Press detected #5[0m
[0;32mI (21935) BINARY_SEM: üöÄ Button: Triggering immediate producer event[0m
[0;32mI (22315) BINARY_SEM: üî• Producer: Generating event batch #6 (3 gives)[0m
[0;33mW (22315) BINARY_SEM:   ‚úó Give #1 ignored (binary semaphore already given)[0m
[0;33mW (22415) BINARY_SEM:   ‚úó Give #2 ignored (binary semaphore already given)[0m
[0;33mW (22515) BINARY_SEM:   ‚úó Give #3 ignored (binary semaphore already given)[0m
[0;32mI (22615) BINARY_SEM: üßÆ Batch result: 0 accepted / 3 tries[0m
[0;32mI (23135) BINARY_SEM: ‚úì Consumer: Event processed successfully[0m
[0;32mI (23135) BINARY_SEM: üîç Consumer: Waiting for event...[0m
[0;32mI (23135) BINARY_SEM: ‚ö° Consumer: Event received! Processing...[0m
[0;32mI (24285) BINARY_SEM: ‚è±Ô∏è  Timer: Periodic timer event #3[0m
[0;32mI (24915) BINARY_SEM: üî• Producer: Generating event batch #7 (3 gives)[0m
[0;32mI (24915) BINARY_SEM:   ‚úì Give #1 accepted[0m
[0;33mW (25075) BINARY_SEM:   ‚úó Give #2 ignored (binary semaphore already given)[0m
[0;33mW (25175) BINARY_SEM:   ‚úó Give #3 ignored (binary semaphore already given)[0m
[0;32mI (25275) BINARY_SEM: üßÆ Batch result: 1 accepted / 3 tries[0m
