Command: C:\Espressif\python_env\idf5.5_py3.11_env\Scripts\python.exe C:\Users\User\esp\v5.5.1\esp-idf\tools/idf_monitor.py -p COM3 -b 115200 --toolchain-prefix xtensa-esp32-elf- --target esp32 --revision 0 D:\STIC 1\Week-13-FreeRTOS_Worksheets\04-semaphores\w04\lab1\binary_semaphores\build\binary_semaphores.elf D:\STIC 1\Week-13-FreeRTOS_Worksheets\04-semaphores\w04\lab1\binary_semaphores\build\bootloader\bootloader.elf --force-color -m 'C:\Espressif\python_env\idf5.5_py3.11_env\Scripts\python.exe' 'C:\Users\User\esp\v5.5.1\esp-idf\tools\idf.py'
ÔøΩ"%=5
[0;32mI (41) ÔøΩets Jul 29 2019 12:21:46[0m

rst:0x1 (POWERON_RESET),boot:0x12 (SPI_FAST_FLASH_BOOT)
configsip: 0, SPIWP:0xee
clk_drv:0x00,q_drv:0x00,d_drv:0x00,cs0_drv:0x00,hd_drv:0x00,wp_drv:0x00
mode:DIO, clock div:2
load:0x3fff0030,len:6380
ho 0 tail 12 room 4
load:0x40078000,len:15916
load:0x40080400,len:3860
entry 0x40080638
[0;32mI (29) boot: ESP-IDF v5.5.1 2nd stage bootloader[0m
[0;32mI (29) boot: compile time Oct 23 2025 18:26:23[0m
[0;32mI (29) boot: Multicore bootloader[0m
[0;32mI (31) boot: chip revision: v3.0[0m
[0;32mI (33) boot.esp32: SPI Speed      : 40MHz[0m
[0;32mI (37) boot.esp32: SPI Mode       : DIO[0m
[0;32mI (41) boot.esp32: SPI Flash Size : 2MB[0m
[0;32mI (44) boot: Enabling RNG early entropy source...[0m
[0;32mI (49) boot: Partition Table:[0m
[0;32mI (51) boot: ## Label            Usage          Type ST Offset   Length[0m
[0;32mI (58) boot:  0 nvs              WiFi data        01 02 00009000 00006000[0m
[0;32mI (64) boot:  1 phy_init         RF data          01 01 0000f000 00001000[0m
[0;32mI (71) boot:  2 factory          factory app      00 00 00010000 00100000[0m
[0;32mI (77) boot: End of partition table[0m
[0;32mI (81) esp_image: segment 0: paddr=00010020 vaddr=3f400020 size=0b108h ( 45320) map[0m
[0;32mI (103) esp_image: segment 1: paddr=0001b130 vaddr=3ffb0000 size=023f8h (  9208) load[0m
[0;32mI (107) esp_image: segment 2: paddr=0001d530 vaddr=40080000 size=02ae8h ( 10984) load[0m
[0;32mI (112) esp_image: segment 3: paddr=00020020 vaddr=400d0020 size=15c0ch ( 89100) map[0m
[0;32mI (145) esp_image: segment 4: paddr=00035c34 vaddr=40082ae8 size=0a924h ( 43300) load[0m
[0;32mI (162) esp_image: segment 5: paddr=00040560 vaddr=50000000 size=00020h (    32) load[0m
[0;32mI (169) boot: Loaded app from partition at offset 0x10000[0m
[0;32mI (169) boot: Disabling RNG early entropy source...[0m
[0;32mI (181) cpu_start: Multicore app[0m
[0;32mI (189) cpu_start: Pro cpu start user code[0m
[0;32mI (189) cpu_start: cpu freq: 160000000 Hz[0m
[0;32mI (189) app_init: Application information:[0m
[0;32mI (189) app_init: Project name:     binary_semaphores[0m
[0;32mI (194) app_init: App version:      40bce8f-dirty[0m
[0;32mI (198) app_init: Compile time:     Oct 23 2025 18:25:36[0m
[0;32mI (203) app_init: ELF file SHA256:  bab3c8976...[0m
[0;32mI (208) app_init: ESP-IDF:          v5.5.1[0m
[0;32mI (211) efuse_init: Min chip rev:     v0.0[0m
[0;32mI (215) efuse_init: Max chip rev:     v3.99 [0m
[0;32mI (219) efuse_init: Chip rev:         v3.0[0m
[0;32mI (223) heap_init: Initializing. RAM available for dynamic allocation:[0m
[0;32mI (230) heap_init: At 3FFAE6E0 len 00001920 (6 KiB): DRAM[0m
[0;32mI (234) heap_init: At 3FFB2CF8 len 0002D308 (180 KiB): DRAM[0m
[0;32mI (240) heap_init: At 3FFE0440 len 00003AE0 (14 KiB): D/IRAM[0m
[0;32mI (245) heap_init: At 3FFE4350 len 0001BCB0 (111 KiB): D/IRAM[0m
[0;32mI (251) heap_init: At 4008D40C len 00012BF4 (74 KiB): IRAM[0m
[0;32mI (257) spi_flash: detected chip: generic[0m
[0;32mI (260) spi_flash: flash io: dio[0m
[0;33mW (263) spi_flash: Detected size(4096k) larger than the size in the binary image header(2048k). Using the size in the binary image header.[0m
[0;32mI (275) main_task: Started on CPU0[0m
[0;32mI (285) main_task: Calling app_main()[0m
[0;32mI (285) BINARY_SEM: Binary Semaphores Lab Starting...[0m
[0;32mI (285) BINARY_SEM: All semaphores created successfully[0m
[0;32mI (285) BINARY_SEM: Timer configured for 8-second intervals[0m
[0;32mI (295) BINARY_SEM: Producer task started[0m
[0;32mI (295) BINARY_SEM: Consumer task started - waiting for events...[0m
[0;32mI (305) BINARY_SEM: üîç Consumer: Waiting for event...[0m
[0;32mI (305) BINARY_SEM: Timer event task started[0m
[0;32mI (305) BINARY_SEM: Button event task started[0m
[0;32mI (315) BINARY_SEM: All tasks created. System operational.[0m
[0;32mI (315) BINARY_SEM: üí° Press the BOOT button (GPIO0) to trigger immediate events![0m
[0;32mI (325) BINARY_SEM: System monitor started[0m
[0;32mI (325) main_task: Returned from app_main()[0m
[0;32mI (3035) BINARY_SEM: üî• Producer: Generating event #1[0m
[0;32mI (3035) BINARY_SEM: ‚úì Producer: Event signaled successfully[0m
[0;32mI (3035) BINARY_SEM: ‚ö° Consumer: Event received! Processing...[0m
[0;32mI (5865) BINARY_SEM: ‚úì Consumer: Event processed successfully[0m
[0;32mI (5865) BINARY_SEM: üîç Consumer: Waiting for event...[0m
[0;32mI (6895) BINARY_SEM: üî• Producer: Generating event #2[0m
[0;32mI (6895) BINARY_SEM: ‚úì Producer: Event signaled successfully[0m
[0;32mI (6895) BINARY_SEM: ‚ö° Consumer: Event received! Processing...[0m
[0;32mI (8285) BINARY_SEM: ‚è±Ô∏è  Timer: Periodic timer event #1[0m
[0;32mI (9315) BINARY_SEM: ‚úì Consumer: Event processed successfully[0m
[0;32mI (9315) BINARY_SEM: üîç Consumer: Waiting for event...[0m
[0;32mI (9405) BINARY_SEM: üî• Producer: Generating event #3[0m
[0;32mI (9405) BINARY_SEM: ‚úì Producer: Event signaled successfully[0m
[0;32mI (9405) BINARY_SEM: ‚ö° Consumer: Event received! Processing...[0m
[0;32mI (11815) BINARY_SEM: ‚úì Consumer: Event processed successfully[0m
[0;32mI (11815) BINARY_SEM: üîç Consumer: Waiting for event...[0m
[0;32mI (11995) BINARY_SEM: üî• Producer: Generating event #4[0m
[0;32mI (11995) BINARY_SEM: ‚úì Producer: Event signaled successfully[0m
[0;32mI (11995) BINARY_SEM: ‚ö° Consumer: Event received! Processing...[0m
[0;32mI (13455) BINARY_SEM: ‚úì Consumer: Event processed successfully[0m
[0;32mI (13455) BINARY_SEM: üîç Consumer: Waiting for event...[0m
