Command: C:\Espressif\python_env\idf5.5_py3.11_env\Scripts\python.exe C:\Users\User\esp\v5.5.1\esp-idf\tools/idf_monitor.py -p COM3 -b 115200 --toolchain-prefix xtensa-esp32-elf- --target esp32 --revision 0 D:\STIC 1\Week-13-FreeRTOS_Worksheets\04-semaphores\w04\lab3\counting_semaphores\build\counting_semaphores.elf D:\STIC 1\Week-13-FreeRTOS_Worksheets\04-semaphores\w04\lab3\counting_semaphores\build\bootloader\bootloader.elf --force-color -m 'C:\Espressif\python_env\idf5.5_py3.11_env\Scripts\python.exe' 'C:\Users\User\esp\v5.5.1\esp-idf\tools\idf.py'
ÔøΩ"%=5
[0;32mI (41) boot.esp3ÔøΩets Jul 29 2019 12:21:46[0m

rst:0x1 (POWERON_RESET),boot:0x12 (SPI_FAST_FLASH_BOOT)
configsip: 0, SPIWP:0xee
clk_drv:0x00,q_drv:0x00,d_drv:0x00,cs0_drv:0x00,hd_drv:0x00,wp_drv:0x00
mode:DIO, clock div:2
load:0x3fff0030,len:6380
ho 0 tail 12 room 4
load:0x40078000,len:15916
load:0x40080400,len:3860
entry 0x40080638
[0;32mI (29) boot: ESP-IDF v5.5.1 2nd stage bootloader[0m
[0;32mI (29) boot: compile time Oct 24 2025 21:55:37[0m
[0;32mI (29) boot: Multicore bootloader[0m
[0;32mI (31) boot: chip revision: v3.0[0m
[0;32mI (33) boot.esp32: SPI Speed      : 40MHz[0m
[0;32mI (37) boot.esp32: SPI Mode       : DIO[0m
[0;32mI (41) boot.esp32: SPI Flash Size : 2MB[0m
[0;32mI (44) boot: Enabling RNG early entropy source...[0m
[0;32mI (49) boot: Partition Table:[0m
[0;32mI (51) boot: ## Label            Usage          Type ST Offset   Length[0m
[0;32mI (58) boot:  0 nvs              WiFi data        01 02 00009000 00006000[0m
[0;32mI (64) boot:  1 phy_init         RF data          01 01 0000f000 00001000[0m
[0;32mI (71) boot:  2 factory          factory app      00 00 00010000 00100000[0m
[0;32mI (77) boot: End of partition table[0m
[0;32mI (81) esp_image: segment 0: paddr=00010020 vaddr=3f400020 size=0a710h ( 42768) map[0m
[0;32mI (103) esp_image: segment 1: paddr=0001a738 vaddr=3ffb0000 size=02478h (  9336) load[0m
[0;32mI (106) esp_image: segment 2: paddr=0001cbb8 vaddr=40080000 size=03460h ( 13408) load[0m
[0;32mI (112) esp_image: segment 3: paddr=00020020 vaddr=400d0020 size=174bch ( 95420) map[0m
[0;32mI (147) esp_image: segment 4: paddr=000374e4 vaddr=40083460 size=09c18h ( 39960) load[0m
[0;32mI (162) esp_image: segment 5: paddr=00041104 vaddr=50000000 size=00020h (    32) load[0m
[0;32mI (169) boot: Loaded app from partition at offset 0x10000[0m
[0;32mI (169) boot: Disabling RNG early entropy source...[0m
[0;32mI (181) cpu_start: Multicore app[0m
[0;32mI (189) cpu_start: Pro cpu start user code[0m
[0;32mI (189) cpu_start: cpu freq: 160000000 Hz[0m
[0;32mI (189) app_init: Application information:[0m
[0;32mI (189) app_init: Project name:     counting_semaphores[0m
[0;32mI (194) app_init: App version:      40bce8f-dirty[0m
[0;32mI (198) app_init: Compile time:     Oct 24 2025 21:55:03[0m
[0;32mI (203) app_init: ELF file SHA256:  6df290756...[0m
[0;32mI (208) app_init: ESP-IDF:          v5.5.1[0m
[0;32mI (212) efuse_init: Min chip rev:     v0.0[0m
[0;32mI (215) efuse_init: Max chip rev:     v3.99 [0m
[0;32mI (219) efuse_init: Chip rev:         v3.0[0m
[0;32mI (224) heap_init: Initializing. RAM available for dynamic allocation:[0m
[0;32mI (230) heap_init: At 3FFAE6E0 len 00001920 (6 KiB): DRAM[0m
[0;32mI (235) heap_init: At 3FFB2D60 len 0002D2A0 (180 KiB): DRAM[0m
[0;32mI (240) heap_init: At 3FFE0440 len 00003AE0 (14 KiB): D/IRAM[0m
[0;32mI (245) heap_init: At 3FFE4350 len 0001BCB0 (111 KiB): D/IRAM[0m
[0;32mI (251) heap_init: At 4008D078 len 00012F88 (75 KiB): IRAM[0m
[0;32mI (258) spi_flash: detected chip: generic[0m
[0;32mI (260) spi_flash: flash io: dio[0m
[0;33mW (263) spi_flash: Detected size(4096k) larger than the size in the binary image header(2048k). Using the size in the binary image header.[0m
[0;32mI (276) main_task: Started on CPU0[0m
[0;32mI (286) main_task: Calling app_main()[0m
[0;32mI (286) COUNTING_SEM: Counting Semaphores Lab Starting...[0m
[0;32mI (286) COUNTING_SEM: Counting semaphore created (max count: 3)[0m
[0;32mI (286) COUNTING_SEM: Producer1 started[0m
[0;32mI (296) COUNTING_SEM: üè≠ Producer1: Requesting resource...[0m
[0;32mI (296) COUNTING_SEM: Producer2 started[0m
[0;32mI (296) COUNTING_SEM: üè≠ Producer2: Requesting resource...[0m
[0;32mI (306) COUNTING_SEM: Producer3 started[0m
[0;32mI (306) COUNTING_SEM: üè≠ Producer3: Requesting resource...[0m
[0;32mI (316) COUNTING_SEM: Producer4 started[0m
[0;32mI (316) COUNTING_SEM: üè≠ Producer4: Requesting resource...[0m
[0;32mI (326) COUNTING_SEM: Producer5 started[0m
[0;32mI (326) COUNTING_SEM: üè≠ Producer5: Requesting resource...[0m
[0;32mI (336) COUNTING_SEM: Resource monitor started[0m
[0;32mI (336) COUNTING_SEM: Load generator started[0m
[0;32mI (336) COUNTING_SEM: Statistics task started[0m
[0;32mI (346) COUNTING_SEM: ‚úì Producer1: Acquired resource 1 (wait: 0ms)[0m
[0;32mI (346) COUNTING_SEM: üîß Producer1: Using resource 1 for 2984ms[0m
[0;32mI (356) COUNTING_SEM: ‚úì Producer2: Acquired resource 2 (wait: 0ms)[0m
[0;32mI (366) COUNTING_SEM: ‚úì Producer3: Acquired resource 3 (wait: 0ms)[0m
[0;32mI (366) COUNTING_SEM: üîß Producer2: Using resource 2 for 2471ms[0m
[0;32mI (366) COUNTING_SEM: üîß Producer3: Using resource 3 for 1831ms[0m
[0;32mI (356) COUNTING_SEM: System created with:[0m
[0;32mI (386) COUNTING_SEM:   Resources: 3[0m
[0;32mI (386) COUNTING_SEM:   Producers: 5[0m
[0;32mI (386) COUNTING_SEM:   Initial semaphore count: 3[0m
[0;32mI (396) COUNTING_SEM: [0m
System operational - monitoring resource pool usage!
[0;32mI (2206) COUNTING_SEM: ‚úì Producer3: Released resource 3[0m
[0;32mI (2206) COUNTING_SEM: ‚úì Producer4: Acquired resource 3 (wait: 1830ms)[0m
[0;32mI (2206) COUNTING_SEM: üîß Producer4: Using resource 3 for 1351ms[0m
[0;32mI (2306) main_task: Returned from app_main()[0m
[0;32mI (2846) COUNTING_SEM: ‚úì Producer2: Released resource 2[0m
[0;32mI (2846) COUNTING_SEM: ‚úì Producer5: Acquired resource 2 (wait: 2460ms)[0m
[0;32mI (2846) COUNTING_SEM: üîß Producer5: Using resource 2 for 1532ms[0m
[0;32mI (3336) COUNTING_SEM: ‚úì Producer1: Released resource 1[0m
[0;32mI (3556) COUNTING_SEM: ‚úì Producer4: Released resource 3[0m
[0;32mI (4376) COUNTING_SEM: ‚úì Producer5: Released resource 2[0m
[0;32mI (5336) COUNTING_SEM: [0m
üìä RESOURCE POOL STATUS
[0;32mI (5336) COUNTING_SEM: Available resources: 3/3[0m
[0;32mI (5336) COUNTING_SEM: Resources in use: 0[0m
[0;32mI (5336) COUNTING_SEM:   Resource 1: FREE (Total usage: 1 times)[0m
[0;32mI (5336) COUNTING_SEM:   Resource 2: FREE (Total usage: 2 times)[0m
[0;32mI (5346) COUNTING_SEM:   Resource 3: FREE (Total usage: 2 times)[0m
Pool: [‚ñ°‚ñ°‚ñ°] Available: 3
[0;32mI (5356) COUNTING_SEM: ‚ïê‚ïê‚ïê‚ïê‚ïê‚ïê‚ïê‚ïê‚ïê‚ïê‚ïê‚ïê‚ïê‚ïê‚ïê‚ïê‚ïê‚ïê‚ïê‚ïê‚ïê‚ïê‚ïê‚ïê‚ïê‚ïê‚ïê[0m

[0;32mI (5896) COUNTING_SEM: üè≠ Producer2: Requesting resource...[0m
[0;32mI (5946) COUNTING_SEM: ‚úì Producer2: Acquired resource 1 (wait: 0ms)[0m
[0;32mI (5946) COUNTING_SEM: üîß Producer2: Using resource 1 for 2052ms[0m
[0;32mI (6026) COUNTING_SEM: üè≠ Producer3: Requesting resource...[0m
[0;32mI (6076) COUNTING_SEM: ‚úì Producer3: Acquired resource 2 (wait: 0ms)[0m
[0;32mI (6076) COUNTING_SEM: üîß Producer3: Using resource 2 for 2142ms[0m
[0;32mI (6376) COUNTING_SEM: üè≠ Producer1: Requesting resource...[0m
[0;32mI (6426) COUNTING_SEM: ‚úì Producer1: Acquired resource 3 (wait: 0ms)[0m
[0;32mI (6426) COUNTING_SEM: üîß Producer1: Using resource 3 for 3489ms[0m
[0;32mI (6666) COUNTING_SEM: üè≠ Producer4: Requesting resource...[0m
