Command: C:\Espressif\python_env\idf5.5_py3.11_env\Scripts\python.exe C:\Users\User\esp\v5.5.1\esp-idf\tools/idf_monitor.py -p COM3 -b 115200 --toolchain-prefix xtensa-esp32-elf- --target esp32 --revision 0 D:\STIC 1\Week-13-FreeRTOS_Worksheets\02-tasks-and-scheduling\w02\lab1\Priority\build\Priority.elf D:\STIC 1\Week-13-FreeRTOS_Worksheets\02-tasks-and-scheduling\w02\lab1\Priority\build\bootloader\bootloader.elf --force-color -m 'C:\Espressif\python_env\idf5.5_py3.11_env\Scripts\python.exe' 'C:\Users\User\esp\v5.5.1\esp-idf\tools\idf.py'
ï¿½ï¿½"%=5
[0;32mI (41) boï¿½ets Jul 29 2019 12:21:46[0m

rst:0x1 (POWERON_RESET),boot:0x12 (SPI_FAST_FLASH_BOOT)
configsip: 0, SPIWP:0xee
clk_drv:0x00,q_drv:0x00,d_drv:0x00,cs0_drv:0x00,hd_drv:0x00,wp_drv:0x00
mode:DIO, clock div:2
load:0x3fff0030,len:6380
ho 0 tail 12 room 4
load:0x40078000,len:15916
load:0x40080400,len:3860
entry 0x40080638
[0;32mI (29) boot: ESP-IDF v5.5.1 2nd stage bootloader[0m
[0;32mI (29) boot: compile time Oct 23 2025 16:07:57[0m
[0;32mI (29) boot: Multicore bootloader[0m
[0;32mI (31) boot: chip revision: v3.0[0m
[0;32mI (33) boot.esp32: SPI Speed      : 40MHz[0m
[0;32mI (37) boot.esp32: SPI Mode       : DIO[0m
[0;32mI (41) boot.esp32: SPI Flash Size : 2MB[0m
[0;32mI (44) boot: Enabling RNG early entropy source...[0m
[0;32mI (49) boot: Partition Table:[0m
[0;32mI (51) boot: ## Label            Usage          Type ST Offset   Length[0m
[0;32mI (58) boot:  0 nvs              WiFi data        01 02 00009000 00006000[0m
[0;32mI (64) boot:  1 phy_init         RF data          01 01 0000f000 00001000[0m
[0;32mI (71) boot:  2 factory          factory app      00 00 00010000 00100000[0m
[0;32mI (77) boot: End of partition table[0m
[0;32mI (81) esp_image: segment 0: paddr=00010020 vaddr=3f400020 size=0a530h ( 42288) map[0m
[0;32mI (102) esp_image: segment 1: paddr=0001a558 vaddr=3ffb0000 size=023f8h (  9208) load[0m
[0;32mI (106) esp_image: segment 2: paddr=0001c958 vaddr=40080000 size=036c0h ( 14016) load[0m
[0;32mI (112) esp_image: segment 3: paddr=00020020 vaddr=400d0020 size=14b1ch ( 84764) map[0m
[0;32mI (143) esp_image: segment 4: paddr=00034b44 vaddr=400836c0 size=098f0h ( 39152) load[0m
[0;32mI (158) esp_image: segment 5: paddr=0003e43c vaddr=50000000 size=00020h (    32) load[0m
[0;32mI (165) boot: Loaded app from partition at offset 0x10000[0m
[0;32mI (165) boot: Disabling RNG early entropy source...[0m
[0;32mI (176) cpu_start: Multicore app[0m
[0;32mI (185) cpu_start: Pro cpu start user code[0m
[0;32mI (185) cpu_start: cpu freq: 160000000 Hz[0m
[0;32mI (185) app_init: Application information:[0m
[0;32mI (185) app_init: Project name:     Priority[0m
[0;32mI (189) app_init: App version:      40bce8f-dirty[0m
[0;32mI (193) app_init: Compile time:     Oct 23 2025 16:07:21[0m
[0;32mI (198) app_init: ELF file SHA256:  358496d53...[0m
[0;32mI (203) app_init: ESP-IDF:          v5.5.1[0m
[0;32mI (207) efuse_init: Min chip rev:     v0.0[0m
[0;32mI (210) efuse_init: Max chip rev:     v3.99 [0m
[0;32mI (214) efuse_init: Chip rev:         v3.0[0m
[0;32mI (218) heap_init: Initializing. RAM available for dynamic allocation:[0m
[0;32mI (225) heap_init: At 3FFAE6E0 len 00001920 (6 KiB): DRAM[0m
[0;32mI (230) heap_init: At 3FFB2CD0 len 0002D330 (180 KiB): DRAM[0m
[0;32mI (235) heap_init: At 3FFE0440 len 00003AE0 (14 KiB): D/IRAM[0m
[0;32mI (240) heap_init: At 3FFE4350 len 0001BCB0 (111 KiB): D/IRAM[0m
[0;32mI (246) heap_init: At 4008CFB0 len 00013050 (76 KiB): IRAM[0m
[0;32mI (252) spi_flash: detected chip: generic[0m
[0;32mI (255) spi_flash: flash io: dio[0m
[0;33mW (258) spi_flash: Detected size(4096k) larger than the size in the binary image header(2048k). Using the size in the binary image header.[0m
[0;32mI (270) main_task: Started on CPU0[0m
[0;32mI (280) main_task: Calling app_main()[0m
[0;32mI (280) STEP1_PLUS_ROUNDROBIN: === Step1 + Round-Robin Demo ===[0m
[0;32mI (280) STEP1_PLUS_ROUNDROBIN: High Priority Task started (prio=5)[0m
[0;32mI (280) STEP1_PLUS_ROUNDROBIN: Medium Priority Task started (prio=3)[0m
[0;32mI (290) STEP1_PLUS_ROUNDROBIN: [EQ1] started (prio=2)[0m
[0;32mI (290) STEP1_PLUS_ROUNDROBIN: Control Task started (prio=4)[0m
[0;32mI (290) STEP1_PLUS_ROUNDROBIN: Low Priority Task started (prio=1)[0m
[0;32mI (300) STEP1_PLUS_ROUNDROBIN: [EQ2] started (prio=2)[0m
[0;32mI (300) STEP1_PLUS_ROUNDROBIN: [EQ3] started (prio=2)[0m
[0;32mI (300) STEP1_PLUS_ROUNDROBIN: Press button (GPIO23) to run 10s test. LEDs: 16=High,17=Med,18=Low[0m
[0;32mI (320) main_task: Returned from app_main()[0m
     : DIO
[0;32mI (41) boot.esp32: SPI Flash Size : 2MB[0m
[0;32mI (44) boot: Enabling RNG early entropy source...[0m
[0;32mI (49) boot: Partition Table:[0m
[0;32mI (51) boot: ## Label            Usage          Type ST Offset   Length[0m
[0;32mI (58) boot:  0 nvs              WiFi data        01 02 00009000 00006000[0m
[0;32mI (64) boot:  1 phy_init         RF data          01 01 0000f000 00001000[0m
[0;32mI (71) boot:  2 factory          factory app      00 00 00010000 00100000[0m
[0;32mI (77) boot: End of partition table[0m
[0;32mI (81) esp_image: segment 0: paddr=00010020 vaddr=3f400020 size=0a530h ( 42288) map[0m
[0;32mI (102) esp_image: segment 1: paddr=0001a558 vaddr=3ffb0000 size=023f8h (  9208) load[0m
[0;32mI (106) esp_image: segment 2: paddr=0001c958 vaddr=40080000 size=036c0h ( 14016) load[0m
[0;32mI (112) esp_image: segment 3: paddr=00020020 vaddr=400d0020 size=14b1ch ( 84764) map[0m
[0;32mI (143) esp_image: segment 4: paddr=00034b44 vaddr=400836c0 size=098f0h ( 39152) load[0m
[0;32mI (158) esp_image: segment 5: paddr=0003e43c vaddr=50000000 size=00020h (    32) load[0m
[0;32mI (165) boot: Loaded app from partition at offset 0x10000[0m
[0;32mI (165) boot: Disabling RNG early entropy source...[0m
[0;32mI (176) cpu_start: Multicore app[0m
[0;32mI (185) cpu_start: Pro cpu start user code[0m
[0;32mI (185) cpu_start: cpu freq: 160000000 Hz[0m
[0;32mI (185) app_init: Application information:[0m
[0;32mI (185) app_init: Project name:     Priority[0m
[0;32mI (189) app_init: App version:      40bce8f-dirty[0m
[0;32mI (193) app_init: Compile time:     Oct 23 2025 16:07:21[0m
[0;32mI (198) app_init: ELF file SHA256:  358496d53...[0m
[0;32mI (203) app_init: ESP-IDF:          v5.5.1[0m
[0;32mI (207) efuse_init: Min chip rev:     v0.0[0m
[0;32mI (210) efuse_init: Max chip rev:     v3.99 [0m
[0;32mI (214) efuse_init: Chip rev:         v3.0[0m
[0;32mI (218) heap_init: Initializing. RAM available for dynamic allocation:[0m
[0;32mI (225) heap_init: At 3FFAE6E0 len 00001920 (6 KiB): DRAM[0m
[0;32mI (230) heap_init: At 3FFB2CD0 len 0002D330 (180 KiB): DRAM[0m
[0;32mI (235) heap_init: At 3FFE0440 len 00003AE0 (14 KiB): D/IRAM[0m
[0;32mI (240) heap_init: At 3FFE4350 len 0001BCB0 (111 KiB): D/IRAM[0m
[0;32mI (246) heap_init: At 4008CFB0 len 00013050 (76 KiB): IRAM[0m
[0;32mI (252) spi_flash: detected chip: generic[0m
[0;32mI (255) spi_flash: flash io: dio[0m
[0;33mW (258) spi_flash: Detected size(4096k) larger than the size in the binary image header(2048k). Using the size in the binary image header.[0m
[0;32mI (270) main_task: Started on CPU0[0m
[0;32mI (280) main_task: Calling app_main()[0m
[0;32mI (280) STEP1_PLUS_ROUNDROBIN: === Step1 + Round-Robin Demo ===[0m
[0;32mI (280) STEP1_PLUS_ROUNDROBIN: High Priority Task started (prio=5)[0m
[0;32mI (280) STEP1_PLUS_ROUNDROBIN: Medium Priority Task started (prio=3)[0m
[0;32mI (290) STEP1_PLUS_ROUNDROBIN: [EQ1] started (prio=2)[0m
[0;32mI (290) STEP1_PLUS_ROUNDROBIN: Control Task started (prio=4)[0m
[0;32mI (290) STEP1_PLUS_ROUNDROBIN: Low Priority Task started (prio=1)[0m
[0;32mI (300) STEP1_PLUS_ROUNDROBIN: [EQ2] started (prio=2)[0m
[0;32mI (300) STEP1_PLUS_ROUNDROBIN: [EQ3] started (prio=2)[0m
[0;32mI (300) STEP1_PLUS_ROUNDROBIN: Press button (GPIO23) to run 10s test. LEDs: 16=High,17=Med,18=Low[0m
[0;32mI (320) main_task: Returned from app_main()[0m
