Command: C:\Espressif\python_env\idf5.5_py3.11_env\Scripts\python.exe C:\Users\User\esp\v5.5.1\esp-idf\tools/idf_monitor.py -p COM3 -b 115200 --toolchain-prefix xtensa-esp32-elf- --target esp32 --revision 0 D:\STIC 1\Week-13-FreeRTOS_Worksheets\02-tasks-and-scheduling\w02\lab1\Priority\build\Priority.elf D:\STIC 1\Week-13-FreeRTOS_Worksheets\02-tasks-and-scheduling\w02\lab1\Priority\build\bootloader\bootloader.elf --force-color -m 'C:\Espressif\python_env\idf5.5_py3.11_env\Scripts\python.exe' 'C:\Users\User\esp\v5.5.1\esp-idf\tools\idf.py'
ï¿½  : DIO
[0;32mI (41) boot.esp3ï¿½ets Jul 29 2019 12:21:46[0m

rst:0x1 (POWERON_RESET),boot:0x12 (SPI_FAST_FLASH_BOOT)
configsip: 0, SPIWP:0xee
clk_drv:0x00,q_drv:0x00,d_drv:0x00,cs0_drv:0x00,hd_drv:0x00,wp_drv:0x00
mode:DIO, clock div:2
load:0x3fff0030,len:6380
ho 0 tail 12 room 4
load:0x40078000,len:15916
load:0x40080400,len:3860
entry 0x40080638
[0;32mI (29) boot: ESP-IDF v5.5.1 2nd stage bootloader[0m
[0;32mI (29) boot: compile time Oct 23 2025 16:07:57[0m
[0;32mI (29) boot: Multicore bootloader[0m
[0;32mI (31) boot: chip revision: v3.0[0m
[0;32mI (33) boot.esp32: SPI Speed      : 40MHz[0m
[0;32mI (37) boot.esp32: SPI Mode       : DIO[0m
[0;32mI (41) boot.esp32: SPI Flash Size : 2MB[0m
[0;32mI (44) boot: Enabling RNG early entropy source...[0m
[0;32mI (49) boot: Partition Table:[0m
[0;32mI (51) boot: ## Label            Usage          Type ST Offset   Length[0m
[0;32mI (58) boot:  0 nvs              WiFi data        01 02 00009000 00006000[0m
[0;32mI (64) boot:  1 phy_init         RF data          01 01 0000f000 00001000[0m
[0;32mI (71) boot:  2 factory          factory app      00 00 00010000 00100000[0m
[0;32mI (77) boot: End of partition table[0m
[0;32mI (81) esp_image: segment 0: paddr=00010020 vaddr=3f400020 size=0a610h ( 42512) map[0m
[0;32mI (103) esp_image: segment 1: paddr=0001a638 vaddr=3ffb0000 size=023f8h (  9208) load[0m
[0;32mI (106) esp_image: segment 2: paddr=0001ca38 vaddr=40080000 size=035e0h ( 13792) load[0m
[0;32mI (112) esp_image: segment 3: paddr=00020020 vaddr=400d0020 size=14b18h ( 84760) map[0m
[0;32mI (143) esp_image: segment 4: paddr=00034b40 vaddr=400835e0 size=099d0h ( 39376) load[0m
[0;32mI (158) esp_image: segment 5: paddr=0003e518 vaddr=50000000 size=00020h (    32) load[0m
[0;32mI (165) boot: Loaded app from partition at offset 0x10000[0m
[0;32mI (165) boot: Disabling RNG early entropy source...[0m
[0;32mI (177) cpu_start: Multicore app[0m
[0;32mI (185) cpu_start: Pro cpu start user code[0m
[0;32mI (185) cpu_start: cpu freq: 160000000 Hz[0m
[0;32mI (185) app_init: Application information:[0m
[0;32mI (185) app_init: Project name:     Priority[0m
[0;32mI (189) app_init: App version:      40bce8f-dirty[0m
[0;32mI (193) app_init: Compile time:     Oct 23 2025 16:07:21[0m
[0;32mI (198) app_init: ELF file SHA256:  fc303e747...[0m
[0;32mI (203) app_init: ESP-IDF:          v5.5.1[0m
[0;32mI (207) efuse_init: Min chip rev:     v0.0[0m
[0;32mI (210) efuse_init: Max chip rev:     v3.99 [0m
[0;32mI (214) efuse_init: Chip rev:         v3.0[0m
[0;32mI (219) heap_init: Initializing. RAM available for dynamic allocation:[0m
[0;32mI (225) heap_init: At 3FFAE6E0 len 00001920 (6 KiB): DRAM[0m
[0;32mI (230) heap_init: At 3FFB2CD0 len 0002D330 (180 KiB): DRAM[0m
[0;32mI (235) heap_init: At 3FFE0440 len 00003AE0 (14 KiB): D/IRAM[0m
[0;32mI (240) heap_init: At 3FFE4350 len 0001BCB0 (111 KiB): D/IRAM[0m
[0;32mI (246) heap_init: At 4008CFB0 len 00013050 (76 KiB): IRAM[0m
[0;32mI (253) spi_flash: detected chip: generic[0m
[0;32mI (255) spi_flash: flash io: dio[0m
[0;33mW (258) spi_flash: Detected size(4096k) larger than the size in the binary image header(2048k). Using the size in the binary image header.[0m
[0;32mI (271) main_task: Started on CPU0[0m
[0;32mI (281) main_task: Calling app_main()[0m
[0;32mI (281) PRIORITY_DEMO: === FreeRTOS Priority Scheduling Demo ===[0m
[0;32mI (281) PRIORITY_DEMO: Creating tasks with different priorities...[0m
[0;32mI (281) PRIORITY_DEMO: High Priority Task started (Priority 5)[0m
[0;32mI (291) PRIORITY_DEMO: Medium Priority Task started (Priority 3)[0m
[0;32mI (291) PRIORITY_DEMO: Control Task started[0m
[0;32mI (301) PRIORITY_DEMO: Low Priority Task started (Priority 1)[0m
[0;32mI (301) PRIORITY_DEMO: Press button (GPIO23) to start priority test[0m
[0;32mI (311) PRIORITY_DEMO: Watch LEDs: GPIO16=High, GPIO17=Med, GPIO18=Low[0m
[0;32mI (321) main_task: Returned from app_main()[0m
[0;33mW (18601) PRIORITY_DEMO: === STARTING PRIORITY TEST ===[0m
[0;32mI (18601) PRIORITY_DEMO: Low priority running (1)[0m
[0;32mI (18691) PRIORITY_DEMO: HIGH PRIORITY RUNNING (1)[0m
[0;32mI (18691) PRIORITY_DEMO: Medium priority running (1)[0m
[0;32mI (18901) PRIORITY_DEMO: HIGH PRIORITY RUNNING (2)[0m
[0;32mI (19011) PRIORITY_DEMO: Medium priority running (2)[0m
[0;32mI (19111) PRIORITY_DEMO: HIGH PRIORITY RUNNING (3)[0m
[0;32mI (19261) PRIORITY_DEMO: Low priority running (2)[0m
[0;32mI (19321) PRIORITY_DEMO: HIGH PRIORITY RUNNING (4)[0m
[0;32mI (19331) PRIORITY_DEMO: Medium priority running (3)[0m
[0;32mI (19531) PRIORITY_DEMO: HIGH PRIORITY RUNNING (5)[0m
[0;32mI (19651) PRIORITY_DEMO: Medium priority running (4)[0m
[0;32mI (19741) PRIORITY_DEMO: HIGH PRIORITY RUNNING (6)[0m
[0;32mI (19911) PRIORITY_DEMO: Low priority running (3)[0m
[0;32mI (19951) PRIORITY_DEMO: HIGH PRIORITY RUNNING (7)[0m
[0;32mI (19971) PRIORITY_DEMO: Medium priority running (5)[0m
[0;32mI (20161) PRIORITY_DEMO: HIGH PRIORITY RUNNING (8)[0m
[0;32mI (20291) PRIORITY_DEMO: Medium priority running (6)[0m
[0;32mI (20371) PRIORITY_DEMO: HIGH PRIORITY RUNNING (9)[0m
[0;32mI (20561) PRIORITY_DEMO: Low priority running (4)[0m
[0;32mI (20581) PRIORITY_DEMO: HIGH PRIORITY RUNNING (10)[0m
[0;32mI (20611) PRIORITY_DEMO: Medium priority running (7)[0m
[0;32mI (20791) PRIORITY_DEMO: HIGH PRIORITY RUNNING (11)[0m
[0;32mI (20931) PRIORITY_DEMO: Medium priority running (8)[0m
[0;32mI (21001) PRIORITY_DEMO: HIGH PRIORITY RUNNING (12)[0m
[0;32mI (21211) PRIORITY_DEMO: HIGH PRIORITY RUNNING (13)[0m
[0;32mI (21211) PRIORITY_DEMO: Low priority running (5)[0m
[0;32mI (21251) PRIORITY_DEMO: Medium priority running (9)[0m
[0;32mI (21421) PRIORITY_DEMO: HIGH PRIORITY RUNNING (14)[0m
[0;32mI (21571) PRIORITY_DEMO: Medium priority running (10)[0m
[0;32mI (21631) PRIORITY_DEMO: HIGH PRIORITY RUNNING (15)[0m
[0;32mI (21841) PRIORITY_DEMO: HIGH PRIORITY RUNNING (16)[0m
[0;32mI (21861) PRIORITY_DEMO: Low priority running (6)[0m
[0;32mI (21891) PRIORITY_DEMO: Medium priority running (11)[0m
[0;32mI (22051) PRIORITY_DEMO: HIGH PRIORITY RUNNING (17)[0m
[0;32mI (22211) PRIORITY_DEMO: Medium priority running (12)[0m
[0;32mI (22261) PRIORITY_DEMO: HIGH PRIORITY RUNNING (18)[0m
[0;32mI (22471) PRIORITY_DEMO: HIGH PRIORITY RUNNING (19)[0m
[0;32mI (22511) PRIORITY_DEMO: Low priority running (7)[0m
[0;32mI (22531) PRIORITY_DEMO: Medium priority running (13)[0m
[0;32mI (22681) PRIORITY_DEMO: HIGH PRIORITY RUNNING (20)[0m
[0;32mI (22851) PRIORITY_DEMO: Medium priority running (14)[0m
[0;32mI (22891) PRIORITY_DEMO: HIGH PRIORITY RUNNING (21)[0m
[0;32mI (23101) PRIORITY_DEMO: HIGH PRIORITY RUNNING (22)[0m
[0;32mI (23161) PRIORITY_DEMO: Low priority running (8)[0m
[0;32mI (23171) PRIORITY_DEMO: Medium priority running (15)[0m
[0;32mI (23311) PRIORITY_DEMO: HIGH PRIORITY RUNNING (23)[0m
[0;32mI (23491) PRIORITY_DEMO: Medium priority running (16)[0m
