Command: C:\Espressif\python_env\idf5.5_py3.11_env\Scripts\python.exe C:\Users\User\esp\v5.5.1\esp-idf\tools/idf_monitor.py -p COM3 -b 115200 --toolchain-prefix xtensa-esp32-elf- --target esp32 --revision 0 D:\STIC 1\Week-13-FreeRTOS_Worksheets\02-tasks-and-scheduling\w02\lab1\Priority\build\Priority.elf D:\STIC 1\Week-13-FreeRTOS_Worksheets\02-tasks-and-scheduling\w02\lab1\Priority\build\bootloader\bootloader.elf --force-color -m 'C:\Espressif\python_env\idf5.5_py3.11_env\Scripts\python.exe' 'C:\Users\User\esp\v5.5.1\esp-idf\tools\idf.py'
ï¿½ï¿½"%=5
[0;32mI (41) ï¿½ets Jul 29 2019 12:21:46[0m

rst:0x1 (POWERON_RESET),boot:0x12 (SPI_FAST_FLASH_BOOT)
configsip: 0, SPIWP:0xee
clk_drv:0x00,q_drv:0x00,d_drv:0x00,cs0_drv:0x00,hd_drv:0x00,wp_drv:0x00
mode:DIO, clock div:2
load:0x3fff0030,len:6380
ho 0 tail 12 room 4
load:0x40078000,len:15916
load:0x40080400,len:3860
entry 0x40080638
[0;32mI (29) boot: ESP-IDF v5.5.1 2nd stage bootloader[0m
[0;32mI (29) boot: compile time Oct 23 2025 16:07:57[0m
[0;32mI (29) boot: Multicore bootloader[0m
[0;32mI (31) boot: chip revision: v3.0[0m
[0;32mI (33) boot.esp32: SPI Speed      : 40MHz[0m
[0;32mI (37) boot.esp32: SPI Mode       : DIO[0m
[0;32mI (41) boot.esp32: SPI Flash Size : 2MB[0m
[0;32mI (44) boot: Enabling RNG early entropy source...[0m
[0;32mI (49) boot: Partition Table:[0m
[0;32mI (51) boot: ## Label            Usage          Type ST Offset   Length[0m
[0;32mI (58) boot:  0 nvs              WiFi data        01 02 00009000 00006000[0m
[0;32mI (64) boot:  1 phy_init         RF data          01 01 0000f000 00001000[0m
[0;32mI (71) boot:  2 factory          factory app      00 00 00010000 00100000[0m
[0;32mI (77) boot: End of partition table[0m
[0;32mI (81) esp_image: segment 0: paddr=00010020 vaddr=3f400020 size=0a600h ( 42496) map[0m
[0;32mI (103) esp_image: segment 1: paddr=0001a628 vaddr=3ffb0000 size=023f8h (  9208) load[0m
[0;32mI (106) esp_image: segment 2: paddr=0001ca28 vaddr=40080000 size=035f0h ( 13808) load[0m
[0;32mI (112) esp_image: segment 3: paddr=00020020 vaddr=400d0020 size=14ac0h ( 84672) map[0m
[0;32mI (143) esp_image: segment 4: paddr=00034ae8 vaddr=400835f0 size=099c0h ( 39360) load[0m
[0;32mI (158) esp_image: segment 5: paddr=0003e4b0 vaddr=50000000 size=00020h (    32) load[0m
[0;32mI (165) boot: Loaded app from partition at offset 0x10000[0m
[0;32mI (165) boot: Disabling RNG early entropy source...[0m
[0;32mI (177) cpu_start: Multicore app[0m
[0;32mI (185) cpu_start: Pro cpu start user code[0m
[0;32mI (185) cpu_start: cpu freq: 160000000 Hz[0m
[0;32mI (185) app_init: Application information:[0m
[0;32mI (185) app_init: Project name:     Priority[0m
[0;32mI (189) app_init: App version:      40bce8f-dirty[0m
[0;32mI (193) app_init: Compile time:     Oct 23 2025 16:07:21[0m
[0;32mI (199) app_init: ELF file SHA256:  1cf372e3d...[0m
[0;32mI (203) app_init: ESP-IDF:          v5.5.1[0m
[0;32mI (207) efuse_init: Min chip rev:     v0.0[0m
[0;32mI (210) efuse_init: Max chip rev:     v3.99 [0m
[0;32mI (214) efuse_init: Chip rev:         v3.0[0m
[0;32mI (219) heap_init: Initializing. RAM available for dynamic allocation:[0m
[0;32mI (225) heap_init: At 3FFAE6E0 len 00001920 (6 KiB): DRAM[0m
[0;32mI (230) heap_init: At 3FFB2CD0 len 0002D330 (180 KiB): DRAM[0m
[0;32mI (235) heap_init: At 3FFE0440 len 00003AE0 (14 KiB): D/IRAM[0m
[0;32mI (240) heap_init: At 3FFE4350 len 0001BCB0 (111 KiB): D/IRAM[0m
[0;32mI (246) heap_init: At 4008CFB0 len 00013050 (76 KiB): IRAM[0m
[0;32mI (253) spi_flash: detected chip: generic[0m
I (255) spi_flash: flash io: dio
[0;33mW (258) spi_flash: Detected size(4096k) larger than the size in the binary image header(2048k). Using the size in the binary image header.[0m
[0;32mI (271) main_task: Started on CPU0[0m
[0;32mI (281) main_task: Calling app_main()[0m
[0;32mI (281) PRIORITY_DEMO: === FreeRTOS Priority Scheduling Demo ===[0m
[0;32mI (281) PRIORITY_DEMO: Creating tasks with different priorities...[0m
[0;32mI (281) PRIORITY_DEMO: High Priority Task started (Priority 5)[0m
[0;32mI (291) PRIORITY_DEMO: Medium Priority Task started (Priority 3)[0m
[0;32mI (291) PRIORITY_DEMO: Control Task started[0m
[0;32mI (301) PRIORITY_DEMO: Low Priority Task started (Priority 1)[0m
[0;32mI (301) PRIORITY_DEMO: Press button to start priority test[0m
[0;32mI (311) PRIORITY_DEMO: Watch LEDs: GPIO2=High, GPIO4=Med, GPIO5=Low priority[0m
[0;32mI (321) main_task: Returned from app_main()[0m
[0;33mW (95501) PRIORITY_DEMO: === STARTING PRIORITY TEST ===[0m
[0;32mI (95501) PRIORITY_DEMO: Low priority running (1)[0m
[0;32mI (95591) PRIORITY_DEMO: HIGH PRIORITY RUNNING (1)[0m
[0;32mI (95591) PRIORITY_DEMO: Medium priority running (1)[0m
[0;32mI (95791) PRIORITY_DEMO: HIGH PRIORITY RUNNING (2)[0m
[0;32mI (95901) PRIORITY_DEMO: Medium priority running (2)[0m
[0;32mI (95991) PRIORITY_DEMO: HIGH PRIORITY RUNNING (3)[0m
[0;32mI (96111) PRIORITY_DEMO: Low priority running (2)[0m
[0;32mI (96191) PRIORITY_DEMO: HIGH PRIORITY RUNNING (4)[0m
[0;32mI (96211) PRIORITY_DEMO: Medium priority running (3)[0m
[0;32mI (96391) PRIORITY_DEMO: HIGH PRIORITY RUNNING (5)[0m
[0;32mI (96521) PRIORITY_DEMO: Medium priority running (4)[0m
[0;32mI (96591) PRIORITY_DEMO: HIGH PRIORITY RUNNING (6)[0m
[0;32mI (96731) PRIORITY_DEMO: Low priority running (3)[0m
[0;32mI (96791) PRIORITY_DEMO: HIGH PRIORITY RUNNING (7)[0m
[0;32mI (96831) PRIORITY_DEMO: Medium priority running (5)[0m
[0;32mI (96991) PRIORITY_DEMO: HIGH PRIORITY RUNNING (8)[0m
[0;32mI (97141) PRIORITY_DEMO: Medium priority running (6)[0m
[0;32mI (97191) PRIORITY_DEMO: HIGH PRIORITY RUNNING (9)[0m
[0;32mI (97351) PRIORITY_DEMO: Low priority running (4)[0m
[0;32mI (97391) PRIORITY_DEMO: HIGH PRIORITY RUNNING (10)[0m
[0;32mI (97451) PRIORITY_DEMO: Medium priority running (7)[0m
[0;32mI (97591) PRIORITY_DEMO: HIGH PRIORITY RUNNING (11)[0m
[0;32mI (97761) PRIORITY_DEMO: Medium priority running (8)[0m
[0;32mI (97791) PRIORITY_DEMO: HIGH PRIORITY RUNNING (12)[0m
[0;32mI (97971) PRIORITY_DEMO: Low priority running (5)[0m
[0;32mI (97991) PRIORITY_DEMO: HIGH PRIORITY RUNNING (13)[0m
[0;32mI (98071) PRIORITY_DEMO: Medium priority running (9)[0m
[0;32mI (98191) PRIORITY_DEMO: HIGH PRIORITY RUNNING (14)[0m
[0;32mI (98381) PRIORITY_DEMO: Medium priority running (10)[0m
[0;32mI (98391) PRIORITY_DEMO: HIGH PRIORITY RUNNING (15)[0m
[0;32mI (98591) PRIORITY_DEMO: HIGH PRIORITY RUNNING (16)[0m
[0;32mI (98591) PRIORITY_DEMO: Low priority running (6)[0m
[0;32mI (98691) PRIORITY_DEMO: Medium priority running (11)[0m
[0;32mI (98791) PRIORITY_DEMO: HIGH PRIORITY RUNNING (17)[0m
[0;32mI (98991) PRIORITY_DEMO: HIGH PRIORITY RUNNING (18)[0m
[0;32mI (99001) PRIORITY_DEMO: Medium priority running (12)[0m
[0;32mI (99191) PRIORITY_DEMO: HIGH PRIORITY RUNNING (19)[0m
[0;32mI (99201) PRIORITY_DEMO: Low priority running (7)[0m
[0;32mI (99311) PRIORITY_DEMO: Medium priority running (13)[0m
[0;32mI (99391) PRIORITY_DEMO: HIGH PRIORITY RUNNING (20)[0m
[0;32mI (99591) PRIORITY_DEMO: HIGH PRIORITY RUNNING (21)[0m
[0;32mI (99621) PRIORITY_DEMO: Medium priority running (14)[0m
[0;32mI (99791) PRIORITY_DEMO: HIGH PRIORITY RUNNING (22)[0m
[0;32mI (99801) PRIORITY_DEMO: Low priority running (8)[0m
[0;32mI (99931) PRIORITY_DEMO: Medium priority running (15)[0m
[0;32mI (99991) PRIORITY_DEMO: HIGH PRIORITY RUNNING (23)[0m
[0;32mI (100191) PRIORITY_DEMO: HIGH PRIORITY RUNNING (24)[0m
[0;32mI (100241) PRIORITY_DEMO: Medium priority running (16)[0m
[0;32mI (100391) PRIORITY_DEMO: HIGH PRIORITY RUNNING (25)[0m
[0;32mI (100401) PRIORITY_DEMO: Low priority running (9)[0m
[0;32mI (100551) PRIORITY_DEMO: Medium priority running (17)[0m
[0;32mI (100591) PRIORITY_DEMO: HIGH PRIORITY RUNNING (26)[0m
[0;32mI (100791) PRIORITY_DEMO: HIGH PRIORITY RUNNING (27)[0m
[0;32mI (100861) PRIORITY_DEMO: Medium priority running (18)[0m
[0;32mI (100991) PRIORITY_DEMO: HIGH PRIORITY RUNNING (28)[0m
[0;32mI (101001) PRIORITY_DEMO: Low priority running (10)[0m
[0;32mI (101171) PRIORITY_DEMO: Medium priority running (19)[0m
[0;32mI (101191) PRIORITY_DEMO: HIGH PRIORITY RUNNING (29)[0m
[0;32mI (101391) PRIORITY_DEMO: HIGH PRIORITY RUNNING (30)[0m
[0;32mI (101481) PRIORITY_DEMO: Medium priority running (20)[0m
[0;32mI (101591) PRIORITY_DEMO: HIGH PRIORITY RUNNING (31)[0m
[0;32mI (101601) PRIORITY_DEMO: Low priority running (11)[0m
[0;32mI (101791) PRIORITY_DEMO: HIGH PRIORITY RUNNING (32)[0m
[0;32mI (101791) PRIORITY_DEMO: Medium priority running (21)[0m
[0;32mI (101991) PRIORITY_DEMO: HIGH PRIORITY RUNNING (33)[0m
[0;32mI (102101) PRIORITY_DEMO: Medium priority running (22)[0m
[0;32mI (102191) PRIORITY_DEMO: HIGH PRIORITY RUNNING (34)[0m
[0;32mI (102201) PRIORITY_DEMO: Low priority running (12)[0m
[0;32mI (102391) PRIORITY_DEMO: HIGH PRIORITY RUNNING (35)[0m
[0;32mI (102411) PRIORITY_DEMO: Medium priority running (23)[0m
[0;32mI (102591) PRIORITY_DEMO: HIGH PRIORITY RUNNING (36)[0m
[0;32mI (102721) PRIORITY_DEMO: Medium priority running (24)[0m
[0;32mI (102791) PRIORITY_DEMO: HIGH PRIORITY RUNNING (37)[0m
[0;32mI (102801) PRIORITY_DEMO: Low priority running (13)[0m
[0;32mI (102991) PRIORITY_DEMO: HIGH PRIORITY RUNNING (38)[0m
[0;32mI (103031) PRIORITY_DEMO: Medium priority running (25)[0m
[0;32mI (103191) PRIORITY_DEMO: HIGH PRIORITY RUNNING (39)[0m
[0;32mI (103341) PRIORITY_DEMO: Medium priority running (26)[0m
[0;32mI (103391) PRIORITY_DEMO: HIGH PRIORITY RUNNING (40)[0m
[0;32mI (103401) PRIORITY_DEMO: Low priority running (14)[0m
[0;32mI (103591) PRIORITY_DEMO: HIGH PRIORITY RUNNING (41)[0m
[0;32mI (103651) PRIORITY_DEMO: Medium priority running (27)[0m
[0;32mI (103791) PRIORITY_DEMO: HIGH PRIORITY RUNNING (42)[0m
[0;32mI (103961) PRIORITY_DEMO: Medium priority running (28)[0m
[0;32mI (103991) PRIORITY_DEMO: HIGH PRIORITY RUNNING (43)[0m
[0;32mI (104001) PRIORITY_DEMO: Low priority running (15)[0m
[0;32mI (104191) PRIORITY_DEMO: HIGH PRIORITY RUNNING (44)[0m
[0;32mI (104271) PRIORITY_DEMO: Medium priority running (29)[0m
[0;32mI (104391) PRIORITY_DEMO: HIGH PRIORITY RUNNING (45)[0m
[0;32mI (104581) PRIORITY_DEMO: Medium priority running (30)[0m
[0;32mI (104591) PRIORITY_DEMO: HIGH PRIORITY RUNNING (46)[0m
[0;32mI (104601) PRIORITY_DEMO: Low priority running (16)[0m
[0;32mI (104791) PRIORITY_DEMO: HIGH PRIORITY RUNNING (47)[0m
[0;32mI (104891) PRIORITY_DEMO: Medium priority running (31)[0m
